01-01 14:13:35.310 W/ContextImpl( 1982): Calling a method in the system process without a qualified user: android.app.ContextImpl.sendStickyBroadcast:1294 android.net.EthernetDataTracker.sendEthIfaceStateChangedBroadcast:116 android.net.EthernetDataTracker.interfaceUp:170 android.net.EthernetDataTracker.enableEthIface:649 com.android.server.EthernetService.setEthernetEnabled:103 
01-01 14:13:35.320 I/        ( 1982): PLATFORM VERSION : JB-MR-2
01-01 14:13:35.320 I/WindowManager( 1982): SAFE MODE not enabled
01-01 14:13:35.320 W/Vibrator( 1982): Failed to vibrate; no vibrator service.
01-01 14:13:35.325 D/dalvikvm( 1982): JIT started for system_server
01-01 14:13:35.355 D/Atlas   ( 1982): Rendered atlas in 35.46ms (1.50+33.96ms)
01-01 14:13:35.360 I/Zygote  ( 1982): Process: zygote socket opened
01-01 14:13:35.360 D/Nat464Xlat( 1982): requiresClat: netType=9, hasIPv4Address=false
01-01 14:13:35.360 D/ConnectivityService( 1982): ConnectivityChange for ETHERNET: DISCONNECTED/DISCONNECTED
01-01 14:13:35.365 D/CommandListener( 1548): Clearing all IP addresses on eth0
01-01 14:13:35.365 D/Nat464Xlat( 1982): requiresClat: netType=9, hasIPv4Address=false
01-01 14:13:35.365 W/ContextImpl( 1982): Calling a method in the system process without a qualified user: android.app.ContextImpl.sendStickyBroadcast:1294 android.net.EthernetDataTracker.sendEthStateChangedBroadcast:108 android.net.EthernetDataTracker.disconnect:234 android.net.EthernetDataTracker$InterfaceObserver.interfaceLinkStateChanged:145 com.android.server.NetworkManagementService.notifyInterfaceLinkStateChanged:263 
01-01 14:13:35.375 V/KeyguardServiceDelegate( 1982): *** Keyguard started
01-01 14:13:35.375 V/KeyguardServiceDelegate( 1982): onSystemReady() called before keyguard service was ready
01-01 14:13:35.375 I/ActivityManager( 1982): Start proc com.android.systemui for service com.android.keyguard/.KeyguardService: pid=2041 uid=10004 gids={50004, 1028, 1015, 1023, 1035, 3002, 3001}
01-01 14:13:35.385 D/Ethernet( 1982): Interface eth0 link down
01-01 14:13:35.395 I/AppOps  ( 1982): Pruning old package media/1013: new uid=-1
01-01 14:13:35.395 I/ActivityManager( 1982): System now ready
01-01 14:13:35.395 I/SystemServer( 1982): Making services ready
01-01 14:13:35.400 W/MountService( 1982): Duplicate state transition (mounted -> mounted) for /storage/emulated/0
01-01 14:13:35.400 D/NetworkManagementService( 1982): enabling bandwidth control
01-01 14:13:35.485 V/KeyguardService( 2041): onCreate()
01-01 14:13:35.495 I/EXYNOS_COMP_REGS( 1553): Loading the library: libOMX.Exynos.AVC.Decoder.so
01-01 14:13:35.500 I/EXYNOS_COMP_REGS( 1553): Loading the library: libOMX.Exynos.AVC.Encoder.so
01-01 14:13:35.505 I/EXYNOS_COMP_REGS( 1553): Loading the library: libOMX.Exynos.MPEG2.Decoder.so
01-01 14:13:35.510 I/EXYNOS_COMP_REGS( 1553): Loading the library: libOMX.Exynos.MPEG4.Decoder.so
01-01 14:13:35.510 I/EXYNOS_COMP_REGS( 1553): Loading the library: libOMX.Exynos.MPEG4.Encoder.so
01-01 14:13:35.520 I/EXYNOS_COMP_REGS( 1553): Loading the library: libOMX.Exynos.VP8.Decoder.so
01-01 14:13:35.520 I/EXYNOS_COMP_REGS( 1553): Loading the library: libOMX.Exynos.VP8.Encoder.so
01-01 14:13:35.525 I/EXYNOS_COMP_REGS( 1553): Loading the library: libOMX.Exynos.WMV.Decoder.so
01-01 14:13:35.530 E/OMXMaster( 1553): A component of name '' already exists, ignoring this one.
01-01 14:13:35.530 E/OMXMaster( 1553): A component of name '' already exists, ignoring this one.
01-01 14:13:35.530 E/OMXMaster( 1553): A component of name '' already exists, ignoring this one.
01-01 14:13:35.530 E/OMXMaster( 1553): A component of name '' already exists, ignoring this one.
01-01 14:13:35.530 E/OMXMaster( 1553): A component of name '' already exists, ignoring this one.
01-01 14:13:35.530 E/OMXMaster( 1553): A component of name '' already exists, ignoring this one.
01-01 14:13:35.540 I/pxtr_util( 1553): =============PRESTOMEDIA MODULE VERSION=============
01-01 14:13:35.540 I/pxtr_util( 1553):              MAJOR_VERSION #: 4
01-01 14:13:35.540 I/pxtr_util( 1553):              MINOR_VERSION #: 4
01-01 14:13:35.540 I/pxtr_util( 1553):              BUILD_NUMBER  #: 8983
01-01 14:13:35.540 I/pxtr_util( 1553):            BUILD_TIME    #: 01/2014/09 11:09:10
01-01 14:13:35.540 D/SystemUIService( 2041): loading: class com.android.systemui.recent.Recents
01-01 14:13:35.540 D/SystemUIService( 2041): running: com.android.systemui.recent.Recents@41e1afb0
01-01 14:13:35.540 D/SystemUIService( 2041): loading: class com.android.systemui.statusbar.SystemBars
01-01 14:13:35.540 D/SystemUIService( 2041): running: com.android.systemui.statusbar.SystemBars@41e1b598
01-01 14:13:35.545 D/SystemUIService( 2041): loading: class com.android.systemui.usb.StorageNotification
01-01 14:13:35.545 D/SystemUIService( 2041): running: com.android.systemui.usb.StorageNotification@41e1d358
01-01 14:13:35.550 D/SystemUIService( 2041): loading: class com.android.systemui.power.PowerUI
01-01 14:13:35.550 D/SystemUIService( 2041): running: com.android.systemui.power.PowerUI@41e1eac8
01-01 14:13:35.550 D/SystemUIService( 2041): loading: class com.android.systemui.media.RingtonePlayer
01-01 14:13:35.550 D/SystemUIService( 2041): running: com.android.systemui.media.RingtonePlayer@41e1feb8
01-01 14:13:35.550 D/SystemUIService( 2041): loading: class com.android.systemui.settings.SettingsUI
01-01 14:13:35.550 D/SystemUIService( 2041): running: com.android.systemui.settings.SettingsUI@41e211a0
01-01 14:13:35.555 I/OMXCodec( 1553): Attempting to allocate OMX node 'OMX.google.vorbis.decoder' mime='audio/vorbis'
01-01 14:13:35.570 I/StatusBarManagerService( 1982): registerStatusBar bar=com.android.internal.statusbar.IStatusBar$Stub$Proxy@41e4ab10
01-01 14:13:35.575 D/PhoneStatusBar( 2041): mSettingsPanelGravity = 8388661
01-01 14:13:35.585 D/Nat464Xlat( 1982): requiresClat: netType=9, hasIPv4Address=false
01-01 14:13:35.585 D/ConnectivityService( 1982): ConnectivityChange for ETHERNET: DISCONNECTED/DISCONNECTED
01-01 14:13:35.585 D/CommandListener( 1548): Clearing all IP addresses on eth0
01-01 14:13:35.585 D/Nat464Xlat( 1982): requiresClat: netType=9, hasIPv4Address=false
01-01 14:13:35.590 W/ContextImpl( 1982): Calling a method in the system process without a qualified user: android.app.ContextImpl.sendStickyBroadcast:1294 android.net.EthernetDataTracker.sendEthStateChangedBroadcast:108 android.net.EthernetDataTracker.disconnect:234 android.net.EthernetDataTracker$InterfaceObserver.interfaceLinkStateChanged:145 com.android.server.NetworkManagementService.notifyInterfaceLinkStateChanged:263 
01-01 14:13:35.595 I/OMXCodec( 1553): Attempting to allocate OMX node 'OMX.google.vorbis.decoder' mime='audio/vorbis'
01-01 14:13:35.605 W/BroadcastQueue( 1982): Permission Denial: broadcasting Intent { act=android.net.conn.CONNECTIVITY_CHANGE_IMMEDIATE flg=0x4000010 (has extras) } from null (pid=-1, uid=-1) requires android.permission.CONNECTIVITY_INTERNAL due to registered receiver BroadcastFilter{41f59168 u0 ReceiverList{41f59108 1982 system/1000/u0 local:41fc20a8}}
01-01 14:13:35.635 W/BroadcastQueue( 1982): Permission Denial: broadcasting Intent { act=android.net.conn.CONNECTIVITY_CHANGE_IMMEDIATE flg=0x4000010 (has extras) } from null (pid=-1, uid=-1) requires android.permission.CONNECTIVITY_INTERNAL due to registered receiver BroadcastFilter{41fc7658 u0 ReceiverList{41fc71e0 1982 system/1000/u0 local:41fc6fc8}}
01-01 14:13:35.700 W/ContextImpl( 1982): Calling a method in the system process without a qualified user: android.app.ContextImpl.sendBroadcast:1136 com.android.server.usb.UsbSettingsManager.deviceAttached:621 com.android.server.usb.UsbHostManager.usbDeviceAdded:156 com.android.server.usb.UsbHostManager.monitorUsbHostBus:-2 com.android.server.usb.UsbHostManager.access$000:38 
01-01 14:13:35.700 I/ActivityManager( 1982): Start proc android.process.media for broadcast com.android.providers.media/.MtpReceiver: pid=2116 uid=10002 gids={50002, 1028, 1015, 1023, 1024, 2001, 3003, 3007}
01-01 14:13:35.700 I/ActivityManager( 1982): Config changes=200 {1.0 ?mcc?mnc zh_CN ldltr sw720dp w1280dp h695dp 160dpi xlrg long land -touch -keyb/v/h -nav/h s.4}
01-01 14:13:35.710 W/RecognitionManagerService( 1982): no available voice recognition services found for user 0
01-01 14:13:35.735 W/InputMethodManagerService( 1982): Ignoring setImeWindowStatus of uid 1000 token: null
01-01 14:13:35.755 I/ActivityManager( 1982): Start proc com.android.inputmethod.latin for service com.android.inputmethod.latin/.LatinIME: pid=2131 uid=10013 gids={50013, 1028, 1015, 1023}
01-01 14:13:35.755 V/InputMethodManagerService( 1982): Adding window token: android.os.Binder@41ffa078
01-01 14:13:35.765 I/CommonTimeManagementService( 1982): No common time service detected on this platform.  Common time services will be unavailable.
01-01 14:13:35.765 I/InputReader( 1982): Reconfiguring input devices.  changes=0x00000020
01-01 14:13:35.770 I/InputReader( 1982): Reconfiguring input devices.  changes=0x00000010
01-01 14:13:35.780 I/ActivityManager( 1982): Start proc com.evideo.kcamservice for added application com.evideo.kcamservice: pid=2144 uid=1000 gids={41000, 1028, 1015, 1023, 3002, 3001, 3003, 2001, 1024}
01-01 14:13:35.800 I/ActivityManager( 1982): Start proc com.evideo.recordscreenservice for added application com.evideo.recordscreenservice: pid=2158 uid=1000 gids={41000, 1028, 1015, 1023, 3002, 3001, 3003, 2001, 1024}
01-01 14:13:35.800 I/ActivityManager( 1982): START u0 {act=android.intent.action.MAIN cat=[android.intent.category.HOME] flg=0x10000000 cmp=com.evideo.home/.Home} from pid 0
01-01 14:13:35.815 I/ActivityManager( 1982): Start proc com.evideo.home for activity com.evideo.home/.Home: pid=2172 uid=10021 gids={50021, 3003}
01-01 14:13:35.855 I/Choreographer( 1982): Skipped 30 frames!  The application may be doing too much work on its main thread.
01-01 14:13:35.855 V/KeyguardServiceDelegate( 1982): *** Keyguard connected (yay!)
01-01 14:13:35.855 W/InputMethodManagerService( 1982): Focus gain on non-focused client android.view.inputmethod.InputMethodManager$1@41f9e3b8 (uid=1000 pid=1982)
01-01 14:13:35.860 E/BluetoothAdapter( 2041): Bluetooth binder is null
01-01 14:13:35.860 E/BluetoothAdapter( 2041): Bluetooth binder is null
01-01 14:13:35.880 E/BluetoothAdapter( 2041): Bluetooth binder is null
01-01 14:13:35.910 V/BackupManagerService( 1982): Connected to transport ComponentInfo{android/com.android.internal.backup.LocalTransportService}
01-01 14:13:35.910 V/BackupManagerService( 1982): Registering transport android/com.android.internal.backup.LocalTransportService::android/com.android.internal.backup.LocalTransport = com.android.internal.backup.LocalTransport@41ff4de0
01-01 14:13:35.920 I/LatinIME( 2131): Hardware accelerated drawing: true
01-01 14:13:35.950 E/BluetoothAdapter( 2041): Bluetooth binder is null
01-01 14:13:36.010 D/PhoneStatusBar( 2041): disable: < expand icons alerts ticker system_info back home recent clock search >
01-01 14:13:36.015 E/ActivityThread( 2041): Failed to find provider info for com.android.contacts
01-01 14:13:36.020 W/InputAttributes( 2131): No editor info for this field. Bug?
01-01 14:13:36.025 W/Vibrator( 2131): Failed to vibrate; no vibrator service.
01-01 14:13:36.030 I/ResourceUtils( 2131): Found default value: resource=keypress_vibration_durations build=[HARDWARE=mocha-t5260 MODEL=kcam BRAND=eVideo MANUFACTURER=Star-Net eVideo] default=-1
01-01 14:13:36.030 I/ResourceUtils( 2131): Found default value: resource=keypress_volumes build=[HARDWARE=mocha-t5260 MODEL=kcam BRAND=eVideo MANUFACTURER=Star-Net eVideo] default=-1.0f
01-01 14:13:36.050 I/LatinIME:LogUtils( 2131): Dictionary info: dictionary = userunigram.en_US.dict ; version = ? ; date = ?
01-01 14:13:36.050 I/ActivityManager( 1982): Start proc android.process.acore for content provider com.android.providers.userdictionary/.UserDictionaryProvider: pid=2198 uid=10019 gids={50019}
01-01 14:13:36.080 E/BluetoothAdapter( 2041): Bluetooth binder is null
01-01 14:13:36.090 D/PhoneStatusBar( 2041): heads up is disabled
01-01 14:13:36.090 I/ActivityManager( 1982): Start proc android.kcam.update.service for broadcast android.kcam.update.service/.KCamUpdateReceiver: pid=2211 uid=1000 gids={41000, 1028, 1015, 1023, 3002, 3001, 3003, 2001, 1024}
01-01 14:13:36.095 I/        ( 2172): PLATFORM VERSION : JB-MR-2
01-01 14:13:36.100 D/PhoneStatusBar( 2041): mSettingsPanelGravity = 8388661
01-01 14:13:36.105 I/LatinIME:LogUtils( 2131): Dictionary info: dictionary = main:en ; version = 42 ; date = 1381226429
01-01 14:13:36.145 D/mali_winsys( 2172): new_window_surface returns 0x3000
01-01 14:13:36.175 D/OpenGLRenderer( 2172): Enabling debug mode 0
01-01 14:13:36.185 I/LatinIME:LogUtils( 2131): Dictionary info: dictionary = UserHistoryDictionary.en_US.dic ; version = ? ; date = 1357231569
01-01 14:13:36.185 I/LatinIME:LogUtils( 2131): Dictionary info: dictionary = personalization.en_US.dict ; version = ? ; date = 1356998417
01-01 14:13:36.190 I/LatinIME:LogUtils( 2131): Dictionary info: dictionary = PersonalizationPredictionDictio ; version = ? ; date = 1356998417
01-01 14:13:36.240 I/        ( 2041): PLATFORM VERSION : JB-MR-2
01-01 14:13:36.250 D/mali_winsys( 2041): new_window_surface returns 0x3000
01-01 14:13:36.265 D/OpenGLRenderer( 2041): Enabling debug mode 0
01-01 14:13:36.280 I/ActivityManager( 1982): Displayed com.evideo.home/.Home: +473ms
01-01 14:13:36.285 V/KeyguardServiceDelegate( 1982): **** SHOWN CALLED ****
01-01 14:13:36.385 I/dalvikvm-heap( 2041): Grow heap (frag case) to 13.033MB for 9830416-byte allocation
01-01 14:13:36.455 D/dalvikvm( 2041): WAIT_FOR_CONCURRENT_GC blocked 4ms
01-01 14:13:36.475 I/dalvikvm-heap( 2041): Grow heap (frag case) to 19.283MB for 6553616-byte allocation
01-01 14:13:36.485 D/AndroidRuntime( 2250): 
01-01 14:13:36.485 D/AndroidRuntime( 2250): >>>>>> AndroidRuntime START com.android.internal.os.RuntimeInit <<<<<<
01-01 14:13:36.485 D/AndroidRuntime( 2250): CheckJNI is ON
01-01 14:13:36.485 D/dalvikvm( 2041): WAIT_FOR_CONCURRENT_GC blocked 4ms
01-01 14:13:36.500 D/dalvikvm( 2250): Trying to load lib libjavacore.so 0x0
01-01 14:13:36.505 D/mali_winsys( 2041): new_window_surface returns 0x3000
01-01 14:13:36.505 D/dalvikvm( 2250): Added shared lib libjavacore.so 0x0
01-01 14:13:36.510 D/dalvikvm( 2250): Trying to load lib libnativehelper.so 0x0
01-01 14:13:36.510 D/dalvikvm( 2250): Added shared lib libnativehelper.so 0x0
01-01 14:13:36.510 D/dalvikvm( 2250): No JNI_OnLoad found in libnativehelper.so 0x0, skipping init
01-01 14:13:36.545 D/dalvikvm( 2250): Note: class Landroid/app/ActivityManagerNative; has 179 unimplemented (abstract) methods
01-01 14:13:36.570 I/SurfaceFlinger( 1550): Boot is finished (7030 ms)
01-01 14:13:36.570 D/SurfaceFlinger( 1550): boot finished. Inform HWC
01-01 14:13:36.570 D/hwcomposer( 1550): Boot Finished
01-01 14:13:36.620 E/BluetoothAdapter( 1982): Bluetooth binder is null
01-01 14:13:36.620 E/BluetoothAdapter( 1982): Bluetooth binder is null
01-01 14:13:36.625 W/Searchables( 1982): No global search activity found
01-01 14:13:36.625 V/WiredAccessoryManager( 1982): init()
01-01 14:13:36.640 I/PowerManagerService( 1982): Boot animation finished.
01-01 14:13:36.670 D/dalvikvm( 2263): Not late-enabling CheckJNI (already on)
01-01 14:13:36.670 E/memtrack( 2250): Couldn't load memtrack module (No such file or directory)
01-01 14:13:36.670 E/android.os.Debug( 2250): failed to load memtrack module: -2
01-01 14:13:36.670 I/ActivityManager( 1982): Start proc com.example.kkfactory for broadcast com.example.kkfactory/com.example.receiver.BootReceiver: pid=2263 uid=1000 gids={41000, 1028, 1015, 1023, 3002, 3001, 3003, 2001, 1024}
01-01 14:13:36.735 D/AndroidRuntime( 2250): Calling main entry com.android.commands.am.Am
01-01 14:13:36.750 I/ActivityManager( 1982): START u0 {flg=0x10000000 cmp=com.evideo.recordscreenservice/.MainActivity} from pid 2250
01-01 14:13:36.755 D/PermissionCache( 1550): checking android.permission.READ_FRAME_BUFFER for uid=1000 => granted (199 us)
01-01 14:13:36.760 I/OMXCodec( 1553): Attempting to allocate OMX node 'OMX.google.vorbis.decoder' mime='audio/vorbis'
01-01 14:13:36.765 D/BootReceiver( 2263): ACTION_BOOT_COMPLETED
01-01 14:13:36.775 D/BootReceiver( 2263): parse factory_config.xml ok
01-01 14:13:36.775 D/BootReceiver( 2263): parse devices:device ok
01-01 14:13:36.775 D/BootReceiver( 2263): sd1:/sys/devices/platform/dw_mmc.2/mmc_host/mmc2,/mnt/media_rw/sdcard1
01-01 14:13:36.775 D/BootReceiver( 2263): flash1:/sys/devices/virtual/mtd/mtd9/mtdblock9,/mnt/shell/emulated
01-01 14:13:36.780 D/BootReceiver( 2263): usb1:/sys/devices/platform/s5p-ehci/usb1/1-1/1-1.1,/mnt/media_rw
01-01 14:13:36.780 D/BootReceiver( 2263): usb0:/sys/devices/platform/exynos-dwc3.0/exynos-xhci.0/usb2/2-1,/mnt/media_rw
01-01 14:13:36.790 D/BootReceiver( 2263): usb2:/sys/devices/platform/s5p-ehci/usb1/1-1/1-1.2,/mnt/media_rw
01-01 14:13:36.790 D/BootReceiver( 2263): parse boot_device:usb1 ok
01-01 14:13:36.790 D/BootReceiver( 2263): usb1:/sys/devices/platform/s5p-ehci/usb1/1-1/1-1.1,/mnt/media_rw
01-01 14:13:36.795 D/AndroidRuntime( 2250): Shutting down VM
01-01 14:13:36.825 I/OMXCodec( 1553): Attempting to allocate OMX node 'OMX.google.vorbis.decoder' mime='audio/vorbis'
01-01 14:13:36.825 I/RecoverySystem( 1982): No recovery log file
01-01 14:13:36.865 I/BootReceiver( 1982): Copying /proc/last_kmsg to DropBox (SYSTEM_LAST_KMSG)
01-01 14:13:36.890 I/BootReceiver( 1982): Copying audit failures to DropBox
01-01 14:13:36.895 I/OMXCodec( 1553): Attempting to allocate OMX node 'OMX.google.vorbis.decoder' mime='audio/vorbis'
01-01 14:13:36.905 D/dalvikvm( 1982): WAIT_FOR_CONCURRENT_GC blocked 18ms
01-01 14:13:36.910 D/dalvikvm( 1982): WAIT_FOR_CONCURRENT_GC blocked 20ms
01-01 14:13:36.910 I/BootReceiver( 1982): Copied 0 worth of audits to DropBox
01-01 14:13:36.910 W/ContextImpl( 2158): Calling a method in the system process without a qualified user: android.app.ContextImpl.startService:1492 android.content.ContextWrapper.startService:494 com.evideo.recordscreenservice.MainActivity.onCreate:33 android.app.Activity.performCreate:5231 android.app.Instrumentation.callActivityOnCreate:1087 
01-01 14:13:36.915 I/BootReceiver( 1982): Checking for fsck errors
01-01 14:13:36.925 I/RtspServer( 2158): ==================Rtsp Server onCreate==================
01-01 14:13:36.930 I/screenrecord( 2158): v1.0 start called
01-01 14:13:36.935 I/RtspServer( 2158): ==================Rtsp Server onStartCommand==================
01-01 14:13:36.935 I/OMXClient( 2158): Using client-side OMX mux.
01-01 14:13:36.940 I/RtspServer( 2158): RTSP server listening on port 8088
01-01 14:13:36.940 D/libexynosv4l2( 1553): try node: /dev/video6
01-01 14:13:36.940 D/libexynosv4l2( 1553): try node: /dev/video7
01-01 14:13:36.940 I/libexynosv4l2( 1553): node found for device s5p-mfc-enc: /dev/video7
01-01 14:13:36.945 I/display ( 1550): [DYNAMIC_RECOMP] HWC_2_GLES by low FPS(3)
01-01 14:13:36.950 I/OMXCodec( 1553): Attempting to allocate OMX node 'OMX.google.vorbis.decoder' mime='audio/vorbis'
01-01 14:13:36.955 I/libexynosv4l2( 1553): open video device /dev/video7
01-01 14:13:36.965 I/ACodec  ( 2158): setupVideoEncoder succeeded
01-01 14:13:36.970 I/        ( 2158): PLATFORM VERSION : JB-MR-2
01-01 14:13:36.985 D/mali_winsys( 2158): new_window_surface returns 0x3000
01-01 14:13:36.990 D/libexynosv4l2( 1553): try node: /dev/video6
01-01 14:13:36.990 D/libexynosv4l2( 1553): try node: /dev/video7
01-01 14:13:36.990 I/libexynosv4l2( 1553): node found for device s5p-mfc-enc: /dev/video7
01-01 14:13:36.995 I/libexynosv4l2( 1553): open video device /dev/video7
01-01 14:13:37.015 D/OpenGLRenderer( 2158): Enabling debug mode 0
01-01 14:13:37.015 D/mali_winsys( 1550): new_window_surface returns 0x3000
01-01 14:13:37.015 D/HWCService( 1550): [DEBUG] virtual int android::ExynosHWCService::setWFDOutputResolution(unsigned int, unsigned int, unsigned int, unsigned int)::width=1280, height=720
01-01 14:13:37.015 I/SurfaceFlinger( 1550): Virtual display is added. width(1280), height(720)
01-01 14:13:37.020 I/OMXCodec( 1553): Attempting to allocate OMX node 'OMX.google.vorbis.decoder' mime='audio/vorbis'
01-01 14:13:37.030 D/XYREF5260PowerHAL( 1982): xyref5260_power_hint: 1
01-01 14:13:37.035 W/MessageQueue( 2116): Handler (android.os.Handler) {41e46240} sending message to a Handler on a dead thread
01-01 14:13:37.035 W/MessageQueue( 2116): java.lang.RuntimeException: Handler (android.os.Handler) {41e46240} sending message to a Handler on a dead thread
01-01 14:13:37.035 W/MessageQueue( 2116): 	at android.os.MessageQueue.enqueueMessage(MessageQueue.java:320)
01-01 14:13:37.035 W/MessageQueue( 2116): 	at android.os.Handler.enqueueMessage(Handler.java:626)
01-01 14:13:37.035 W/MessageQueue( 2116): 	at android.os.Handler.sendMessageAtTime(Handler.java:595)
01-01 14:13:37.035 W/MessageQueue( 2116): 	at android.os.Handler.sendMessageDelayed(Handler.java:566)
01-01 14:13:37.035 W/MessageQueue( 2116): 	at android.os.Handler.sendMessage(Handler.java:503)
01-01 14:13:37.035 W/MessageQueue( 2116): 	at android.os.Message.sendToTarget(Message.java:360)
01-01 14:13:37.035 W/MessageQueue( 2116): 	at com.android.providers.downloads.DownloadService.enqueueUpdate(DownloadService.java:203)
01-01 14:13:37.035 W/MessageQueue( 2116): 	at com.android.providers.downloads.DownloadService.access$000(DownloadService.java:71)
01-01 14:13:37.035 W/MessageQueue( 2116): 	at com.android.providers.downloads.DownloadService$DownloadManagerContentObserver.onChange(DownloadService.java:130)
01-01 14:13:37.035 W/MessageQueue( 2116): 	at android.database.ContentObserver.onChange(ContentObserver.java:129)
01-01 14:13:37.035 W/MessageQueue( 2116): 	at android.database.ContentObserver$NotificationRunnable.run(ContentObserver.java:180)
01-01 14:13:37.035 W/MessageQueue( 2116): 	at android.os.Handler.handleCallback(Handler.java:733)
01-01 14:13:37.035 W/MessageQueue( 2116): 	at android.os.Handler.dispatchMessage(Handler.java:95)
01-01 14:13:37.035 W/MessageQueue( 2116): 	at android.os.Looper.loop(Looper.java:136)
01-01 14:13:37.035 W/MessageQueue( 2116): 	at android.app.ActivityThread.main(ActivityThread.java:5017)
01-01 14:13:37.035 W/MessageQueue( 2116): 	at java.lang.reflect.Method.invokeNative(Native Method)
01-01 14:13:37.035 W/MessageQueue( 2116): 	at java.lang.reflect.Method.invoke(Method.java:515)
01-01 14:13:37.035 W/MessageQueue( 2116): 	at com.android.internal.os.ZygoteInit$MethodAndArgsCaller.run(ZygoteInit.java:779)
01-01 14:13:37.035 W/MessageQueue( 2116): 	at com.android.internal.os.ZygoteInit.main(ZygoteInit.java:595)
01-01 14:13:37.035 W/MessageQueue( 2116): 	at dalvik.system.NativeStart.main(Native Method)
01-01 14:13:37.040 I/display ( 1550): [DYNAMIC_RECOMP] GLES_2_HWC by BW check
01-01 14:13:37.040 I/ActivityManager( 1982): Start proc com.android.onetimeinitializer for broadcast com.android.onetimeinitializer/.OneTimeInitializerReceiver: pid=2341 uid=10005 gids={50005}
01-01 14:13:37.045 D/libexynosgscaler( 1553): LibMpp::LibMpp()
01-01 14:13:37.100 I/ExynosVideoEncoder( 1553): MFC_Encoder_ExtensionDequeue_Outbuf: encoded frame type is = 0
01-01 14:13:37.165 I/MPEG4Writer( 2158): limits: 2147483647/0 bytes/us, bit rate: -1 bps and the estimated moov size 3072 bytes
01-01 14:13:37.175 I/OMXCodec( 1553): Attempting to allocate OMX node 'OMX.google.vorbis.decoder' mime='audio/vorbis'
01-01 14:13:37.200 V/OneTimeInitializerRece( 2341): OneTimeInitializerReceiver.onReceive
01-01 14:13:37.230 I/ActivityManager( 1982): Displayed com.evideo.recordscreenservice/.MainActivity: +432ms
01-01 14:13:37.280 D/AndroidRuntime( 2348): 
01-01 14:13:37.280 D/AndroidRuntime( 2348): >>>>>> AndroidRuntime START com.android.internal.os.RuntimeInit <<<<<<
01-01 14:13:37.280 D/AndroidRuntime( 2348): CheckJNI is ON
01-01 14:13:37.285 W/ContextImpl( 2144): Calling a method in the system process without a qualified user: android.app.ContextImpl.startService:1492 android.content.ContextWrapper.startService:494 android.content.ContextWrapper.startService:494 com.evideo.kcamservice.KCamBootReciever.onReceive:11 android.app.ActivityThread.handleReceiver:2419 
01-01 14:13:37.290 I/KCamService( 2144): onCreate
01-01 14:13:37.295 I/KCamService( 2144): Received start id 1: Intent { cmp=com.evideo.kcamservice/.KCamService }
01-01 14:13:37.295 W/ContextImpl( 2211): Implicit intents with startService are not safe: Intent { act=android.kcam.update.service (has extras) } android.content.ContextWrapper.startService:494 android.content.ContextWrapper.startService:494 android.kcam.update.service.KCamUpdateReceiver.onReceive:69 
01-01 14:13:37.295 D/dalvikvm( 2348): Trying to load lib libjavacore.so 0x0
01-01 14:13:37.295 W/ContextImpl( 2211): Calling a method in the system process without a qualified user: android.app.ContextImpl.startService:1492 android.content.ContextWrapper.startService:494 android.content.ContextWrapper.startService:494 android.kcam.update.service.KCamUpdateReceiver.onReceive:69 android.app.ActivityThread.handleReceiver:2419 
01-01 14:13:37.300 D/dalvikvm( 2348): Added shared lib libjavacore.so 0x0
01-01 14:13:37.300 D/dalvikvm( 2348): Trying to load lib libnativehelper.so 0x0
01-01 14:13:37.300 D/dalvikvm( 2348): Added shared lib libnativehelper.so 0x0
01-01 14:13:37.300 D/dalvikvm( 2348): No JNI_OnLoad found in libnativehelper.so 0x0, skipping init
01-01 14:13:37.305 D/dalvikvm( 2211): No JNI_OnLoad found in /system/lib/libmisc_access.so 0x41e0e560, skipping init
01-01 14:13:37.310 I/KCamUpdateService( 2211): JNI_OnLoad
01-01 14:13:37.310 I/LauncherIconVisibilityManager( 2131): Boot has been completed
01-01 14:13:37.310 I/LauncherIconVisibilityManager( 2131): Activity has already been disabled: ComponentInfo{com.android.inputmethod.latin/com.android.inputmethod.latin.setup.SetupActivity}
01-01 14:13:37.310 W/ContextImpl( 2211): Implicit intents with startService are not safe: Intent { act=kmbox.intent.action.STORAGEMANAGER } android.content.ContextWrapper.bindService:517 com.evideo.kmbox.service.storagemanager.StorageManagerServiceProxy.bindService:50 android.kcam.update.service.KCamUpdateService.onCreate:244 
01-01 14:13:37.310 W/ContextImpl( 2211): Calling a method in the system process without a qualified user: android.app.ContextImpl.bindService:1556 android.content.ContextWrapper.bindService:517 com.evideo.kmbox.service.storagemanager.StorageManagerServiceProxy.bindService:50 android.kcam.update.service.KCamUpdateService.onCreate:244 android.app.ActivityThread.handleCreateService:2572 
01-01 14:13:37.315 W/ActivityManager( 1982): Unable to start service Intent { act=kmbox.intent.action.STORAGEMANAGER } U=0: not found
01-01 14:13:37.335 D/dalvikvm( 2348): Note: class Landroid/app/ActivityManagerNative; has 179 unimplemented (abstract) methods
01-01 14:13:37.465 E/memtrack( 2348): Couldn't load memtrack module (No such file or directory)
01-01 14:13:37.465 E/android.os.Debug( 2348): failed to load memtrack module: -2
01-01 14:13:37.540 D/AndroidRuntime( 2348): Calling main entry com.android.commands.am.Am
01-01 14:13:37.555 I/ActivityManager( 1982): START u0 {flg=0x10000000 cmp=com.evideo.EvStage/com.evideo.evstageplugin.EvStagePluginActivity} from pid 2348
01-01 14:13:37.605 D/AndroidRuntime( 2348): Shutting down VM
01-01 14:13:37.605 D/XYREF5260PowerHAL( 1982): xyref5260_power_hint: 0
01-01 14:13:37.625 I/ActivityManager( 1982): Start proc com.evideo.EvStage for activity com.evideo.EvStage/com.evideo.evstageplugin.EvStagePluginActivity: pid=2377 uid=1000 gids={41000, 1028, 1015, 1023, 3002, 3001, 3003, 2001, 1024}
01-01 14:13:37.640 D/XYREF5260PowerHAL( 1982): xyref5260_power_hint: 1
01-01 14:13:37.720 I/nativewebcam( 2377): register_uvccamera:
01-01 14:13:37.720 I/EvStagePlugin( 2377): native dir changed from /data/app-lib/EvStage to /data/app-lib/EvStage
01-01 14:13:37.725 D/dalvikvm( 2377): Trying to load lib /data/app-lib/EvStage/libmain.so 0x41e083f8
01-01 14:13:37.725 D/dalvikvm( 2377): Added shared lib /data/app-lib/EvStage/libmain.so 0x41e083f8
01-01 14:13:37.950 W/ResourceType( 2377): Invalid package identifier when getting bag for resource number 0x00000000
01-01 14:13:37.965 D/EvStagePlugin( 2377): total 1 devices
01-01 14:13:37.965 D/EvStagePlugin( 2377): found /dev/bus/usb/001/003; 3034:33106, 0
01-01 14:13:37.965 E/usb device( 2377): no usb webcam device
01-01 14:13:38.065 I/        ( 2377): PLATFORM VERSION : JB-MR-2
01-01 14:13:38.085 D/mali_winsys( 2377): new_window_surface returns 0x3000
01-01 14:13:38.105 D/OpenGLRenderer( 2377): Enabling debug mode 0
01-01 14:13:38.355 I/ActivityManager( 1982): Displayed com.evideo.EvStage/com.evideo.evstageplugin.EvStagePluginActivity: +749ms
01-01 14:13:38.385 D/Tethering( 1982): MasterInitialState.processMessage what=3
01-01 14:13:38.385 D/CaptivePortalTracker( 1982): NoActiveNetworkState{ when=0 what=1 obj=NetworkInfo: type: ETHERNET[], state: DISCONNECTED/DISCONNECTED, reason: (unspecified), extra: c4:09:38:ec:dd:09, roaming: false, failover: false, isAvailable: false, isConnectedToProvisioningNetwork: false target=com.android.internal.util.StateMachine$SmHandler }
01-01 14:13:38.385 D/CaptivePortalTracker( 1982): NoActiveNetworkState not a wifi connectivity change, ignore
01-01 14:13:38.590 D/Tethering( 1982): MasterInitialState.processMessage what=3
01-01 14:13:38.590 D/CaptivePortalTracker( 1982): NoActiveNetworkState{ when=0 what=1 obj=NetworkInfo: type: ETHERNET[], state: DISCONNECTED/DISCONNECTED, reason: (unspecified), extra: c4:09:38:ec:dd:09, roaming: false, failover: false, isAvailable: false, isConnectedToProvisioningNetwork: false target=com.android.internal.util.StateMachine$SmHandler }
01-01 14:13:38.590 D/CaptivePortalTracker( 1982): NoActiveNetworkState not a wifi connectivity change, ignore
01-01 14:13:38.635 W/MediaScanner( 2116): Error opening directory '/storage/sdcard1/', skipping: Permission denied.
01-01 14:13:38.635 W/MediaScanner( 2116): Error opening directory '/storage/usb1/', skipping: Permission denied.
01-01 14:13:38.635 W/MediaScanner( 2116): Error opening directory '/storage/usb2/', skipping: Permission denied.
01-01 14:13:38.640 V/MediaScanner( 2116): pruneDeadThumbnailFiles... android.database.sqlite.SQLiteCursor@41e948a0
01-01 14:13:38.645 V/MediaScanner( 2116): /pruneDeadThumbnailFiles... android.database.sqlite.SQLiteCursor@41e948a0
01-01 14:13:38.650 D/XYREF5260PowerHAL( 1982): xyref5260_power_hint: 0
01-01 14:13:38.705 D/mali_winsys( 2377): new_window_surface returns 0x3000
01-01 14:13:38.715 D/Unity   ( 2377):  GL_ARM_rgba8 GL_ARM_mali_shader_binary GL_OES_depth24 GL_OES_depth_texture GL_OES_depth_texture_cube_map GL_OES_packed_depth_stencil GL_OES_rgb8_rgba8 GL_EXT_read_format_bgra GL_OES_compressed_paletted_texture GL_OES_compressed_ETC1_RGB8_texture GL_OES_standard_derivatives GL_OES_EGL_image GL_OES_EGL_image_external GL_OES_EGL_sync GL_OES_texture_npot GL_OES_vertex_half_float GL_OES_required_internalformat GL_OES_vertex_array_object GL_OES_mapbuffer GL_EXT_texture_format_BGRA8888 GL_EXT_texture_rg GL_EXT_texture_type_2_10_10_10_REV GL_OES_fbo_render_mipmap GL_OES_element_index_uint GL_EXT_shadow_samplers GL_KHR_texture_compression_astc_ldr GL_KHR_debug GL_EXT_occlusion_query_boolean GL_EXT_blend_minmax GL_EXT_discard_framebuffer GL_OES_get_program_binary GL_OES_texture_3D GL_EXT_texture_storage GL_EXT_multisampled_render_to_texture GL_OES_surfaceless_context GL_ARM_mali_program_binary
01-01 14:13:38.790 W/ActivityThread( 2377): ClassLoader.loadClass: The class loader returned by Thread.getContextClassLoader() may fail for processes that host multiple applications. You should explicitly specify a context class loader. For example: Thread.setContextClassLoader(getClass().getClassLoader());
01-01 14:13:38.795 W/libc    ( 2377): pthread_create sched_setscheduler call failed: Operation not permitted
01-01 14:13:38.805 D/audio_hw_primary( 1553): Device:2, period_size:1024
01-01 14:13:38.805 D/audio_hw_primary( 1553): get_input_source_id();  src=0
01-01 14:13:38.805 E/audio_hw_primary( 1553): select_devices() devices 0x2 input src 0 output route media-speaker input route none
01-01 14:13:38.805 E/audio_hw_primary( 1553): unable to find path 'media-speaker'
01-01 14:13:40.020 D/DecodeInterface( 2377): init
01-01 14:13:40.030 I/dalvikvm-heap( 2377): Grow heap (frag case) to 4.348MB for 1382416-byte allocation
01-01 14:13:40.040 I/DecodeThread( 2377): ====  68 ===== 69 ==== 70
01-01 14:13:40.050 D/DecodeInterface( 2377): getTextureID
01-01 14:13:40.050 D/DecodeInterface( 2377): getTextureWidth
01-01 14:13:40.050 D/DecodeInterface( 2377): getTextureHeight
01-01 14:13:40.050 D/DecodeInterface( 2377): getTextureID
01-01 14:13:40.050 D/DecodeInterface( 2377): getTextureWidth
01-01 14:13:40.050 D/DecodeInterface( 2377): getTextureHeight
01-01 14:13:40.050 D/DecodeInterface( 2377): getTextureID
01-01 14:13:40.050 D/DecodeInterface( 2377): getTextureWidth
01-01 14:13:40.050 D/DecodeInterface( 2377): getTextureHeight
01-01 14:13:40.055 I/Unity   ( 2377): play :/system/sdcard/VideoSource/bg2.mp4
01-01 14:13:40.055 I/Unity   ( 2377):  
01-01 14:13:40.055 I/Unity   ( 2377): (Filename: ./artifacts/generated/common/runtime/UnityEngineDebugBindings.gen.cpp Line: 65)
01-01 14:13:40.055 I/Unity   ( 2377): 
01-01 14:13:40.055 D/DecodeInterface( 2377): setLoop
01-01 14:13:40.055 D/DecodeInterface( 2377): play
01-01 14:13:40.060 I/pxtr_util( 2377): =============PRESTOMEDIA MODULE VERSION=============
01-01 14:13:40.060 I/pxtr_util( 2377):              MAJOR_VERSION #: 4
01-01 14:13:40.060 I/pxtr_util( 2377):              MINOR_VERSION #: 4
01-01 14:13:40.060 I/pxtr_util( 2377):              BUILD_NUMBER  #: 8983
01-01 14:13:40.060 I/pxtr_util( 2377):            BUILD_TIME    #: 01/2014/09 11:09:10
01-01 14:13:40.070 I/OMXClient( 2377): Using client-side OMX mux.
01-01 14:13:40.070 D/libexynosv4l2( 1553): try node: /dev/video6
01-01 14:13:40.070 I/libexynosv4l2( 1553): node found for device s5p-mfc-dec: /dev/video6
01-01 14:13:40.070 I/libexynosv4l2( 1553): open video device /dev/video6
01-01 14:13:40.080 D/libexynosv4l2( 1553): try node: /dev/video6
01-01 14:13:40.080 I/libexynosv4l2( 1553): node found for device s5p-mfc-dec: /dev/video6
01-01 14:13:40.080 I/libexynosv4l2( 1553): open video device /dev/video6
01-01 14:13:40.085 E/libexynosv4l2( 1553): failed to ioctl: VIDIOC_S_CTRL (22)
01-01 14:13:40.085 E/EXYNOS_H264_DEC( 1553): Failed to set buffer process type(not supported)
01-01 14:13:40.140 D/DecodeThread( 2377): New format {height=720, what=1869968451, color-format=19, slice-height=720, crop-left=0, width=1280, crop-bottom=719, crop-top=0, mime=video/raw, stride=1280, crop-right=1279}
01-01 14:13:40.250 I/nativewebcam( 2377): deviceType 11, eventType 0
01-01 14:13:40.250 I/Unity   ( 2377): WebCamera Start
01-01 14:13:40.250 I/Unity   ( 2377):  
01-01 14:13:40.250 I/Unity   ( 2377): (Filename: ./artifacts/generated/common/runtime/UnityEngineDebugBindings.gen.cpp Line: 65)
01-01 14:13:40.250 I/Unity   ( 2377): 
01-01 14:13:40.845 I/Unity   ( 2377): begin read firmware version
01-01 14:13:40.845 I/Unity   ( 2377):  
01-01 14:13:40.845 I/Unity   ( 2377): (Filename: ./artifacts/generated/common/runtime/UnityEngineDebugBindings.gen.cpp Line: 65)
01-01 14:13:40.845 I/Unity   ( 2377): 
01-01 14:13:40.845 I/nativewebcam( 2377): getFirmwareVersion: kcam 0.1.25.1
01-01 14:13:40.885 I/nativewebcam( 2377): GetNativeTexture idx 0
01-01 14:13:40.885 I/nativewebcam( 2377): GetNativeTexture idx 1
01-01 14:13:40.890 I/nativewebcam( 2377): GetNativeTexture idx 2
01-01 14:13:40.985 I/Unity   ( 2377): current stage is: Stage1; 1
01-01 14:13:40.985 I/Unity   ( 2377):  
01-01 14:13:40.985 I/Unity   ( 2377): (Filename: ./artifacts/generated/common/runtime/UnityEngineDebugBindings.gen.cpp Line: 65)
01-01 14:13:40.985 I/Unity   ( 2377): 
01-01 14:13:40.990 I/Unity   ( 2377): MovieClip start
01-01 14:13:40.990 I/Unity   ( 2377):  
01-01 14:13:40.990 I/Unity   ( 2377): (Filename: ./artifacts/generated/common/runtime/UnityEngineDebugBindings.gen.cpp Line: 65)
01-01 14:13:40.990 I/Unity   ( 2377): 
01-01 14:13:40.990 I/nativewebcam( 2377): getFirmwareVersion: kcam 0.1.25.1
01-01 14:13:40.995 I/Unity   ( 2377): Stage1Control start
01-01 14:13:40.995 I/Unity   ( 2377):  
01-01 14:13:40.995 I/Unity   ( 2377): (Filename: ./artifacts/generated/common/runtime/UnityEngineDebugBindings.gen.cpp Line: 65)
01-01 14:13:40.995 I/Unity   ( 2377): 
01-01 14:13:41.005 D/DecodeInterface( 2377): stop
01-01 14:13:41.035 W/libexynosv4l2( 1553): failed to ioctl: VIDIOC_DQBUF (22 - Invalid argument)
01-01 14:13:41.055 I/Unity   ( 2377): play :/system/sdcard/VideoSource/bg2.mp4
01-01 14:13:41.055 I/Unity   ( 2377):  
01-01 14:13:41.055 I/Unity   ( 2377): (Filename: ./artifacts/generated/common/runtime/UnityEngineDebugBindings.gen.cpp Line: 65)
01-01 14:13:41.055 I/Unity   ( 2377): 
01-01 14:13:41.055 D/DecodeInterface( 2377): setLoop
01-01 14:13:41.055 D/DecodeInterface( 2377): play
01-01 14:13:41.060 I/OMXClient( 2377): Using client-side OMX mux.
01-01 14:13:41.060 D/libexynosv4l2( 1553): try node: /dev/video6
01-01 14:13:41.060 I/libexynosv4l2( 1553): node found for device s5p-mfc-dec: /dev/video6
01-01 14:13:41.060 I/libexynosv4l2( 1553): open video device /dev/video6
01-01 14:13:41.070 D/libexynosv4l2( 1553): try node: /dev/video6
01-01 14:13:41.070 I/libexynosv4l2( 1553): node found for device s5p-mfc-dec: /dev/video6
01-01 14:13:41.070 I/libexynosv4l2( 1553): open video device /dev/video6
01-01 14:13:41.075 E/libexynosv4l2( 1553): failed to ioctl: VIDIOC_S_CTRL (22)
01-01 14:13:41.075 E/EXYNOS_H264_DEC( 1553): Failed to set buffer process type(not supported)
01-01 14:13:41.125 D/DecodeThread( 2377): New format {height=720, what=1869968451, color-format=19, slice-height=720, crop-left=0, width=1280, crop-bottom=719, crop-top=0, mime=video/raw, stride=1280, crop-right=1279}
01-01 14:13:52.010 W/libexynosv4l2( 1553): failed to ioctl: VIDIOC_DQBUF (22 - Invalid argument)
01-01 14:13:52.305 I/ActivityManager( 1982): Waited long enough for: ServiceRecord{41fddd28 u0 android.kcam.update.service/.KCamUpdateService}
01-01 14:14:02.975 W/libexynosv4l2( 1553): failed to ioctl: VIDIOC_DQBUF (22 - Invalid argument)
01-01 14:14:06.800 D/BootReceiver( 2263): usb1be not mounted.use internal section_burnning node
01-01 14:14:06.800 D/BootReceiver( 2263): find section_burnning node ok
01-01 14:14:06.800 D/BootReceiver( 2263): find section_burnning's id:net
01-01 14:14:06.805 D/BootReceiver( 2263): burnning from:net
01-01 14:14:06.805 D/BootReceiver( 2263): find net's file:factory.mpg ok
01-01 14:14:06.820 W/ActivityThread( 2263): ClassLoader.loadClass: The class loader returned by Thread.getContextClassLoader() may fail for processes that host multiple applications. You should explicitly specify a context class loader. For example: Thread.setContextClassLoader(getClass().getClassLoader());
01-01 14:14:06.930 E/ItemsNetWork( 2263): checkFile http://192.168.12.104/factory.mpg fail. 
01-01 14:14:06.935 E/ItemsNetWork( 2263): org.apache.http.conn.HttpHostConnectException: Connection to http://192.168.12.104 refused
01-01 14:14:06.940 E/ItemsNetWork( 2263): 	at org.apache.http.impl.conn.DefaultClientConnectionOperator.openConnection(DefaultClientConnectionOperator.java:183)
01-01 14:14:06.940 E/ItemsNetWork( 2263): 	at org.apache.http.impl.conn.AbstractPoolEntry.open(AbstractPoolEntry.java:164)
01-01 14:14:06.940 E/ItemsNetWork( 2263): 	at org.apache.http.impl.conn.AbstractPooledConnAdapter.open(AbstractPooledConnAdapter.java:119)
01-01 14:14:06.940 E/ItemsNetWork( 2263): 	at org.apache.http.impl.client.DefaultRequestDirector.execute(DefaultRequestDirector.java:360)
01-01 14:14:06.945 E/ItemsNetWork( 2263): 	at org.apache.http.impl.client.AbstractHttpClient.execute(AbstractHttpClient.java:555)
01-01 14:14:06.945 E/ItemsNetWork( 2263): 	at org.apache.http.impl.client.AbstractHttpClient.execute(AbstractHttpClient.java:487)
01-01 14:14:06.945 E/ItemsNetWork( 2263): 	at org.apache.http.impl.client.AbstractHttpClient.execute(AbstractHttpClient.java:465)
01-01 14:14:06.945 E/ItemsNetWork( 2263): 	at com.example.items.ItemsNetWork.checkFile(ItemsNetWork.java:85)
01-01 14:14:06.950 E/ItemsNetWork( 2263): 	at com.example.receiver.BootReceiver$1.run(BootReceiver.java:403)
01-01 14:14:06.950 E/ItemsNetWork( 2263): 	at java.lang.Thread.run(Thread.java:841)
01-01 14:14:06.950 E/ItemsNetWork( 2263): Caused by: java.net.ConnectException: failed to connect to /192.168.12.104 (port 80) after 3000ms: connect failed: ENETUNREACH (Network is unreachable)
01-01 14:14:06.950 E/ItemsNetWork( 2263): 	at libcore.io.IoBridge.connect(IoBridge.java:114)
01-01 14:14:06.955 E/ItemsNetWork( 2263): 	at java.net.PlainSocketImpl.connect(PlainSocketImpl.java:192)
01-01 14:14:06.955 E/ItemsNetWork( 2263): 	at java.net.PlainSocketImpl.connect(PlainSocketImpl.java:459)
01-01 14:14:06.955 E/ItemsNetWork( 2263): 	at java.net.Socket.connect(Socket.java:843)
01-01 14:14:06.960 E/ItemsNetWork( 2263): 	at org.apache.http.conn.scheme.PlainSocketFactory.connectSocket(PlainSocketFactory.java:119)
01-01 14:14:06.960 E/ItemsNetWork( 2263): 	at org.apache.http.impl.conn.DefaultClientConnectionOperator.openConnection(DefaultClientConnectionOperator.java:144)
01-01 14:14:06.960 E/ItemsNetWork( 2263): 	... 9 more
01-01 14:14:06.965 E/ItemsNetWork( 2263): Caused by: libcore.io.ErrnoException: connect failed: ENETUNREACH (Network is unreachable)
01-01 14:14:06.965 E/ItemsNetWork( 2263): 	at libcore.io.Posix.connect(Native Method)
01-01 14:14:06.965 E/ItemsNetWork( 2263): 	at libcore.io.BlockGuardOs.connect(BlockGuardOs.java:85)
01-01 14:14:06.970 E/ItemsNetWork( 2263): 	at libcore.io.IoBridge.connectErrno(IoBridge.java:144)
01-01 14:14:06.970 E/ItemsNetWork( 2263): 	at libcore.io.IoBridge.connect(IoBridge.java:112)
01-01 14:14:06.975 E/ItemsNetWork( 2263): 	... 14 more
01-01 14:14:07.985 E/ItemsNetWork( 2263): checkFile http://192.168.12.104/factory.mpg fail. 
01-01 14:14:08.000 E/ItemsNetWork( 2263): org.apache.http.conn.HttpHostConnectException: Connection to http://192.168.12.104 refused
01-01 14:14:08.000 E/ItemsNetWork( 2263): 	at org.apache.http.impl.conn.DefaultClientConnectionOperator.openConnection(DefaultClientConnectionOperator.java:183)
01-01 14:14:08.000 E/ItemsNetWork( 2263): 	at org.apache.http.impl.conn.AbstractPoolEntry.open(AbstractPoolEntry.java:164)
01-01 14:14:08.005 E/ItemsNetWork( 2263): 	at org.apache.http.impl.conn.AbstractPooledConnAdapter.open(AbstractPooledConnAdapter.java:119)
01-01 14:14:08.005 E/ItemsNetWork( 2263): 	at org.apache.http.impl.client.DefaultRequestDirector.execute(DefaultRequestDirector.java:360)
01-01 14:14:08.005 E/ItemsNetWork( 2263): 	at org.apache.http.impl.client.AbstractHttpClient.execute(AbstractHttpClient.java:555)
01-01 14:14:08.005 E/ItemsNetWork( 2263): 	at org.apache.http.impl.client.AbstractHttpClient.execute(AbstractHttpClient.java:487)
01-01 14:14:08.005 E/ItemsNetWork( 2263): 	at org.apache.http.impl.client.AbstractHttpClient.execute(AbstractHttpClient.java:465)
01-01 14:14:08.010 E/ItemsNetWork( 2263): 	at com.example.items.ItemsNetWork.checkFile(ItemsNetWork.java:85)
01-01 14:14:08.010 E/ItemsNetWork( 2263): 	at com.example.receiver.BootReceiver$1.run(BootReceiver.java:403)
01-01 14:14:08.010 E/ItemsNetWork( 2263): 	at java.lang.Thread.run(Thread.java:841)
01-01 14:14:08.010 E/ItemsNetWork( 2263): Caused by: java.net.ConnectException: failed to connect to /192.168.12.104 (port 80) after 3000ms: connect failed: ENETUNREACH (Network is unreachable)
01-01 14:14:08.015 E/ItemsNetWork( 2263): 	at libcore.io.IoBridge.connect(IoBridge.java:114)
01-01 14:14:08.015 E/ItemsNetWork( 2263): 	at java.net.PlainSocketImpl.connect(PlainSocketImpl.java:192)
01-01 14:14:08.015 E/ItemsNetWork( 2263): 	at java.net.PlainSocketImpl.connect(PlainSocketImpl.java:459)
01-01 14:14:08.015 E/ItemsNetWork( 2263): 	at java.net.Socket.connect(Socket.java:843)
01-01 14:14:08.015 E/ItemsNetWork( 2263): 	at org.apache.http.conn.scheme.PlainSocketFactory.connectSocket(PlainSocketFactory.java:119)
01-01 14:14:08.020 E/ItemsNetWork( 2263): 	at org.apache.http.impl.conn.DefaultClientConnectionOperator.openConnection(DefaultClientConnectionOperator.java:144)
01-01 14:14:08.020 E/ItemsNetWork( 2263): 	... 9 more
01-01 14:14:08.020 E/ItemsNetWork( 2263): Caused by: libcore.io.ErrnoException: connect failed: ENETUNREACH (Network is unreachable)
01-01 14:14:08.025 E/ItemsNetWork( 2263): 	at libcore.io.Posix.connect(Native Method)
01-01 14:14:08.025 E/ItemsNetWork( 2263): 	at libcore.io.BlockGuardOs.connect(BlockGuardOs.java:85)
01-01 14:14:08.035 E/ItemsNetWork( 2263): 	at libcore.io.IoBridge.connectErrno(IoBridge.java:144)
01-01 14:14:08.035 E/ItemsNetWork( 2263): 	at libcore.io.IoBridge.connect(IoBridge.java:112)
01-01 14:14:08.035 E/ItemsNetWork( 2263): 	... 14 more
01-01 14:14:10.045 E/ItemsNetWork( 2263): checkFile http://192.168.12.104/factory.mpg fail. 
01-01 14:14:10.045 E/ItemsNetWork( 2263): org.apache.http.conn.HttpHostConnectException: Connection to http://192.168.12.104 refused
01-01 14:14:10.060 E/ItemsNetWork( 2263): 	at org.apache.http.impl.conn.DefaultClientConnectionOperator.openConnection(DefaultClientConnectionOperator.java:183)
01-01 14:14:10.060 E/ItemsNetWork( 2263): 	at org.apache.http.impl.conn.AbstractPoolEntry.open(AbstractPoolEntry.java:164)
01-01 14:14:10.060 E/ItemsNetWork( 2263): 	at org.apache.http.impl.conn.AbstractPooledConnAdapter.open(AbstractPooledConnAdapter.java:119)
01-01 14:14:10.060 E/ItemsNetWork( 2263): 	at org.apache.http.impl.client.DefaultRequestDirector.execute(DefaultRequestDirector.java:360)
01-01 14:14:10.065 E/ItemsNetWork( 2263): 	at org.apache.http.impl.client.AbstractHttpClient.execute(AbstractHttpClient.java:555)
01-01 14:14:10.065 E/ItemsNetWork( 2263): 	at org.apache.http.impl.client.AbstractHttpClient.execute(AbstractHttpClient.java:487)
01-01 14:14:10.065 E/ItemsNetWork( 2263): 	at org.apache.http.impl.client.AbstractHttpClient.execute(AbstractHttpClient.java:465)
01-01 14:14:10.065 E/ItemsNetWork( 2263): 	at com.example.items.ItemsNetWork.checkFile(ItemsNetWork.java:85)
01-01 14:14:10.065 E/ItemsNetWork( 2263): 	at com.example.receiver.BootReceiver$1.run(BootReceiver.java:403)
01-01 14:14:10.070 E/ItemsNetWork( 2263): 	at java.lang.Thread.run(Thread.java:841)
01-01 14:14:10.070 E/ItemsNetWork( 2263): Caused by: java.net.ConnectException: failed to connect to /192.168.12.104 (port 80) after 3000ms: connect failed: ENETUNREACH (Network is unreachable)
01-01 14:14:10.075 E/ItemsNetWork( 2263): 	at libcore.io.IoBridge.connect(IoBridge.java:114)
01-01 14:14:10.075 E/ItemsNetWork( 2263): 	at java.net.PlainSocketImpl.connect(PlainSocketImpl.java:192)
01-01 14:14:10.075 E/ItemsNetWork( 2263): 	at java.net.PlainSocketImpl.connect(PlainSocketImpl.java:459)
01-01 14:14:10.075 E/ItemsNetWork( 2263): 	at java.net.Socket.connect(Socket.java:843)
01-01 14:14:10.080 E/ItemsNetWork( 2263): 	at org.apache.http.conn.scheme.PlainSocketFactory.connectSocket(PlainSocketFactory.java:119)
01-01 14:14:10.080 E/ItemsNetWork( 2263): 	at org.apache.http.impl.conn.DefaultClientConnectionOperator.openConnection(DefaultClientConnectionOperator.java:144)
01-01 14:14:10.080 E/ItemsNetWork( 2263): 	... 9 more
01-01 14:14:10.085 E/ItemsNetWork( 2263): Caused by: libcore.io.ErrnoException: connect failed: ENETUNREACH (Network is unreachable)
01-01 14:14:10.085 E/ItemsNetWork( 2263): 	at libcore.io.Posix.connect(Native Method)
01-01 14:14:10.085 E/ItemsNetWork( 2263): 	at libcore.io.BlockGuardOs.connect(BlockGuardOs.java:85)
01-01 14:14:10.090 E/ItemsNetWork( 2263): 	at libcore.io.IoBridge.connectErrno(IoBridge.java:144)
01-01 14:14:10.090 E/ItemsNetWork( 2263): 	at libcore.io.IoBridge.connect(IoBridge.java:112)
01-01 14:14:10.090 E/ItemsNetWork( 2263): 	... 14 more
01-01 14:14:13.095 I/AndroidRuntime( 2263): VM exiting with result code 0, cleanup skipped.
01-01 14:14:13.110 I/ActivityManager( 1982): Process com.example.kkfactory (pid 2263) has died.
01-01 14:14:13.915 W/libexynosv4l2( 1553): failed to ioctl: VIDIOC_DQBUF (22 - Invalid argument)
01-01 14:14:24.850 W/libexynosv4l2( 1553): failed to ioctl: VIDIOC_DQBUF (22 - Invalid argument)
01-01 14:14:35.790 W/libexynosv4l2( 1553): failed to ioctl: VIDIOC_DQBUF (22 - Invalid argument)
01-01 14:14:46.690 W/libexynosv4l2( 1553): failed to ioctl: VIDIOC_DQBUF (22 - Invalid argument)
01-01 14:14:57.585 W/libexynosv4l2( 1553): failed to ioctl: VIDIOC_DQBUF (22 - Invalid argument)
01-01 14:15:08.495 W/libexynosv4l2( 1553): failed to ioctl: VIDIOC_DQBUF (22 - Invalid argument)
01-01 14:15:19.500 W/libexynosv4l2( 1553): failed to ioctl: VIDIOC_DQBUF (22 - Invalid argument)
01-01 14:15:30.435 W/libexynosv4l2( 1553): failed to ioctl: VIDIOC_DQBUF (22 - Invalid argument)
01-01 14:15:41.370 W/libexynosv4l2( 1553): failed to ioctl: VIDIOC_DQBUF (22 - Invalid argument)
01-01 14:15:48.565 D/dalvikvm( 2158): WAIT_FOR_CONCURRENT_GC blocked 2ms
01-01 14:15:52.305 W/libexynosv4l2( 1553): failed to ioctl: VIDIOC_DQBUF (22 - Invalid argument)
01-01 14:16:03.245 W/libexynosv4l2( 1553): failed to ioctl: VIDIOC_DQBUF (22 - Invalid argument)
01-01 14:16:14.180 W/libexynosv4l2( 1553): failed to ioctl: VIDIOC_DQBUF (22 - Invalid argument)
01-01 14:16:25.115 W/libexynosv4l2( 1553): failed to ioctl: VIDIOC_DQBUF (22 - Invalid argument)
01-01 14:16:36.025 W/libexynosv4l2( 1553): failed to ioctl: VIDIOC_DQBUF (22 - Invalid argument)
01-01 14:16:46.960 W/libexynosv4l2( 1553): failed to ioctl: VIDIOC_DQBUF (22 - Invalid argument)
01-01 14:16:57.880 W/libexynosv4l2( 1553): failed to ioctl: VIDIOC_DQBUF (22 - Invalid argument)
01-01 14:17:08.830 W/libexynosv4l2( 1553): failed to ioctl: VIDIOC_DQBUF (22 - Invalid argument)
01-01 14:17:19.745 W/libexynosv4l2( 1553): failed to ioctl: VIDIOC_DQBUF (22 - Invalid argument)
01-01 14:17:30.685 W/libexynosv4l2( 1553): failed to ioctl: VIDIOC_DQBUF (22 - Invalid argument)
