01-01 00:01:37.375 W/ContextImpl( 1983): Calling a method in the system process without a qualified user: android.app.ContextImpl.sendStickyBroadcast:1294 android.net.EthernetDataTracker.sendEthIfaceStateChangedBroadcast:116 android.net.EthernetDataTracker.interfaceUp:170 android.net.EthernetDataTracker.enableEthIface:649 com.android.server.EthernetService.setEthernetEnabled:103 
01-01 00:01:37.390 I/WindowManager( 1983): SAFE MODE not enabled
01-01 00:01:37.390 W/Vibrator( 1983): Failed to vibrate; no vibrator service.
01-01 00:01:37.390 D/dalvikvm( 1983): JIT started for system_server
01-01 00:01:37.395 D/Atlas   ( 1983): Loaded configuration: SliceMinArea (768x768) flags=0x2 count=34
01-01 00:01:37.410 I/        ( 1983): PLATFORM VERSION : JB-MR-2
01-01 00:01:37.430 D/Nat464Xlat( 1983): requiresClat: netType=9, hasIPv4Address=false
01-01 00:01:37.430 I/Zygote  ( 1983): Process: zygote socket opened
01-01 00:01:37.430 D/CommandListener( 1549): Clearing all IP addresses on eth0
01-01 00:01:37.430 D/ConnectivityService( 1983): ConnectivityChange for ETHERNET: DISCONNECTED/DISCONNECTED
01-01 00:01:37.435 D/Atlas   ( 1983): Rendered atlas in 33.40ms (2.64+30.76ms)
01-01 00:01:37.435 D/Nat464Xlat( 1983): requiresClat: netType=9, hasIPv4Address=false
01-01 00:01:37.435 W/ContextImpl( 1983): Calling a method in the system process without a qualified user: android.app.ContextImpl.sendStickyBroadcast:1294 android.net.EthernetDataTracker.sendEthStateChangedBroadcast:108 android.net.EthernetDataTracker.disconnect:234 android.net.EthernetDataTracker$InterfaceObserver.interfaceLinkStateChanged:145 com.android.server.NetworkManagementService.notifyInterfaceLinkStateChanged:263 
01-01 00:01:37.450 V/KeyguardServiceDelegate( 1983): *** Keyguard started
01-01 00:01:37.450 V/KeyguardServiceDelegate( 1983): onSystemReady() called before keyguard service was ready
01-01 00:01:37.450 I/ActivityManager( 1983): Start proc com.android.systemui for service com.android.keyguard/.KeyguardService: pid=2042 uid=10004 gids={50004, 1028, 1015, 1023, 1035, 3002, 3001}
01-01 00:01:37.460 I/AppOps  ( 1983): Pruning old package media/1013: new uid=-1
01-01 00:01:37.465 I/ActivityManager( 1983): System now ready
01-01 00:01:37.465 I/SystemServer( 1983): Making services ready
01-01 00:01:37.465 D/NetworkManagementService( 1983): enabling bandwidth control
01-01 00:01:37.470 D/Ethernet( 1983): Interface eth0 link down
01-01 00:01:37.470 W/MountService( 1983): Duplicate state transition (mounted -> mounted) for /storage/emulated/0
01-01 00:01:37.560 V/KeyguardService( 2042): onCreate()
01-01 00:01:37.570 I/EXYNOS_COMP_REGS( 1554): Loading the library: libOMX.Exynos.AVC.Decoder.so
01-01 00:01:37.575 I/EXYNOS_COMP_REGS( 1554): Loading the library: libOMX.Exynos.AVC.Encoder.so
01-01 00:01:37.575 I/EXYNOS_COMP_REGS( 1554): Loading the library: libOMX.Exynos.MPEG2.Decoder.so
01-01 00:01:37.580 I/EXYNOS_COMP_REGS( 1554): Loading the library: libOMX.Exynos.MPEG4.Decoder.so
01-01 00:01:37.585 I/EXYNOS_COMP_REGS( 1554): Loading the library: libOMX.Exynos.MPEG4.Encoder.so
01-01 00:01:37.590 I/EXYNOS_COMP_REGS( 1554): Loading the library: libOMX.Exynos.VP8.Decoder.so
01-01 00:01:37.595 I/EXYNOS_COMP_REGS( 1554): Loading the library: libOMX.Exynos.VP8.Encoder.so
01-01 00:01:37.600 I/EXYNOS_COMP_REGS( 1554): Loading the library: libOMX.Exynos.WMV.Decoder.so
01-01 00:01:37.605 E/OMXMaster( 1554): A component of name '' already exists, ignoring this one.
01-01 00:01:37.605 E/OMXMaster( 1554): A component of name '' already exists, ignoring this one.
01-01 00:01:37.605 E/OMXMaster( 1554): A component of name '' already exists, ignoring this one.
01-01 00:01:37.605 E/OMXMaster( 1554): A component of name '' already exists, ignoring this one.
01-01 00:01:37.605 E/OMXMaster( 1554): A component of name '' already exists, ignoring this one.
01-01 00:01:37.605 E/OMXMaster( 1554): A component of name '' already exists, ignoring this one.
01-01 00:01:37.610 I/pxtr_util( 1554): =============PRESTOMEDIA MODULE VERSION=============
01-01 00:01:37.610 I/pxtr_util( 1554):              MAJOR_VERSION #: 4
01-01 00:01:37.610 I/pxtr_util( 1554):              MINOR_VERSION #: 4
01-01 00:01:37.610 I/pxtr_util( 1554):              BUILD_NUMBER  #: 8983
01-01 00:01:37.610 I/pxtr_util( 1554):            BUILD_TIME    #: 01/2014/09 11:09:10
01-01 00:01:37.620 D/SystemUIService( 2042): loading: class com.android.systemui.recent.Recents
01-01 00:01:37.620 D/SystemUIService( 2042): running: com.android.systemui.recent.Recents@4187afb0
01-01 00:01:37.620 D/SystemUIService( 2042): loading: class com.android.systemui.statusbar.SystemBars
01-01 00:01:37.620 D/SystemUIService( 2042): running: com.android.systemui.statusbar.SystemBars@4187b598
01-01 00:01:37.625 D/SystemUIService( 2042): loading: class com.android.systemui.usb.StorageNotification
01-01 00:01:37.625 D/SystemUIService( 2042): running: com.android.systemui.usb.StorageNotification@4187d358
01-01 00:01:37.625 I/OMXCodec( 1554): Attempting to allocate OMX node 'OMX.google.vorbis.decoder' mime='audio/vorbis'
01-01 00:01:37.630 D/SystemUIService( 2042): loading: class com.android.systemui.power.PowerUI
01-01 00:01:37.630 D/SystemUIService( 2042): running: com.android.systemui.power.PowerUI@4187f170
01-01 00:01:37.635 D/SystemUIService( 2042): loading: class com.android.systemui.media.RingtonePlayer
01-01 00:01:37.635 D/SystemUIService( 2042): running: com.android.systemui.media.RingtonePlayer@4187feb8
01-01 00:01:37.640 D/SystemUIService( 2042): loading: class com.android.systemui.settings.SettingsUI
01-01 00:01:37.640 D/SystemUIService( 2042): running: com.android.systemui.settings.SettingsUI@418811a0
01-01 00:01:37.655 I/StatusBarManagerService( 1983): registerStatusBar bar=com.android.internal.statusbar.IStatusBar$Stub$Proxy@41a018d0
01-01 00:01:37.660 D/PhoneStatusBar( 2042): mSettingsPanelGravity = 8388661
01-01 00:01:37.665 I/OMXCodec( 1554): Attempting to allocate OMX node 'OMX.google.vorbis.decoder' mime='audio/vorbis'
01-01 00:01:37.670 D/CommandListener( 1549): Clearing all IP addresses on eth0
01-01 00:01:37.670 D/Nat464Xlat( 1983): requiresClat: netType=9, hasIPv4Address=false
01-01 00:01:37.670 D/ConnectivityService( 1983): ConnectivityChange for ETHERNET: DISCONNECTED/DISCONNECTED
01-01 00:01:37.670 D/Nat464Xlat( 1983): requiresClat: netType=9, hasIPv4Address=false
01-01 00:01:37.675 W/ContextImpl( 1983): Calling a method in the system process without a qualified user: android.app.ContextImpl.sendStickyBroadcast:1294 android.net.EthernetDataTracker.sendEthStateChangedBroadcast:108 android.net.EthernetDataTracker.disconnect:234 android.net.EthernetDataTracker$InterfaceObserver.interfaceLinkStateChanged:145 com.android.server.NetworkManagementService.notifyInterfaceLinkStateChanged:263 
01-01 00:01:37.680 W/BroadcastQueue( 1983): Permission Denial: broadcasting Intent { act=android.net.conn.CONNECTIVITY_CHANGE_IMMEDIATE flg=0x4000010 (has extras) } from null (pid=-1, uid=-1) requires android.permission.CONNECTIVITY_INTERNAL due to registered receiver BroadcastFilter{41a30588 u0 ReceiverList{41a30528 1983 system/1000/u0 local:41a30310}}
01-01 00:01:37.710 W/BroadcastQueue( 1983): Permission Denial: broadcasting Intent { act=android.net.conn.CONNECTIVITY_CHANGE_IMMEDIATE flg=0x4000010 (has extras) } from null (pid=-1, uid=-1) requires android.permission.CONNECTIVITY_INTERNAL due to registered receiver BroadcastFilter{41a35bd0 u0 ReceiverList{41a35758 1983 system/1000/u0 local:41a35540}}
01-01 00:01:37.770 W/ContextImpl( 1983): Calling a method in the system process without a qualified user: android.app.ContextImpl.sendBroadcast:1136 com.android.server.usb.UsbSettingsManager.deviceAttached:621 com.android.server.usb.UsbHostManager.usbDeviceAdded:156 com.android.server.usb.UsbHostManager.monitorUsbHostBus:-2 com.android.server.usb.UsbHostManager.access$000:38 
01-01 00:01:37.775 I/ActivityManager( 1983): Start proc android.process.media for broadcast com.android.providers.media/.MtpReceiver: pid=2117 uid=10002 gids={50002, 1028, 1015, 1023, 1024, 2001, 3003, 3007}
01-01 00:01:37.775 I/ActivityManager( 1983): Config changes=200 {1.0 ?mcc?mnc zh_CN ldltr sw720dp w1280dp h695dp 160dpi xlrg long land -touch -keyb/v/h -nav/h s.4}
01-01 00:01:37.775 W/RecognitionManagerService( 1983): no available voice recognition services found for user 0
01-01 00:01:37.795 W/InputMethodManagerService( 1983): Ignoring setImeWindowStatus of uid 1000 token: null
01-01 00:01:37.820 I/ActivityManager( 1983): Start proc com.android.inputmethod.latin for service com.android.inputmethod.latin/.LatinIME: pid=2130 uid=10013 gids={50013, 1028, 1015, 1023}
01-01 00:01:37.820 V/InputMethodManagerService( 1983): Adding window token: android.os.Binder@419a4c20
01-01 00:01:37.825 I/CommonTimeManagementService( 1983): No common time service detected on this platform.  Common time services will be unavailable.
01-01 00:01:37.825 I/InputReader( 1983): Reconfiguring input devices.  changes=0x00000020
01-01 00:01:37.835 I/InputReader( 1983): Reconfiguring input devices.  changes=0x00000010
01-01 00:01:37.835 I/ActivityManager( 1983): Start proc com.evideo.kcamservice for added application com.evideo.kcamservice: pid=2142 uid=1000 gids={41000, 1028, 1015, 1023, 3002, 3001, 3003, 2001, 1024}
01-01 00:01:37.850 I/ActivityManager( 1983): Start proc com.evideo.recordscreenservice for added application com.evideo.recordscreenservice: pid=2150 uid=1000 gids={41000, 1028, 1015, 1023, 3002, 3001, 3003, 2001, 1024}
01-01 00:01:37.850 I/ActivityManager( 1983): START u0 {act=android.intent.action.MAIN cat=[android.intent.category.HOME] flg=0x10000000 cmp=com.evideo.home/.Home} from pid 0
01-01 00:01:37.865 I/ActivityManager( 1983): Start proc com.evideo.home for activity com.evideo.home/.Home: pid=2170 uid=10021 gids={50021, 3003}
01-01 00:01:37.915 V/KeyguardServiceDelegate( 1983): *** Keyguard connected (yay!)
01-01 00:01:37.915 W/InputMethodManagerService( 1983): Focus gain on non-focused client android.view.inputmethod.InputMethodManager$1@419a7e48 (uid=1000 pid=1983)
01-01 00:01:37.970 V/BackupManagerService( 1983): Connected to transport ComponentInfo{android/com.android.internal.backup.LocalTransportService}
01-01 00:01:37.970 V/BackupManagerService( 1983): Registering transport android/com.android.internal.backup.LocalTransportService::android/com.android.internal.backup.LocalTransport = com.android.internal.backup.LocalTransport@41a336a0
01-01 00:01:37.990 E/BluetoothAdapter( 2042): Bluetooth binder is null
01-01 00:01:37.990 E/BluetoothAdapter( 2042): Bluetooth binder is null
01-01 00:01:38.000 I/LatinIME( 2130): Hardware accelerated drawing: true
01-01 00:01:38.015 E/BluetoothAdapter( 2042): Bluetooth binder is null
01-01 00:01:38.060 E/BluetoothAdapter( 2042): Bluetooth binder is null
01-01 00:01:38.100 E/ActivityThread( 2042): Failed to find provider info for com.android.contacts
01-01 00:01:38.110 W/InputAttributes( 2130): No editor info for this field. Bug?
01-01 00:01:38.115 W/Vibrator( 2130): Failed to vibrate; no vibrator service.
01-01 00:01:38.115 D/PhoneStatusBar( 2042): disable: < expand icons alerts ticker system_info back home recent clock search >
01-01 00:01:38.125 I/ResourceUtils( 2130): Found default value: resource=keypress_vibration_durations build=[HARDWARE=mocha-t5260 MODEL=kcam BRAND=eVideo MANUFACTURER=Star-Net eVideo] default=-1
01-01 00:01:38.130 I/ResourceUtils( 2130): Found default value: resource=keypress_volumes build=[HARDWARE=mocha-t5260 MODEL=kcam BRAND=eVideo MANUFACTURER=Star-Net eVideo] default=-1.0f
01-01 00:01:38.140 E/BluetoothAdapter( 2042): Bluetooth binder is null
01-01 00:01:38.145 D/PhoneStatusBar( 2042): heads up is disabled
01-01 00:01:38.150 I/LatinIME:LogUtils( 2130): Dictionary info: dictionary = userunigram.en_US.dict ; version = ? ; date = ?
01-01 00:01:38.150 D/PhoneStatusBar( 2042): mSettingsPanelGravity = 8388661
01-01 00:01:38.155 I/ActivityManager( 1983): Start proc android.process.acore for content provider com.android.providers.userdictionary/.UserDictionaryProvider: pid=2199 uid=10019 gids={50019}
01-01 00:01:38.170 I/ActivityManager( 1983): Start proc android.kcam.update.service for broadcast android.kcam.update.service/.KCamUpdateReceiver: pid=2207 uid=1000 gids={41000, 1028, 1015, 1023, 3002, 3001, 3003, 2001, 1024}
01-01 00:01:38.200 I/        ( 2170): PLATFORM VERSION : JB-MR-2
01-01 00:01:38.220 I/LatinIME:LogUtils( 2130): Dictionary info: dictionary = main:en ; version = 42 ; date = 1381226429
01-01 00:01:38.235 D/mali_winsys( 2170): new_window_surface returns 0x3000
01-01 00:01:38.260 D/OpenGLRenderer( 2170): Enabling debug mode 0
01-01 00:01:38.285 I/LatinIME:LogUtils( 2130): Dictionary info: dictionary = UserHistoryDictionary.en_US.dic ; version = ? ; date = 1357266059
01-01 00:01:38.285 I/LatinIME:LogUtils( 2130): Dictionary info: dictionary = personalization.en_US.dict ; version = ? ; date = 1356998417
01-01 00:01:38.290 I/LatinIME:LogUtils( 2130): Dictionary info: dictionary = PersonalizationPredictionDictio ; version = ? ; date = 1356998417
01-01 00:01:38.305 I/        ( 2042): PLATFORM VERSION : JB-MR-2
01-01 00:01:38.325 D/mali_winsys( 2042): new_window_surface returns 0x3000
01-01 00:01:38.335 D/OpenGLRenderer( 2042): Enabling debug mode 0
01-01 00:01:38.345 V/KeyguardServiceDelegate( 1983): **** SHOWN CALLED ****
01-01 00:01:38.355 I/ActivityManager( 1983): Displayed com.evideo.home/.Home: +500ms
01-01 00:01:38.465 I/dalvikvm-heap( 2042): Grow heap (frag case) to 13.056MB for 9830416-byte allocation
01-01 00:01:38.550 I/dalvikvm-heap( 2042): Grow heap (frag case) to 19.306MB for 6553616-byte allocation
01-01 00:01:38.555 D/AndroidRuntime( 2252): 
01-01 00:01:38.555 D/AndroidRuntime( 2252): >>>>>> AndroidRuntime START com.android.internal.os.RuntimeInit <<<<<<
01-01 00:01:38.560 D/AndroidRuntime( 2252): CheckJNI is ON
01-01 00:01:38.575 D/dalvikvm( 2252): Trying to load lib libjavacore.so 0x0
01-01 00:01:38.580 D/dalvikvm( 2252): Added shared lib libjavacore.so 0x0
01-01 00:01:38.580 D/dalvikvm( 2252): Trying to load lib libnativehelper.so 0x0
01-01 00:01:38.580 D/dalvikvm( 2252): Added shared lib libnativehelper.so 0x0
01-01 00:01:38.580 D/dalvikvm( 2252): No JNI_OnLoad found in libnativehelper.so 0x0, skipping init
01-01 00:01:38.585 D/mali_winsys( 2042): new_window_surface returns 0x3000
01-01 00:01:38.615 D/dalvikvm( 2252): Note: class Landroid/app/ActivityManagerNative; has 179 unimplemented (abstract) methods
01-01 00:01:38.645 I/SurfaceFlinger( 1551): Boot is finished (7015 ms)
01-01 00:01:38.645 D/SurfaceFlinger( 1551): boot finished. Inform HWC
01-01 00:01:38.645 D/hwcomposer( 1551): Boot Finished
01-01 00:01:38.705 W/Searchables( 1983): No global search activity found
01-01 00:01:38.710 E/BluetoothAdapter( 1983): Bluetooth binder is null
01-01 00:01:38.735 I/OMXCodec( 1554): Attempting to allocate OMX node 'OMX.google.vorbis.decoder' mime='audio/vorbis'
01-01 00:01:38.745 E/memtrack( 2252): Couldn't load memtrack module (No such file or directory)
01-01 00:01:38.745 E/android.os.Debug( 2252): failed to load memtrack module: -2
01-01 00:01:38.745 E/BluetoothAdapter( 1983): Bluetooth binder is null
01-01 00:01:38.770 I/OMXCodec( 1554): Attempting to allocate OMX node 'OMX.google.vorbis.decoder' mime='audio/vorbis'
01-01 00:01:38.770 V/WiredAccessoryManager( 1983): init()
01-01 00:01:38.775 I/PowerManagerService( 1983): Boot animation finished.
01-01 00:01:38.785 I/ActivityManager( 1983): Start proc com.example.kkfactory for broadcast com.example.kkfactory/com.example.receiver.BootReceiver: pid=2274 uid=1000 gids={41000, 1028, 1015, 1023, 3002, 3001, 3003, 2001, 1024}
01-01 00:01:38.800 D/dalvikvm( 2274): Not late-enabling CheckJNI (already on)
01-01 00:01:38.805 D/AndroidRuntime( 2252): Calling main entry com.android.commands.am.Am
01-01 00:01:38.820 I/ActivityManager( 1983): START u0 {flg=0x10000000 cmp=com.evideo.recordscreenservice/.MainActivity} from pid 2252
01-01 00:01:38.835 I/OMXCodec( 1554): Attempting to allocate OMX node 'OMX.google.vorbis.decoder' mime='audio/vorbis'
01-01 00:01:38.840 D/PermissionCache( 1551): checking android.permission.READ_FRAME_BUFFER for uid=1000 => granted (4997 us)
01-01 00:01:38.875 I/OMXCodec( 1554): Attempting to allocate OMX node 'OMX.google.vorbis.decoder' mime='audio/vorbis'
01-01 00:01:38.890 D/AndroidRuntime( 2252): Shutting down VM
01-01 00:01:38.915 I/OMXCodec( 1554): Attempting to allocate OMX node 'OMX.google.vorbis.decoder' mime='audio/vorbis'
01-01 00:01:38.950 W/ContextImpl( 2150): Calling a method in the system process without a qualified user: android.app.ContextImpl.startService:1492 android.content.ContextWrapper.startService:494 com.evideo.recordscreenservice.MainActivity.onCreate:33 android.app.Activity.performCreate:5231 android.app.Instrumentation.callActivityOnCreate:1087 
01-01 00:01:38.975 I/RtspServer( 2150): ==================Rtsp Server onCreate==================
01-01 00:01:38.980 I/screenrecord( 2150): v1.0 start called
01-01 00:01:38.980 I/OMXCodec( 1554): Attempting to allocate OMX node 'OMX.google.vorbis.decoder' mime='audio/vorbis'
01-01 00:01:38.980 I/RtspServer( 2150): ==================Rtsp Server onStartCommand==================
01-01 00:01:38.985 I/RtspServer( 2150): RTSP server listening on port 8088
01-01 00:01:38.990 I/OMXClient( 2150): Using client-side OMX mux.
01-01 00:01:38.995 D/libexynosv4l2( 1554): try node: /dev/video6
01-01 00:01:38.995 D/libexynosv4l2( 1554): try node: /dev/video7
01-01 00:01:38.995 I/libexynosv4l2( 1554): node found for device s5p-mfc-enc: /dev/video7
01-01 00:01:39.010 I/libexynosv4l2( 1554): open video device /dev/video7
01-01 00:01:39.015 D/BootReceiver( 2274): ACTION_BOOT_COMPLETED
01-01 00:01:39.015 I/        ( 2150): PLATFORM VERSION : JB-MR-2
01-01 00:01:39.015 I/ACodec  ( 2150): setupVideoEncoder succeeded
01-01 00:01:39.030 I/display ( 1551): [DYNAMIC_RECOMP] HWC_2_GLES by low FPS(4)
01-01 00:01:39.035 D/libexynosv4l2( 1554): try node: /dev/video6
01-01 00:01:39.035 D/libexynosv4l2( 1554): try node: /dev/video7
01-01 00:01:39.035 I/libexynosv4l2( 1554): node found for device s5p-mfc-enc: /dev/video7
01-01 00:01:39.040 I/RecoverySystem( 1983): No recovery log file
01-01 00:01:39.040 I/libexynosv4l2( 1554): open video device /dev/video7
01-01 00:01:39.045 D/mali_winsys( 2150): new_window_surface returns 0x3000
01-01 00:01:39.050 D/BootReceiver( 2274): parse factory_config.xml ok
01-01 00:01:39.060 D/BootReceiver( 2274): parse devices:device ok
01-01 00:01:39.060 D/mali_winsys( 1551): new_window_surface returns 0x3000
01-01 00:01:39.060 D/HWCService( 1551): [DEBUG] virtual int android::ExynosHWCService::setWFDOutputResolution(unsigned int, unsigned int, unsigned int, unsigned int)::width=1280, height=720
01-01 00:01:39.060 I/SurfaceFlinger( 1551): Virtual display is added. width(1280), height(720)
01-01 00:01:39.070 D/BootReceiver( 2274): sd1:/sys/devices/platform/dw_mmc.2/mmc_host/mmc2,/mnt/media_rw/sdcard1
01-01 00:01:39.070 I/BootReceiver( 1983): Copying audit failures to DropBox
01-01 00:01:39.070 I/BootReceiver( 1983): Checking for fsck errors
01-01 00:01:39.075 D/BootReceiver( 2274): flash1:/sys/devices/virtual/mtd/mtd9/mtdblock9,/mnt/shell/emulated
01-01 00:01:39.080 D/BootReceiver( 2274): usb1:/sys/devices/platform/s5p-ehci/usb1/1-1/1-1.1,/mnt/media_rw
01-01 00:01:39.080 D/OpenGLRenderer( 2150): Enabling debug mode 0
01-01 00:01:39.085 D/BootReceiver( 2274): usb0:/sys/devices/platform/exynos-dwc3.0/exynos-xhci.0/usb2/2-1,/mnt/media_rw
01-01 00:01:39.085 D/BootReceiver( 2274): usb2:/sys/devices/platform/s5p-ehci/usb1/1-1/1-1.2,/mnt/media_rw
01-01 00:01:39.090 D/BootReceiver( 2274): parse boot_device:usb1 ok
01-01 00:01:39.090 D/libexynosgscaler( 1554): LibMpp::LibMpp()
01-01 00:01:39.095 D/BootReceiver( 2274): usb1:/sys/devices/platform/s5p-ehci/usb1/1-1/1-1.1,/mnt/media_rw
01-01 00:01:39.100 D/XYREF5260PowerHAL( 1983): xyref5260_power_hint: 1
01-01 00:01:39.110 W/MessageQueue( 2117): Handler (android.os.Handler) {418a6150} sending message to a Handler on a dead thread
01-01 00:01:39.110 W/MessageQueue( 2117): java.lang.RuntimeException: Handler (android.os.Handler) {418a6150} sending message to a Handler on a dead thread
01-01 00:01:39.110 W/MessageQueue( 2117): 	at android.os.MessageQueue.enqueueMessage(MessageQueue.java:320)
01-01 00:01:39.110 W/MessageQueue( 2117): 	at android.os.Handler.enqueueMessage(Handler.java:626)
01-01 00:01:39.110 W/MessageQueue( 2117): 	at android.os.Handler.sendMessageAtTime(Handler.java:595)
01-01 00:01:39.110 W/MessageQueue( 2117): 	at android.os.Handler.sendMessageDelayed(Handler.java:566)
01-01 00:01:39.110 W/MessageQueue( 2117): 	at android.os.Handler.sendMessage(Handler.java:503)
01-01 00:01:39.110 W/MessageQueue( 2117): 	at android.os.Message.sendToTarget(Message.java:360)
01-01 00:01:39.110 W/MessageQueue( 2117): 	at com.android.providers.downloads.DownloadService.enqueueUpdate(DownloadService.java:203)
01-01 00:01:39.110 W/MessageQueue( 2117): 	at com.android.providers.downloads.DownloadService.access$000(DownloadService.java:71)
01-01 00:01:39.110 W/MessageQueue( 2117): 	at com.android.providers.downloads.DownloadService$DownloadManagerContentObserver.onChange(DownloadService.java:130)
01-01 00:01:39.110 W/MessageQueue( 2117): 	at android.database.ContentObserver.onChange(ContentObserver.java:129)
01-01 00:01:39.110 W/MessageQueue( 2117): 	at android.database.ContentObserver$NotificationRunnable.run(ContentObserver.java:180)
01-01 00:01:39.110 W/MessageQueue( 2117): 	at android.os.Handler.handleCallback(Handler.java:733)
01-01 00:01:39.110 W/MessageQueue( 2117): 	at android.os.Handler.dispatchMessage(Handler.java:95)
01-01 00:01:39.110 W/MessageQueue( 2117): 	at android.os.Looper.loop(Looper.java:136)
01-01 00:01:39.110 W/MessageQueue( 2117): 	at android.app.ActivityThread.main(ActivityThread.java:5017)
01-01 00:01:39.110 W/MessageQueue( 2117): 	at java.lang.reflect.Method.invokeNative(Native Method)
01-01 00:01:39.110 W/MessageQueue( 2117): 	at java.lang.reflect.Method.invoke(Method.java:515)
01-01 00:01:39.110 W/MessageQueue( 2117): 	at com.android.internal.os.ZygoteInit$MethodAndArgsCaller.run(ZygoteInit.java:779)
01-01 00:01:39.110 W/MessageQueue( 2117): 	at com.android.internal.os.ZygoteInit.main(ZygoteInit.java:595)
01-01 00:01:39.110 W/MessageQueue( 2117): 	at dalvik.system.NativeStart.main(Native Method)
01-01 00:01:39.115 I/ActivityManager( 1983): Start proc com.android.onetimeinitializer for broadcast com.android.onetimeinitializer/.OneTimeInitializerReceiver: pid=2342 uid=10005 gids={50005}
01-01 00:01:39.125 I/ExynosVideoEncoder( 1554): MFC_Encoder_ExtensionDequeue_Outbuf: encoded frame type is = 0
01-01 00:01:39.135 I/MPEG4Writer( 2150): limits: 2147483647/0 bytes/us, bit rate: -1 bps and the estimated moov size 3072 bytes
01-01 00:01:39.145 I/display ( 1551): [DYNAMIC_RECOMP] GLES_2_HWC by BW check
01-01 00:01:39.220 V/OneTimeInitializerRece( 2342): OneTimeInitializerReceiver.onReceive
01-01 00:01:39.265 W/ContextImpl( 2142): Calling a method in the system process without a qualified user: android.app.ContextImpl.startService:1492 android.content.ContextWrapper.startService:494 android.content.ContextWrapper.startService:494 com.evideo.kcamservice.KCamBootReciever.onReceive:11 android.app.ActivityThread.handleReceiver:2419 
01-01 00:01:39.275 I/KCamService( 2142): onCreate
01-01 00:01:39.275 I/KCamService( 2142): Received start id 1: Intent { cmp=com.evideo.kcamservice/.KCamService }
01-01 00:01:39.330 W/ContextImpl( 2207): Implicit intents with startService are not safe: Intent { act=android.kcam.update.service (has extras) } android.content.ContextWrapper.startService:494 android.content.ContextWrapper.startService:494 android.kcam.update.service.KCamUpdateReceiver.onReceive:69 
01-01 00:01:39.330 I/ActivityManager( 1983): Displayed com.evideo.recordscreenservice/.MainActivity: +434ms
01-01 00:01:39.330 W/ContextImpl( 2207): Calling a method in the system process without a qualified user: android.app.ContextImpl.startService:1492 android.content.ContextWrapper.startService:494 android.content.ContextWrapper.startService:494 android.kcam.update.service.KCamUpdateReceiver.onReceive:69 android.app.ActivityThread.handleReceiver:2419 
01-01 00:01:39.340 I/LauncherIconVisibilityManager( 2130): Boot has been completed
01-01 00:01:39.345 I/LauncherIconVisibilityManager( 2130): Activity has already been disabled: ComponentInfo{com.android.inputmethod.latin/com.android.inputmethod.latin.setup.SetupActivity}
01-01 00:01:39.345 D/dalvikvm( 2207): No JNI_OnLoad found in /system/lib/libmisc_access.so 0x4186e480, skipping init
01-01 00:01:39.345 I/KCamUpdateService( 2207): JNI_OnLoad
01-01 00:01:39.375 D/AndroidRuntime( 2358): 
01-01 00:01:39.375 D/AndroidRuntime( 2358): >>>>>> AndroidRuntime START com.android.internal.os.RuntimeInit <<<<<<
01-01 00:01:39.375 D/AndroidRuntime( 2358): CheckJNI is ON
01-01 00:01:39.395 D/dalvikvm( 2358): Trying to load lib libjavacore.so 0x0
01-01 00:01:39.400 D/dalvikvm( 2358): Added shared lib libjavacore.so 0x0
01-01 00:01:39.405 D/dalvikvm( 2358): Trying to load lib libnativehelper.so 0x0
01-01 00:01:39.405 D/dalvikvm( 2358): Added shared lib libnativehelper.so 0x0
01-01 00:01:39.405 D/dalvikvm( 2358): No JNI_OnLoad found in libnativehelper.so 0x0, skipping init
01-01 00:01:39.410 W/ContextImpl( 2207): Implicit intents with startService are not safe: Intent { act=kmbox.intent.action.STORAGEMANAGER } android.content.ContextWrapper.bindService:517 com.evideo.kmbox.service.storagemanager.StorageManagerServiceProxy.bindService:50 android.kcam.update.service.KCamUpdateService.onCreate:244 
01-01 00:01:39.410 W/ContextImpl( 2207): Calling a method in the system process without a qualified user: android.app.ContextImpl.bindService:1556 android.content.ContextWrapper.bindService:517 com.evideo.kmbox.service.storagemanager.StorageManagerServiceProxy.bindService:50 android.kcam.update.service.KCamUpdateService.onCreate:244 android.app.ActivityThread.handleCreateService:2572 
01-01 00:01:39.420 W/ActivityManager( 1983): Unable to start service Intent { act=kmbox.intent.action.STORAGEMANAGER } U=0: not found
01-01 00:01:39.440 D/dalvikvm( 2358): Note: class Landroid/app/ActivityManagerNative; has 179 unimplemented (abstract) methods
01-01 00:01:39.570 E/memtrack( 2358): Couldn't load memtrack module (No such file or directory)
01-01 00:01:39.570 E/android.os.Debug( 2358): failed to load memtrack module: -2
01-01 00:01:39.610 D/XYREF5260PowerHAL( 1983): xyref5260_power_hint: 0
01-01 00:01:39.615 D/XYREF5260PowerHAL( 1983): xyref5260_power_hint: 1
01-01 00:01:39.635 D/AndroidRuntime( 2358): Calling main entry com.android.commands.am.Am
01-01 00:01:39.650 D/Ethernet( 1983): Interface eth0 link up
01-01 00:01:39.650 D/Ethernet( 1983): carrier=1
01-01 00:01:39.655 D/Ethernet( 1983): checkUseStaticIp() : user set to use DHCP, about to Return.
01-01 00:01:39.655 I/ActivityManager( 1983): START u0 {flg=0x10000000 cmp=com.evideo.EvStage/com.evideo.evstageplugin.EvStagePluginActivity} from pid 2358
01-01 00:01:39.715 D/dalvikvm( 1983): WAIT_FOR_CONCURRENT_GC blocked 8ms
01-01 00:01:39.740 D/AndroidRuntime( 2358): Shutting down VM
01-01 00:01:39.750 I/ActivityManager( 1983): Start proc com.evideo.EvStage for activity com.evideo.EvStage/com.evideo.evstageplugin.EvStagePluginActivity: pid=2383 uid=1000 gids={41000, 1028, 1015, 1023, 3002, 3001, 3003, 2001, 1024}
01-01 00:01:39.850 I/nativewebcam( 2383): register_uvccamera:
01-01 00:01:39.850 I/EvStagePlugin( 2383): native dir changed from /data/app-lib/EvStage to /data/app-lib/EvStage
01-01 00:01:39.855 D/dalvikvm( 2383): Trying to load lib /data/app-lib/EvStage/libmain.so 0x41868360
01-01 00:01:39.860 D/dalvikvm( 2383): Added shared lib /data/app-lib/EvStage/libmain.so 0x41868360
01-01 00:01:40.095 W/ResourceType( 2383): Invalid package identifier when getting bag for resource number 0x00000000
01-01 00:01:40.110 D/EvStagePlugin( 2383): total 1 devices
01-01 00:01:40.110 D/EvStagePlugin( 2383): found /dev/bus/usb/001/003; 3034:33106, 0
01-01 00:01:40.110 E/usb device( 2383): no usb webcam device
01-01 00:01:40.195 I/        ( 2383): PLATFORM VERSION : JB-MR-2
01-01 00:01:40.220 D/mali_winsys( 2383): new_window_surface returns 0x3000
01-01 00:01:40.250 D/OpenGLRenderer( 2383): Enabling debug mode 0
01-01 00:01:40.500 D/Tethering( 1983): MasterInitialState.processMessage what=3
01-01 00:01:40.505 D/CaptivePortalTracker( 1983): NoActiveNetworkState{ when=-1ms what=1 obj=NetworkInfo: type: ETHERNET[], state: DISCONNECTED/DISCONNECTED, reason: (unspecified), extra: c4:09:38:ec:dd:0d, roaming: false, failover: false, isAvailable: false, isConnectedToProvisioningNetwork: false target=com.android.internal.util.StateMachine$SmHandler }
01-01 00:01:40.505 D/CaptivePortalTracker( 1983): NoActiveNetworkState not a wifi connectivity change, ignore
01-01 00:01:40.565 I/ActivityManager( 1983): Displayed com.evideo.EvStage/com.evideo.evstageplugin.EvStagePluginActivity: +826ms
01-01 00:01:40.670 W/MediaScanner( 2117): Error opening directory '/storage/sdcard1/', skipping: Permission denied.
01-01 00:01:40.670 W/MediaScanner( 2117): Error opening directory '/storage/usb1/', skipping: Permission denied.
01-01 00:01:40.670 W/MediaScanner( 2117): Error opening directory '/storage/usb2/', skipping: Permission denied.
01-01 00:01:40.675 D/Tethering( 1983): MasterInitialState.processMessage what=3
01-01 00:01:40.675 D/CaptivePortalTracker( 1983): NoActiveNetworkState{ when=0 what=1 obj=NetworkInfo: type: ETHERNET[], state: DISCONNECTED/DISCONNECTED, reason: (unspecified), extra: c4:09:38:ec:dd:0d, roaming: false, failover: false, isAvailable: false, isConnectedToProvisioningNetwork: false target=com.android.internal.util.StateMachine$SmHandler }
01-01 00:01:40.675 D/CaptivePortalTracker( 1983): NoActiveNetworkState not a wifi connectivity change, ignore
01-01 00:01:40.680 V/MediaScanner( 2117): pruneDeadThumbnailFiles... android.database.sqlite.SQLiteCursor@418ec068
01-01 00:01:40.695 V/MediaScanner( 2117): /pruneDeadThumbnailFiles... android.database.sqlite.SQLiteCursor@418ec068
01-01 00:01:40.705 D/XYREF5260PowerHAL( 1983): xyref5260_power_hint: 0
01-01 00:01:40.750 E/ActivityThread( 2170): Performing stop of activity that is not resumed: {com.evideo.home/com.evideo.home.Home}
01-01 00:01:40.750 E/ActivityThread( 2170): java.lang.RuntimeException: Performing stop of activity that is not resumed: {com.evideo.home/com.evideo.home.Home}
01-01 00:01:40.750 E/ActivityThread( 2170): 	at android.app.ActivityThread.performStopActivityInner(ActivityThread.java:3147)
01-01 00:01:40.750 E/ActivityThread( 2170): 	at android.app.ActivityThread.handleStopActivity(ActivityThread.java:3234)
01-01 00:01:40.750 E/ActivityThread( 2170): 	at android.app.ActivityThread.access$1100(ActivityThread.java:135)
01-01 00:01:40.750 E/ActivityThread( 2170): 	at android.app.ActivityThread$H.handleMessage(ActivityThread.java:1223)
01-01 00:01:40.750 E/ActivityThread( 2170): 	at android.os.Handler.dispatchMessage(Handler.java:102)
01-01 00:01:40.750 E/ActivityThread( 2170): 	at android.os.Looper.loop(Looper.java:136)
01-01 00:01:40.750 E/ActivityThread( 2170): 	at android.app.ActivityThread.main(ActivityThread.java:5017)
01-01 00:01:40.750 E/ActivityThread( 2170): 	at java.lang.reflect.Method.invokeNative(Native Method)
01-01 00:01:40.750 E/ActivityThread( 2170): 	at java.lang.reflect.Method.invoke(Method.java:515)
01-01 00:01:40.750 E/ActivityThread( 2170): 	at com.android.internal.os.ZygoteInit$MethodAndArgsCaller.run(ZygoteInit.java:779)
01-01 00:01:40.750 E/ActivityThread( 2170): 	at com.android.internal.os.ZygoteInit.main(ZygoteInit.java:595)
01-01 00:01:40.750 E/ActivityThread( 2170): 	at dalvik.system.NativeStart.main(Native Method)
01-01 00:01:40.770 I/ActivityManager( 1983): Activity reported stop, but no longer stopping: ActivityRecord{419c8378 u0 com.evideo.home/.Home t1}
01-01 00:01:40.940 D/mali_winsys( 2383): new_window_surface returns 0x3000
01-01 00:01:40.950 D/Unity   ( 2383):  GL_ARM_rgba8 GL_ARM_mali_shader_binary GL_OES_depth24 GL_OES_depth_texture GL_OES_depth_texture_cube_map GL_OES_packed_depth_stencil GL_OES_rgb8_rgba8 GL_EXT_read_format_bgra GL_OES_compressed_paletted_texture GL_OES_compressed_ETC1_RGB8_texture GL_OES_standard_derivatives GL_OES_EGL_image GL_OES_EGL_image_external GL_OES_EGL_sync GL_OES_texture_npot GL_OES_vertex_half_float GL_OES_required_internalformat GL_OES_vertex_array_object GL_OES_mapbuffer GL_EXT_texture_format_BGRA8888 GL_EXT_texture_rg GL_EXT_texture_type_2_10_10_10_REV GL_OES_fbo_render_mipmap GL_OES_element_index_uint GL_EXT_shadow_samplers GL_KHR_texture_compression_astc_ldr GL_KHR_debug GL_EXT_occlusion_query_boolean GL_EXT_blend_minmax GL_EXT_discard_framebuffer GL_OES_get_program_binary GL_OES_texture_3D GL_EXT_texture_storage GL_EXT_multisampled_render_to_texture GL_OES_surfaceless_context GL_ARM_mali_program_binary
01-01 00:01:41.020 W/ActivityThread( 2383): ClassLoader.loadClass: The class loader returned by Thread.getContextClassLoader() may fail for processes that host multiple applications. You should explicitly specify a context class loader. For example: Thread.setContextClassLoader(getClass().getClassLoader());
01-01 00:01:41.025 W/libc    ( 2383): pthread_create sched_setscheduler call failed: Operation not permitted
01-01 00:01:41.035 D/audio_hw_primary( 1554): Device:2, period_size:1024
01-01 00:01:41.035 D/audio_hw_primary( 1554): get_input_source_id();  src=0
01-01 00:01:41.035 E/audio_hw_primary( 1554): select_devices() devices 0x2 input src 0 output route media-speaker input route none
01-01 00:01:41.035 E/audio_hw_primary( 1554): unable to find path 'media-speaker'
01-01 00:01:42.220 D/DecodeInterface( 2383): init
01-01 00:01:42.230 I/dalvikvm-heap( 2383): Grow heap (frag case) to 4.372MB for 1382416-byte allocation
01-01 00:01:42.240 I/DecodeThread( 2383): ====  68 ===== 69 ==== 70
01-01 00:01:42.250 D/DecodeInterface( 2383): getTextureID
01-01 00:01:42.250 D/DecodeInterface( 2383): getTextureWidth
01-01 00:01:42.255 D/DecodeInterface( 2383): getTextureHeight
01-01 00:01:42.255 D/DecodeInterface( 2383): getTextureID
01-01 00:01:42.255 D/DecodeInterface( 2383): getTextureWidth
01-01 00:01:42.255 D/DecodeInterface( 2383): getTextureHeight
01-01 00:01:42.255 D/DecodeInterface( 2383): getTextureID
01-01 00:01:42.255 D/DecodeInterface( 2383): getTextureWidth
01-01 00:01:42.255 D/DecodeInterface( 2383): getTextureHeight
01-01 00:01:42.260 I/Unity   ( 2383): play :/system/sdcard/VideoSource/bg2.mp4
01-01 00:01:42.260 I/Unity   ( 2383):  
01-01 00:01:42.260 I/Unity   ( 2383): (Filename: ./artifacts/generated/common/runtime/UnityEngineDebugBindings.gen.cpp Line: 65)
01-01 00:01:42.260 I/Unity   ( 2383): 
01-01 00:01:42.260 D/DecodeInterface( 2383): setLoop
01-01 00:01:42.260 D/DecodeInterface( 2383): play
01-01 00:01:42.265 I/pxtr_util( 2383): =============PRESTOMEDIA MODULE VERSION=============
01-01 00:01:42.265 I/pxtr_util( 2383):              MAJOR_VERSION #: 4
01-01 00:01:42.265 I/pxtr_util( 2383):              MINOR_VERSION #: 4
01-01 00:01:42.265 I/pxtr_util( 2383):              BUILD_NUMBER  #: 8983
01-01 00:01:42.265 I/pxtr_util( 2383):            BUILD_TIME    #: 01/2014/09 11:09:10
01-01 00:01:42.275 I/OMXClient( 2383): Using client-side OMX mux.
01-01 00:01:42.275 D/libexynosv4l2( 1554): try node: /dev/video6
01-01 00:01:42.275 I/libexynosv4l2( 1554): node found for device s5p-mfc-dec: /dev/video6
01-01 00:01:42.275 I/libexynosv4l2( 1554): open video device /dev/video6
01-01 00:01:42.285 D/libexynosv4l2( 1554): try node: /dev/video6
01-01 00:01:42.285 I/libexynosv4l2( 1554): node found for device s5p-mfc-dec: /dev/video6
01-01 00:01:42.285 I/libexynosv4l2( 1554): open video device /dev/video6
01-01 00:01:42.290 E/libexynosv4l2( 1554): failed to ioctl: VIDIOC_S_CTRL (22)
01-01 00:01:42.290 E/EXYNOS_H264_DEC( 1554): Failed to set buffer process type(not supported)
01-01 00:01:42.355 D/DecodeThread( 2383): New format {height=720, what=1869968451, color-format=19, slice-height=720, crop-left=0, width=1280, crop-bottom=719, crop-top=0, mime=video/raw, stride=1280, crop-right=1279}
01-01 00:01:42.455 I/nativewebcam( 2383): deviceType 11, eventType 0
01-01 00:01:42.455 I/Unity   ( 2383): WebCamera Start
01-01 00:01:42.455 I/Unity   ( 2383):  
01-01 00:01:42.455 I/Unity   ( 2383): (Filename: ./artifacts/generated/common/runtime/UnityEngineDebugBindings.gen.cpp Line: 65)
01-01 00:01:42.455 I/Unity   ( 2383): 
01-01 00:01:43.060 I/Unity   ( 2383): begin read firmware version
01-01 00:01:43.060 I/Unity   ( 2383):  
01-01 00:01:43.060 I/Unity   ( 2383): (Filename: ./artifacts/generated/common/runtime/UnityEngineDebugBindings.gen.cpp Line: 65)
01-01 00:01:43.060 I/Unity   ( 2383): 
01-01 00:01:43.060 I/nativewebcam( 2383): getFirmwareVersion: kcam 0.1.25.1
01-01 00:01:43.105 I/nativewebcam( 2383): GetNativeTexture idx 0
01-01 00:01:43.105 I/nativewebcam( 2383): GetNativeTexture idx 1
01-01 00:01:43.110 I/nativewebcam( 2383): GetNativeTexture idx 2
01-01 00:01:43.205 I/Unity   ( 2383): current stage is: Stage1; 1
01-01 00:01:43.205 I/Unity   ( 2383):  
01-01 00:01:43.205 I/Unity   ( 2383): (Filename: ./artifacts/generated/common/runtime/UnityEngineDebugBindings.gen.cpp Line: 65)
01-01 00:01:43.205 I/Unity   ( 2383): 
01-01 00:01:43.210 I/Unity   ( 2383): MovieClip start
01-01 00:01:43.210 I/Unity   ( 2383):  
01-01 00:01:43.210 I/Unity   ( 2383): (Filename: ./artifacts/generated/common/runtime/UnityEngineDebugBindings.gen.cpp Line: 65)
01-01 00:01:43.210 I/Unity   ( 2383): 
01-01 00:01:43.210 I/nativewebcam( 2383): getFirmwareVersion: kcam 0.1.25.1
01-01 00:01:43.215 I/Unity   ( 2383): Stage1Control start
01-01 00:01:43.215 I/Unity   ( 2383):  
01-01 00:01:43.215 I/Unity   ( 2383): (Filename: ./artifacts/generated/common/runtime/UnityEngineDebugBindings.gen.cpp Line: 65)
01-01 00:01:43.215 I/Unity   ( 2383): 
01-01 00:01:43.230 D/DecodeInterface( 2383): stop
01-01 00:01:43.235 W/libexynosv4l2( 1554): failed to ioctl: VIDIOC_DQBUF (22 - Invalid argument)
01-01 00:01:43.260 I/Unity   ( 2383): play :/system/sdcard/VideoSource/bg2.mp4
01-01 00:01:43.260 I/Unity   ( 2383):  
01-01 00:01:43.260 I/Unity   ( 2383): (Filename: ./artifacts/generated/common/runtime/UnityEngineDebugBindings.gen.cpp Line: 65)
01-01 00:01:43.260 I/Unity   ( 2383): 
01-01 00:01:43.260 D/DecodeInterface( 2383): setLoop
01-01 00:01:43.260 D/DecodeInterface( 2383): play
01-01 00:01:43.270 I/OMXClient( 2383): Using client-side OMX mux.
01-01 00:01:43.270 D/libexynosv4l2( 1554): try node: /dev/video6
01-01 00:01:43.270 I/libexynosv4l2( 1554): node found for device s5p-mfc-dec: /dev/video6
01-01 00:01:43.270 I/libexynosv4l2( 1554): open video device /dev/video6
01-01 00:01:43.280 D/libexynosv4l2( 1554): try node: /dev/video6
01-01 00:01:43.280 I/libexynosv4l2( 1554): node found for device s5p-mfc-dec: /dev/video6
01-01 00:01:43.280 I/libexynosv4l2( 1554): open video device /dev/video6
01-01 00:01:43.285 E/libexynosv4l2( 1554): failed to ioctl: VIDIOC_S_CTRL (22)
01-01 00:01:43.285 E/EXYNOS_H264_DEC( 1554): Failed to set buffer process type(not supported)
01-01 00:01:43.350 D/DecodeThread( 2383): New format {height=720, what=1869968451, color-format=19, slice-height=720, crop-left=0, width=1280, crop-bottom=719, crop-top=0, mime=video/raw, stride=1280, crop-right=1279}
01-01 00:01:44.265 D/ConnectivityService( 1983): ConnectivityChange for ETHERNET: CONNECTED/CONNECTED
01-01 00:01:44.265 W/ContextImpl( 1983): Calling a method in the system process without a qualified user: android.app.ContextImpl.sendStickyBroadcast:1294 android.net.EthernetDataTracker.sendEthStateChangedBroadcast:108 android.net.EthernetDataTracker.access$900:60 android.net.EthernetDataTracker$1.run:379 java.lang.Thread.run:841 
01-01 00:01:44.265 E/ConnectivityService( 1983): Unexpected mtu value: android.net.EthernetDataTracker@41968448
01-01 00:01:44.265 E/ConnectivityService( 1983): no dns provided for ETHERNET - using 8.8.8.8
01-01 00:01:44.295 D/Nat464Xlat( 1983): requiresClat: netType=9, hasIPv4Address=true
01-01 00:01:47.300 D/Tethering( 1983): MasterInitialState.processMessage what=3
01-01 00:01:47.305 D/CaptivePortalTracker( 1983): NoActiveNetworkState{ when=0 what=1 obj=NetworkInfo: type: ETHERNET[], state: CONNECTED/CONNECTED, reason: (unspecified), extra: c4:09:38:ec:dd:0d, roaming: false, failover: false, isAvailable: true, isConnectedToProvisioningNetwork: false target=com.android.internal.util.StateMachine$SmHandler }
01-01 00:01:47.305 D/CaptivePortalTracker( 1983): NoActiveNetworkState not a wifi connectivity change, ignore
01-01 00:01:47.315 W/ContextImpl( 2207): Implicit intents with startService are not safe: Intent { act=android.kcam.update.service (has extras) } android.content.ContextWrapper.startService:494 android.content.ContextWrapper.startService:494 android.kcam.update.service.KCamUpdateReceiver.onReceive:83 
01-01 00:01:47.315 W/ContextImpl( 2207): Calling a method in the system process without a qualified user: android.app.ContextImpl.startService:1492 android.content.ContextWrapper.startService:494 android.content.ContextWrapper.startService:494 android.kcam.update.service.KCamUpdateReceiver.onReceive:83 android.app.ActivityThread.handleReceiver:2419 
01-01 00:01:54.175 W/libexynosv4l2( 1554): failed to ioctl: VIDIOC_DQBUF (22 - Invalid argument)
01-01 00:01:54.340 I/ActivityManager( 1983): Waited long enough for: ServiceRecord{41a27fb8 u0 android.kcam.update.service/.KCamUpdateService}
01-01 00:01:57.420 W/ActivityThread( 2207): ClassLoader.loadClass: The class loader returned by Thread.getContextClassLoader() may fail for processes that host multiple applications. You should explicitly specify a context class loader. For example: Thread.setContextClassLoader(getClass().getClassLoader());
01-01 00:02:05.110 W/libexynosv4l2( 1554): failed to ioctl: VIDIOC_DQBUF (22 - Invalid argument)
01-01 00:02:05.115 I/Unity   ( 2383): http request error: java.net.UnknownHostException: Unable to resolve host "kcam.ktvme.com": No address associated with hostname
01-01 00:02:05.115 I/Unity   ( 2383):  
01-01 00:02:05.115 I/Unity   ( 2383): (Filename: ./artifacts/generated/common/runtime/UnityEngineDebugBindings.gen.cpp Line: 65)
01-01 00:02:05.115 I/Unity   ( 2383): 
01-01 00:02:09.110 D/BootReceiver( 2274): usb1be not mounted.use internal section_burnning node
01-01 00:02:09.115 D/BootReceiver( 2274): find section_burnning node ok
01-01 00:02:09.115 D/BootReceiver( 2274): find section_burnning's id:net
01-01 00:02:09.120 D/BootReceiver( 2274): burnning from:net
01-01 00:02:09.125 D/BootReceiver( 2274): find net's file:factory.mpg ok
01-01 00:02:09.135 W/ActivityThread( 2274): ClassLoader.loadClass: The class loader returned by Thread.getContextClassLoader() may fail for processes that host multiple applications. You should explicitly specify a context class loader. For example: Thread.setContextClassLoader(getClass().getClassLoader());
01-01 00:02:09.285 W/ContextImpl( 2274): Calling a method in the system process without a qualified user: android.app.ContextImpl.startService:1492 android.content.ContextWrapper.startService:494 com.example.receiver.BootReceiver$2.handleMessage:468 android.os.Handler.dispatchMessage:98 android.os.Looper.loop:136 
01-01 00:02:09.370 D/BurnningDialog( 2274): onCreate
01-01 00:02:09.410 D/AdapterItems( 2274): mManualData size=0
01-01 00:02:15.850 W/libexynosv4l2( 1554): failed to ioctl: VIDIOC_DQBUF (22 - Invalid argument)
01-01 00:02:24.300 I/ActivityManager( 1983): Waited long enough for: ServiceRecord{41ab4320 u0 com.example.kkfactory/com.example.activity.BurnningService}
01-01 00:02:25.125 W/System.err( 2207): java.net.UnknownHostException: Unable to resolve host "kcam.ktvme.com": No address associated with hostname
01-01 00:02:25.125 W/System.err( 2207): 	at java.net.InetAddress.lookupHostByName(InetAddress.java:424)
01-01 00:02:25.125 W/System.err( 2207): 	at java.net.InetAddress.getAllByNameImpl(InetAddress.java:236)
01-01 00:02:25.125 W/System.err( 2207): 	at java.net.InetAddress.getAllByName(InetAddress.java:214)
01-01 00:02:25.125 W/System.err( 2207): 	at org.apache.http.impl.conn.DefaultClientConnectionOperator.openConnection(DefaultClientConnectionOperator.java:137)
01-01 00:02:25.125 W/System.err( 2207): 	at org.apache.http.impl.conn.AbstractPoolEntry.open(AbstractPoolEntry.java:164)
01-01 00:02:25.125 W/System.err( 2207): 	at org.apache.http.impl.conn.AbstractPooledConnAdapter.open(AbstractPooledConnAdapter.java:119)
01-01 00:02:25.125 W/System.err( 2207): 	at org.apache.http.impl.client.DefaultRequestDirector.execute(DefaultRequestDirector.java:360)
01-01 00:02:25.125 W/System.err( 2207): 	at org.apache.http.impl.client.AbstractHttpClient.execute(AbstractHttpClient.java:555)
01-01 00:02:25.125 W/System.err( 2207): 	at org.apache.http.impl.client.AbstractHttpClient.execute(AbstractHttpClient.java:487)
01-01 00:02:25.125 W/System.err( 2207): 	at org.apache.http.impl.client.AbstractHttpClient.execute(AbstractHttpClient.java:465)
01-01 00:02:25.125 W/System.err( 2207): 	at android.kcam.update.service.KCamUpdateService.requestAppServerForUpdate(KCamUpdateService.java:914)
01-01 00:02:25.125 W/System.err( 2207): 	at android.kcam.update.service.KCamUpdateService.access$1000(KCamUpdateService.java:69)
01-01 00:02:25.125 W/System.err( 2207): 	at android.kcam.update.service.KCamUpdateService$WorkHandler.handleMessage(KCamUpdateService.java:434)
01-01 00:02:25.125 W/System.err( 2207): 	at android.os.Handler.dispatchMessage(Handler.java:102)
01-01 00:02:25.125 W/System.err( 2207): 	at android.os.Looper.loop(Looper.java:136)
01-01 00:02:25.125 W/System.err( 2207): 	at android.os.HandlerThread.run(HandlerThread.java:61)
01-01 00:02:25.125 W/System.err( 2207): Caused by: libcore.io.GaiException: getaddrinfo failed: EAI_NODATA (No address associated with hostname)
01-01 00:02:25.130 W/System.err( 2207): 	at libcore.io.Posix.getaddrinfo(Native Method)
01-01 00:02:25.130 W/System.err( 2207): 	at libcore.io.ForwardingOs.getaddrinfo(ForwardingOs.java:61)
01-01 00:02:25.130 W/System.err( 2207): 	at java.net.InetAddress.lookupHostByName(InetAddress.java:405)
01-01 00:02:25.130 W/System.err( 2207): 	... 15 more
01-01 00:02:25.130 W/System.err( 2207): Caused by: libcore.io.ErrnoException: getaddrinfo failed: EINVAL (Invalid argument)
01-01 00:02:25.135 W/System.err( 2207): 	... 18 more
01-01 00:02:25.135 E/KCamUpdateService( 2207): Unable to resolve host "kcam.ktvme.com": No address associated with hostname
01-01 00:02:25.135 W/ContextImpl( 2207): Calling a method in the system process without a qualified user: android.app.ContextImpl.sendBroadcast:1136 android.content.ContextWrapper.sendBroadcast:365 android.kcam.update.service.KCamUpdateService$WorkHandler.handleMessage:514 android.os.Handler.dispatchMessage:102 android.os.Looper.loop:136 
01-01 00:02:26.645 W/libexynosv4l2( 1554): failed to ioctl: VIDIOC_DQBUF (22 - Invalid argument)
01-01 00:02:37.400 W/libexynosv4l2( 1554): failed to ioctl: VIDIOC_DQBUF (22 - Invalid argument)
01-01 00:02:45.600 I/hwcomposer( 1551): HDMI Resolution changed to 1280x720
01-01 00:02:45.605 D/mali_winsys( 1551): new_window_surface returns 0x3000
01-01 00:02:45.610 V/WiredAccessoryManager( 1983): Headset UEVENT: {SUBSYSTEM=switch, SWITCH_STATE=1, DEVPATH=/devices/virtual/switch/hdmi, SEQNUM=1512, ACTION=change, SWITCH_NAME=hdmi}
01-01 00:02:45.610 I/DisplayManagerService( 1983): Display device added: DisplayDeviceInfo{"HDMI ": 1280 x 720, 61.000004 fps, density 213, 213.0 x 213.0 dpi, touch EXTERNAL, rotation 0, type HDMI, FLAG_SECURE, FLAG_SUPPORTS_PROTECTED_BUFFERS, FLAG_PRESENTATION}
01-01 00:02:45.610 V/WiredAccessoryManager( 1983): newName=hdmi newState=16 headsetState=16 prev headsetState=0
01-01 00:02:45.610 V/WiredAccessoryManager( 1983): device hdmi connected
01-01 00:02:45.620 W/AudioTrack( 2383): dead IAudioTrack, PCM, creating a new one from obtainBuffer()
01-01 00:02:45.625 D/SurfaceFlinger( 1551): Screen acquired, type=1 flinger=0x4067a670
01-01 00:02:45.635 I/SurfaceControl( 1983): void android::nativeSetDisplayProjection(JNIEnv*, jclass, jobject, jint, jint, jint, jint, jint, jint, jint, jint, jint):: physWidth * physHeight(1280 * 720), displayRectWidth * displayRectHeight(1280 * 720)
01-01 00:02:45.635 I/SurfaceControl( 1983): void android::nativeSetDisplayProjection(JNIEnv*, jclass, jobject, jint, jint, jint, jint, jint, jint, jint, jint, jint):: layerStackRect: (0, 0, 1280, 720), displayRect: (0, 0, 1280, 720), orientation: 0
01-01 00:02:45.635 I/SurfaceControl( 1983): void android::nativeSetDisplayProjection(JNIEnv*, jclass, jobject, jint, jint, jint, jint, jint, jint, jint, jint, jint):: physical info: main info(), exteranl info(1280,720), resolution(0), scaling(100)
01-01 00:02:45.635 I/SurfaceControl( 1983): void android::nativeSetDisplayProjection(JNIEnv*, jclass, jobject, jint, jint, jint, jint, jint, jint, jint, jint, jint):: offset info: OffsetTop(0), OffsetBottom(0), OffsetLeft(0), OffsetRight(0)
01-01 00:02:45.710 D/audio_hw_primary( 1554): get_input_source_id();  src=0
01-01 00:02:45.735 D/audio_hw_primary( 1554): Device:1024, period_size:1024
01-01 00:02:45.735 D/audio_hw_primary( 1554): get_input_source_id();  src=0
01-01 00:02:47.970 D/Ethernet( 1983): Interface eth0 link down
01-01 00:02:48.175 D/CommandListener( 1549): Clearing all IP addresses on eth0
01-01 00:02:48.190 W/ContextImpl( 1983): Calling a method in the system process without a qualified user: android.app.ContextImpl.sendStickyBroadcast:1294 android.net.EthernetDataTracker.sendEthStateChangedBroadcast:108 android.net.EthernetDataTracker.disconnect:234 android.net.EthernetDataTracker$InterfaceObserver.interfaceLinkStateChanged:145 com.android.server.NetworkManagementService.notifyInterfaceLinkStateChanged:263 
