01-01 00:02:48.210 D/Nat464Xlat( 1983): requiresClat: netType=9, hasIPv4Address=false
01-01 00:02:48.210 D/ConnectivityService( 1983): ConnectivityChange for ETHERNET: DISCONNECTED/DISCONNECTED
01-01 00:02:48.210 D/ConnectivityService( 1983): tryFailover: set mActiveDefaultNetwork=-1, prevNetType=9
01-01 00:02:48.210 D/Nat464Xlat( 1983): requiresClat: netType=9, hasIPv4Address=false
01-01 00:02:48.340 W/libexynosv4l2( 1554): failed to ioctl: VIDIOC_DQBUF (22 - Invalid argument)
01-01 00:02:48.570 V/WiredAccessoryManager( 1983): Headset UEVENT: {SUBSYSTEM=switch, SWITCH_STATE=0, DEVPATH=/devices/virtual/switch/hdmi, SEQNUM=1513, ACTION=change, SWITCH_NAME=hdmi}
01-01 00:02:48.570 V/WiredAccessoryManager( 1983): newName=hdmi newState=0 headsetState=0 prev headsetState=16
01-01 00:02:48.570 V/WiredAccessoryManager( 1983): device hdmi disconnected
01-01 00:02:48.590 I/DisplayManagerService( 1983): Display device removed: DisplayDeviceInfo{"HDMI ": 1280 x 720, 61.000004 fps, density 213, 213.0 x 213.0 dpi, touch EXTERNAL, rotation 0, type HDMI, FLAG_SECURE, FLAG_SUPPORTS_PROTECTED_BUFFERS, FLAG_PRESENTATION}
01-01 00:02:49.570 W/AudioTrack( 2383): dead IAudioTrack, PCM, creating a new one from obtainBuffer()
01-01 00:02:49.655 D/audio_hw_primary( 1554): get_input_source_id();  src=0
01-01 00:02:49.670 D/audio_hw_primary( 1554): Device:2, period_size:1024
01-01 00:02:49.670 D/audio_hw_primary( 1554): get_input_source_id();  src=0
01-01 00:02:51.215 D/Tethering( 1983): MasterInitialState.processMessage what=3
01-01 00:02:51.220 D/CaptivePortalTracker( 1983): NoActiveNetworkState{ when=-1ms what=1 obj=NetworkInfo: type: ETHERNET[], state: DISCONNECTED/DISCONNECTED, reason: (unspecified), extra: c4:09:38:ec:dd:0d, roaming: false, failover: false, isAvailable: false, isConnectedToProvisioningNetwork: false target=com.android.internal.util.StateMachine$SmHandler }
01-01 00:02:51.220 D/CaptivePortalTracker( 1983): NoActiveNetworkState not a wifi connectivity change, ignore
01-01 00:02:59.270 W/libexynosv4l2( 1554): failed to ioctl: VIDIOC_DQBUF (22 - Invalid argument)
01-01 00:03:10.210 W/libexynosv4l2( 1554): failed to ioctl: VIDIOC_DQBUF (22 - Invalid argument)
01-01 00:03:21.145 W/libexynosv4l2( 1554): failed to ioctl: VIDIOC_DQBUF (22 - Invalid argument)
01-01 00:03:32.085 W/libexynosv4l2( 1554): failed to ioctl: VIDIOC_DQBUF (22 - Invalid argument)
01-01 00:03:43.035 W/libexynosv4l2( 1554): failed to ioctl: VIDIOC_DQBUF (22 - Invalid argument)
01-01 00:03:53.980 W/libexynosv4l2( 1554): failed to ioctl: VIDIOC_DQBUF (22 - Invalid argument)
01-01 00:04:04.490 D/dalvikvm( 2150): WAIT_FOR_CONCURRENT_GC blocked 17ms
01-01 00:04:04.850 W/libexynosv4l2( 1554): failed to ioctl: VIDIOC_DQBUF (22 - Invalid argument)
01-01 00:04:15.795 W/libexynosv4l2( 1554): failed to ioctl: VIDIOC_DQBUF (22 - Invalid argument)
01-01 00:04:26.740 W/libexynosv4l2( 1554): failed to ioctl: VIDIOC_DQBUF (22 - Invalid argument)
01-01 00:04:37.695 W/libexynosv4l2( 1554): failed to ioctl: VIDIOC_DQBUF (22 - Invalid argument)
01-01 00:04:48.620 W/libexynosv4l2( 1554): failed to ioctl: VIDIOC_DQBUF (22 - Invalid argument)
01-01 00:04:59.510 W/libexynosv4l2( 1554): failed to ioctl: VIDIOC_DQBUF (22 - Invalid argument)
01-01 00:05:10.440 W/libexynosv4l2( 1554): failed to ioctl: VIDIOC_DQBUF (22 - Invalid argument)
01-01 00:05:21.350 W/libexynosv4l2( 1554): failed to ioctl: VIDIOC_DQBUF (22 - Invalid argument)
01-01 00:05:32.285 W/libexynosv4l2( 1554): failed to ioctl: VIDIOC_DQBUF (22 - Invalid argument)
01-01 00:05:39.430 D/dalvikvm( 2150): WAIT_FOR_CONCURRENT_GC blocked 3ms
01-01 00:05:43.210 W/libexynosv4l2( 1554): failed to ioctl: VIDIOC_DQBUF (22 - Invalid argument)
01-01 00:05:54.145 W/libexynosv4l2( 1554): failed to ioctl: VIDIOC_DQBUF (22 - Invalid argument)
01-01 00:05:57.420 D/dalvikvm( 2150): WAIT_FOR_CONCURRENT_GC blocked 2ms
01-01 00:06:05.080 W/libexynosv4l2( 1554): failed to ioctl: VIDIOC_DQBUF (22 - Invalid argument)
01-01 00:06:16.020 W/libexynosv4l2( 1554): failed to ioctl: VIDIOC_DQBUF (22 - Invalid argument)
01-01 00:06:26.960 W/libexynosv4l2( 1554): failed to ioctl: VIDIOC_DQBUF (22 - Invalid argument)
01-01 00:06:37.905 W/libexynosv4l2( 1554): failed to ioctl: VIDIOC_DQBUF (22 - Invalid argument)
01-01 00:06:48.840 W/libexynosv4l2( 1554): failed to ioctl: VIDIOC_DQBUF (22 - Invalid argument)
01-01 00:06:59.770 W/libexynosv4l2( 1554): failed to ioctl: VIDIOC_DQBUF (22 - Invalid argument)
01-01 00:07:10.735 W/libexynosv4l2( 1554): failed to ioctl: VIDIOC_DQBUF (22 - Invalid argument)
01-01 00:07:21.665 W/libexynosv4l2( 1554): failed to ioctl: VIDIOC_DQBUF (22 - Invalid argument)
01-01 00:07:32.615 W/libexynosv4l2( 1554): failed to ioctl: VIDIOC_DQBUF (22 - Invalid argument)
01-01 00:07:43.520 W/libexynosv4l2( 1554): failed to ioctl: VIDIOC_DQBUF (22 - Invalid argument)
01-01 00:07:54.455 W/libexynosv4l2( 1554): failed to ioctl: VIDIOC_DQBUF (22 - Invalid argument)
01-01 00:08:05.360 W/libexynosv4l2( 1554): failed to ioctl: VIDIOC_DQBUF (22 - Invalid argument)
01-01 00:08:16.310 W/libexynosv4l2( 1554): failed to ioctl: VIDIOC_DQBUF (22 - Invalid argument)
01-01 00:08:27.250 W/libexynosv4l2( 1554): failed to ioctl: VIDIOC_DQBUF (22 - Invalid argument)
01-01 00:08:38.205 W/libexynosv4l2( 1554): failed to ioctl: VIDIOC_DQBUF (22 - Invalid argument)
01-01 00:08:49.155 W/libexynosv4l2( 1554): failed to ioctl: VIDIOC_DQBUF (22 - Invalid argument)
01-01 00:09:00.080 W/libexynosv4l2( 1554): failed to ioctl: VIDIOC_DQBUF (22 - Invalid argument)
01-01 00:09:11.010 W/libexynosv4l2( 1554): failed to ioctl: VIDIOC_DQBUF (22 - Invalid argument)
01-01 00:09:21.945 W/libexynosv4l2( 1554): failed to ioctl: VIDIOC_DQBUF (22 - Invalid argument)
01-01 00:09:32.890 W/libexynosv4l2( 1554): failed to ioctl: VIDIOC_DQBUF (22 - Invalid argument)
01-01 00:09:43.820 W/libexynosv4l2( 1554): failed to ioctl: VIDIOC_DQBUF (22 - Invalid argument)
01-01 00:09:54.720 W/libexynosv4l2( 1554): failed to ioctl: VIDIOC_DQBUF (22 - Invalid argument)
01-01 00:10:05.660 W/libexynosv4l2( 1554): failed to ioctl: VIDIOC_DQBUF (22 - Invalid argument)
01-01 00:10:16.605 W/libexynosv4l2( 1554): failed to ioctl: VIDIOC_DQBUF (22 - Invalid argument)
01-01 00:10:27.500 W/libexynosv4l2( 1554): failed to ioctl: VIDIOC_DQBUF (22 - Invalid argument)
01-01 00:10:38.430 W/libexynosv4l2( 1554): failed to ioctl: VIDIOC_DQBUF (22 - Invalid argument)
01-01 00:10:49.380 W/libexynosv4l2( 1554): failed to ioctl: VIDIOC_DQBUF (22 - Invalid argument)
01-01 00:11:00.315 W/libexynosv4l2( 1554): failed to ioctl: VIDIOC_DQBUF (22 - Invalid argument)
01-01 00:11:11.220 W/libexynosv4l2( 1554): failed to ioctl: VIDIOC_DQBUF (22 - Invalid argument)
01-01 00:11:22.120 W/libexynosv4l2( 1554): failed to ioctl: VIDIOC_DQBUF (22 - Invalid argument)
01-01 00:11:33.070 W/libexynosv4l2( 1554): failed to ioctl: VIDIOC_DQBUF (22 - Invalid argument)
01-01 00:11:44.020 W/libexynosv4l2( 1554): failed to ioctl: VIDIOC_DQBUF (22 - Invalid argument)
01-01 00:11:54.965 W/libexynosv4l2( 1554): failed to ioctl: VIDIOC_DQBUF (22 - Invalid argument)
01-01 00:12:05.895 W/libexynosv4l2( 1554): failed to ioctl: VIDIOC_DQBUF (22 - Invalid argument)
01-01 00:12:16.825 W/libexynosv4l2( 1554): failed to ioctl: VIDIOC_DQBUF (22 - Invalid argument)
01-01 00:12:27.765 W/libexynosv4l2( 1554): failed to ioctl: VIDIOC_DQBUF (22 - Invalid argument)
01-01 00:12:38.700 W/libexynosv4l2( 1554): failed to ioctl: VIDIOC_DQBUF (22 - Invalid argument)
01-01 00:12:49.630 W/libexynosv4l2( 1554): failed to ioctl: VIDIOC_DQBUF (22 - Invalid argument)
01-01 00:13:00.575 W/libexynosv4l2( 1554): failed to ioctl: VIDIOC_DQBUF (22 - Invalid argument)
01-01 00:13:11.510 W/libexynosv4l2( 1554): failed to ioctl: VIDIOC_DQBUF (22 - Invalid argument)
01-01 00:13:22.445 W/libexynosv4l2( 1554): failed to ioctl: VIDIOC_DQBUF (22 - Invalid argument)
01-01 00:13:33.385 W/libexynosv4l2( 1554): failed to ioctl: VIDIOC_DQBUF (22 - Invalid argument)
01-01 00:13:44.365 W/libexynosv4l2( 1554): failed to ioctl: VIDIOC_DQBUF (22 - Invalid argument)
01-01 00:13:55.265 W/libexynosv4l2( 1554): failed to ioctl: VIDIOC_DQBUF (22 - Invalid argument)
01-01 00:14:06.190 W/libexynosv4l2( 1554): failed to ioctl: VIDIOC_DQBUF (22 - Invalid argument)
01-01 00:14:17.095 W/libexynosv4l2( 1554): failed to ioctl: VIDIOC_DQBUF (22 - Invalid argument)
01-01 00:14:28.025 W/libexynosv4l2( 1554): failed to ioctl: VIDIOC_DQBUF (22 - Invalid argument)
01-01 00:14:38.960 W/libexynosv4l2( 1554): failed to ioctl: VIDIOC_DQBUF (22 - Invalid argument)
01-01 00:14:49.905 W/libexynosv4l2( 1554): failed to ioctl: VIDIOC_DQBUF (22 - Invalid argument)
01-01 00:15:00.850 W/libexynosv4l2( 1554): failed to ioctl: VIDIOC_DQBUF (22 - Invalid argument)
01-01 00:15:11.800 W/libexynosv4l2( 1554): failed to ioctl: VIDIOC_DQBUF (22 - Invalid argument)
01-01 00:15:22.740 W/libexynosv4l2( 1554): failed to ioctl: VIDIOC_DQBUF (22 - Invalid argument)
01-01 00:15:33.665 W/libexynosv4l2( 1554): failed to ioctl: VIDIOC_DQBUF (22 - Invalid argument)
01-01 00:15:44.605 W/libexynosv4l2( 1554): failed to ioctl: VIDIOC_DQBUF (22 - Invalid argument)
01-01 00:15:55.545 W/libexynosv4l2( 1554): failed to ioctl: VIDIOC_DQBUF (22 - Invalid argument)
01-01 00:16:06.485 W/libexynosv4l2( 1554): failed to ioctl: VIDIOC_DQBUF (22 - Invalid argument)
01-01 00:16:17.415 W/libexynosv4l2( 1554): failed to ioctl: VIDIOC_DQBUF (22 - Invalid argument)
01-01 00:16:28.360 W/libexynosv4l2( 1554): failed to ioctl: VIDIOC_DQBUF (22 - Invalid argument)
01-01 00:16:39.305 W/libexynosv4l2( 1554): failed to ioctl: VIDIOC_DQBUF (22 - Invalid argument)
01-01 00:16:46.260 D/dalvikvm( 2150): WAIT_FOR_CONCURRENT_GC blocked 12ms
01-01 00:16:50.245 W/libexynosv4l2( 1554): failed to ioctl: VIDIOC_DQBUF (22 - Invalid argument)
01-01 00:16:54.355 D/dalvikvm( 2150): WAIT_FOR_CONCURRENT_GC blocked 6ms
01-01 00:17:01.145 W/libexynosv4l2( 1554): failed to ioctl: VIDIOC_DQBUF (22 - Invalid argument)
01-01 00:17:12.035 W/libexynosv4l2( 1554): failed to ioctl: VIDIOC_DQBUF (22 - Invalid argument)
01-01 00:17:22.970 W/libexynosv4l2( 1554): failed to ioctl: VIDIOC_DQBUF (22 - Invalid argument)
01-01 00:17:33.910 W/libexynosv4l2( 1554): failed to ioctl: VIDIOC_DQBUF (22 - Invalid argument)
01-01 00:17:44.850 W/libexynosv4l2( 1554): failed to ioctl: VIDIOC_DQBUF (22 - Invalid argument)
01-01 00:17:55.790 W/libexynosv4l2( 1554): failed to ioctl: VIDIOC_DQBUF (22 - Invalid argument)
01-01 00:18:06.695 W/libexynosv4l2( 1554): failed to ioctl: VIDIOC_DQBUF (22 - Invalid argument)
01-01 00:18:17.595 W/libexynosv4l2( 1554): failed to ioctl: VIDIOC_DQBUF (22 - Invalid argument)
01-01 00:18:28.530 W/libexynosv4l2( 1554): failed to ioctl: VIDIOC_DQBUF (22 - Invalid argument)
01-01 00:18:39.465 W/libexynosv4l2( 1554): failed to ioctl: VIDIOC_DQBUF (22 - Invalid argument)
01-01 00:18:50.395 W/libexynosv4l2( 1554): failed to ioctl: VIDIOC_DQBUF (22 - Invalid argument)
01-01 00:19:01.360 W/libexynosv4l2( 1554): failed to ioctl: VIDIOC_DQBUF (22 - Invalid argument)
01-01 00:19:12.300 W/libexynosv4l2( 1554): failed to ioctl: VIDIOC_DQBUF (22 - Invalid argument)
01-01 00:19:18.505 D/dalvikvm( 2150): WAIT_FOR_CONCURRENT_GC blocked 9ms
01-01 00:19:23.225 W/libexynosv4l2( 1554): failed to ioctl: VIDIOC_DQBUF (22 - Invalid argument)
01-01 00:19:34.180 W/libexynosv4l2( 1554): failed to ioctl: VIDIOC_DQBUF (22 - Invalid argument)
01-01 00:19:45.125 W/libexynosv4l2( 1554): failed to ioctl: VIDIOC_DQBUF (22 - Invalid argument)
01-01 00:19:56.075 W/libexynosv4l2( 1554): failed to ioctl: VIDIOC_DQBUF (22 - Invalid argument)
01-01 00:20:07.010 W/libexynosv4l2( 1554): failed to ioctl: VIDIOC_DQBUF (22 - Invalid argument)
01-01 00:20:17.915 W/libexynosv4l2( 1554): failed to ioctl: VIDIOC_DQBUF (22 - Invalid argument)
01-01 00:20:28.860 W/libexynosv4l2( 1554): failed to ioctl: VIDIOC_DQBUF (22 - Invalid argument)
01-01 00:20:39.795 W/libexynosv4l2( 1554): failed to ioctl: VIDIOC_DQBUF (22 - Invalid argument)
01-01 00:20:50.745 W/libexynosv4l2( 1554): failed to ioctl: VIDIOC_DQBUF (22 - Invalid argument)
01-01 00:21:01.680 W/libexynosv4l2( 1554): failed to ioctl: VIDIOC_DQBUF (22 - Invalid argument)
01-01 00:21:12.620 W/libexynosv4l2( 1554): failed to ioctl: VIDIOC_DQBUF (22 - Invalid argument)
01-01 00:21:23.520 W/libexynosv4l2( 1554): failed to ioctl: VIDIOC_DQBUF (22 - Invalid argument)
01-01 00:21:34.450 W/libexynosv4l2( 1554): failed to ioctl: VIDIOC_DQBUF (22 - Invalid argument)
01-01 00:21:45.385 W/libexynosv4l2( 1554): failed to ioctl: VIDIOC_DQBUF (22 - Invalid argument)
01-01 00:21:56.340 W/libexynosv4l2( 1554): failed to ioctl: VIDIOC_DQBUF (22 - Invalid argument)
01-01 00:22:07.290 W/libexynosv4l2( 1554): failed to ioctl: VIDIOC_DQBUF (22 - Invalid argument)
01-01 00:22:18.235 W/libexynosv4l2( 1554): failed to ioctl: VIDIOC_DQBUF (22 - Invalid argument)
01-01 00:22:29.180 W/libexynosv4l2( 1554): failed to ioctl: VIDIOC_DQBUF (22 - Invalid argument)
01-01 00:22:40.130 W/libexynosv4l2( 1554): failed to ioctl: VIDIOC_DQBUF (22 - Invalid argument)
01-01 00:22:51.060 W/libexynosv4l2( 1554): failed to ioctl: VIDIOC_DQBUF (22 - Invalid argument)
01-01 00:23:02.000 W/libexynosv4l2( 1554): failed to ioctl: VIDIOC_DQBUF (22 - Invalid argument)
01-01 00:23:12.930 W/libexynosv4l2( 1554): failed to ioctl: VIDIOC_DQBUF (22 - Invalid argument)
01-01 00:23:23.870 W/libexynosv4l2( 1554): failed to ioctl: VIDIOC_DQBUF (22 - Invalid argument)
01-01 00:23:34.780 W/libexynosv4l2( 1554): failed to ioctl: VIDIOC_DQBUF (22 - Invalid argument)
01-01 00:23:45.720 W/libexynosv4l2( 1554): failed to ioctl: VIDIOC_DQBUF (22 - Invalid argument)
01-01 00:23:56.660 W/libexynosv4l2( 1554): failed to ioctl: VIDIOC_DQBUF (22 - Invalid argument)
01-01 00:24:07.590 W/libexynosv4l2( 1554): failed to ioctl: VIDIOC_DQBUF (22 - Invalid argument)
01-01 00:24:18.530 W/libexynosv4l2( 1554): failed to ioctl: VIDIOC_DQBUF (22 - Invalid argument)
01-01 00:24:29.465 W/libexynosv4l2( 1554): failed to ioctl: VIDIOC_DQBUF (22 - Invalid argument)
01-01 00:24:40.375 W/libexynosv4l2( 1554): failed to ioctl: VIDIOC_DQBUF (22 - Invalid argument)
01-01 00:24:51.315 W/libexynosv4l2( 1554): failed to ioctl: VIDIOC_DQBUF (22 - Invalid argument)
01-01 00:25:02.250 W/libexynosv4l2( 1554): failed to ioctl: VIDIOC_DQBUF (22 - Invalid argument)
01-01 00:25:13.215 W/libexynosv4l2( 1554): failed to ioctl: VIDIOC_DQBUF (22 - Invalid argument)
01-01 00:25:24.145 W/libexynosv4l2( 1554): failed to ioctl: VIDIOC_DQBUF (22 - Invalid argument)
01-01 00:25:35.095 W/libexynosv4l2( 1554): failed to ioctl: VIDIOC_DQBUF (22 - Invalid argument)
01-01 00:25:46.030 W/libexynosv4l2( 1554): failed to ioctl: VIDIOC_DQBUF (22 - Invalid argument)
01-01 00:25:56.960 W/libexynosv4l2( 1554): failed to ioctl: VIDIOC_DQBUF (22 - Invalid argument)
01-01 00:26:07.885 W/libexynosv4l2( 1554): failed to ioctl: VIDIOC_DQBUF (22 - Invalid argument)
01-01 00:26:18.840 W/libexynosv4l2( 1554): failed to ioctl: VIDIOC_DQBUF (22 - Invalid argument)
01-01 00:26:29.765 W/libexynosv4l2( 1554): failed to ioctl: VIDIOC_DQBUF (22 - Invalid argument)
01-01 00:26:30.210 D/dalvikvm( 2150): WAIT_FOR_CONCURRENT_GC blocked 17ms
01-01 00:26:40.705 W/libexynosv4l2( 1554): failed to ioctl: VIDIOC_DQBUF (22 - Invalid argument)
01-01 00:26:51.630 W/libexynosv4l2( 1554): failed to ioctl: VIDIOC_DQBUF (22 - Invalid argument)
01-01 00:27:02.585 W/libexynosv4l2( 1554): failed to ioctl: VIDIOC_DQBUF (22 - Invalid argument)
01-01 00:27:13.515 W/libexynosv4l2( 1554): failed to ioctl: VIDIOC_DQBUF (22 - Invalid argument)
01-01 00:27:24.445 W/libexynosv4l2( 1554): failed to ioctl: VIDIOC_DQBUF (22 - Invalid argument)
01-01 00:27:35.345 W/libexynosv4l2( 1554): failed to ioctl: VIDIOC_DQBUF (22 - Invalid argument)
01-01 00:27:46.275 W/libexynosv4l2( 1554): failed to ioctl: VIDIOC_DQBUF (22 - Invalid argument)
01-01 00:27:57.210 W/libexynosv4l2( 1554): failed to ioctl: VIDIOC_DQBUF (22 - Invalid argument)
01-01 00:28:08.145 W/libexynosv4l2( 1554): failed to ioctl: VIDIOC_DQBUF (22 - Invalid argument)
01-01 00:28:19.090 W/libexynosv4l2( 1554): failed to ioctl: VIDIOC_DQBUF (22 - Invalid argument)
01-01 00:28:30.030 W/libexynosv4l2( 1554): failed to ioctl: VIDIOC_DQBUF (22 - Invalid argument)
01-01 00:28:40.970 W/libexynosv4l2( 1554): failed to ioctl: VIDIOC_DQBUF (22 - Invalid argument)
01-01 00:28:51.875 W/libexynosv4l2( 1554): failed to ioctl: VIDIOC_DQBUF (22 - Invalid argument)
01-01 00:29:02.820 W/libexynosv4l2( 1554): failed to ioctl: VIDIOC_DQBUF (22 - Invalid argument)
01-01 00:29:13.775 W/libexynosv4l2( 1554): failed to ioctl: VIDIOC_DQBUF (22 - Invalid argument)
01-01 00:29:23.550 D/dalvikvm( 2150): WAIT_FOR_CONCURRENT_GC blocked 10ms
01-01 00:29:24.680 W/libexynosv4l2( 1554): failed to ioctl: VIDIOC_DQBUF (22 - Invalid argument)
01-01 00:29:33.810 I/dalvikvm( 1983): Jit: resizing JitTable from 4096 to 8192
01-01 00:29:35.625 W/libexynosv4l2( 1554): failed to ioctl: VIDIOC_DQBUF (22 - Invalid argument)
01-01 00:29:46.565 W/libexynosv4l2( 1554): failed to ioctl: VIDIOC_DQBUF (22 - Invalid argument)
01-01 00:29:57.500 W/libexynosv4l2( 1554): failed to ioctl: VIDIOC_DQBUF (22 - Invalid argument)
01-01 00:30:08.440 W/libexynosv4l2( 1554): failed to ioctl: VIDIOC_DQBUF (22 - Invalid argument)
01-01 00:30:19.385 W/libexynosv4l2( 1554): failed to ioctl: VIDIOC_DQBUF (22 - Invalid argument)
01-01 00:30:30.315 W/libexynosv4l2( 1554): failed to ioctl: VIDIOC_DQBUF (22 - Invalid argument)
01-01 00:30:41.270 W/libexynosv4l2( 1554): failed to ioctl: VIDIOC_DQBUF (22 - Invalid argument)
01-01 00:30:44.840 D/dalvikvm( 2150): WAIT_FOR_CONCURRENT_GC blocked 11ms
01-01 00:30:52.210 W/libexynosv4l2( 1554): failed to ioctl: VIDIOC_DQBUF (22 - Invalid argument)
01-01 00:31:03.145 W/libexynosv4l2( 1554): failed to ioctl: VIDIOC_DQBUF (22 - Invalid argument)
01-01 00:31:05.020 W/ProcessCpuTracker( 1983): Skipping unknown process pid 5939
01-01 00:31:14.045 W/libexynosv4l2( 1554): failed to ioctl: VIDIOC_DQBUF (22 - Invalid argument)
01-01 00:31:24.995 W/libexynosv4l2( 1554): failed to ioctl: VIDIOC_DQBUF (22 - Invalid argument)
01-01 00:31:35.950 W/libexynosv4l2( 1554): failed to ioctl: VIDIOC_DQBUF (22 - Invalid argument)
01-01 00:31:37.690 I/ProcessStatsService( 1983): Prepared write state in 5ms
01-01 00:31:37.740 I/ProcessStatsService( 1983): Pruning old procstats: /data/system/procstats/state-2013-01-03-09-33-00.bin
01-01 00:31:46.895 W/libexynosv4l2( 1554): failed to ioctl: VIDIOC_DQBUF (22 - Invalid argument)
01-01 00:31:57.835 W/libexynosv4l2( 1554): failed to ioctl: VIDIOC_DQBUF (22 - Invalid argument)
01-01 00:32:08.750 W/libexynosv4l2( 1554): failed to ioctl: VIDIOC_DQBUF (22 - Invalid argument)
01-01 00:32:19.685 W/libexynosv4l2( 1554): failed to ioctl: VIDIOC_DQBUF (22 - Invalid argument)
01-01 00:32:30.630 W/libexynosv4l2( 1554): failed to ioctl: VIDIOC_DQBUF (22 - Invalid argument)
01-01 00:32:41.565 W/libexynosv4l2( 1554): failed to ioctl: VIDIOC_DQBUF (22 - Invalid argument)
01-01 00:32:52.515 W/libexynosv4l2( 1554): failed to ioctl: VIDIOC_DQBUF (22 - Invalid argument)
01-01 00:33:03.455 W/libexynosv4l2( 1554): failed to ioctl: VIDIOC_DQBUF (22 - Invalid argument)
01-01 00:33:14.400 W/libexynosv4l2( 1554): failed to ioctl: VIDIOC_DQBUF (22 - Invalid argument)
01-01 00:33:25.335 W/libexynosv4l2( 1554): failed to ioctl: VIDIOC_DQBUF (22 - Invalid argument)
01-01 00:33:36.270 W/libexynosv4l2( 1554): failed to ioctl: VIDIOC_DQBUF (22 - Invalid argument)
01-01 00:33:47.180 W/libexynosv4l2( 1554): failed to ioctl: VIDIOC_DQBUF (22 - Invalid argument)
01-01 00:33:58.110 W/libexynosv4l2( 1554): failed to ioctl: VIDIOC_DQBUF (22 - Invalid argument)
01-01 00:34:09.050 W/libexynosv4l2( 1554): failed to ioctl: VIDIOC_DQBUF (22 - Invalid argument)
01-01 00:34:19.990 W/libexynosv4l2( 1554): failed to ioctl: VIDIOC_DQBUF (22 - Invalid argument)
01-01 00:34:30.920 W/libexynosv4l2( 1554): failed to ioctl: VIDIOC_DQBUF (22 - Invalid argument)
01-01 00:34:41.860 W/libexynosv4l2( 1554): failed to ioctl: VIDIOC_DQBUF (22 - Invalid argument)
01-01 00:34:52.795 W/libexynosv4l2( 1554): failed to ioctl: VIDIOC_DQBUF (22 - Invalid argument)
01-01 00:35:03.730 W/libexynosv4l2( 1554): failed to ioctl: VIDIOC_DQBUF (22 - Invalid argument)
01-01 00:35:14.700 W/libexynosv4l2( 1554): failed to ioctl: VIDIOC_DQBUF (22 - Invalid argument)
01-01 00:35:25.630 W/libexynosv4l2( 1554): failed to ioctl: VIDIOC_DQBUF (22 - Invalid argument)
01-01 00:35:36.525 W/libexynosv4l2( 1554): failed to ioctl: VIDIOC_DQBUF (22 - Invalid argument)
01-01 00:35:47.470 W/libexynosv4l2( 1554): failed to ioctl: VIDIOC_DQBUF (22 - Invalid argument)
01-01 00:35:58.415 W/libexynosv4l2( 1554): failed to ioctl: VIDIOC_DQBUF (22 - Invalid argument)
01-01 00:36:09.325 W/libexynosv4l2( 1554): failed to ioctl: VIDIOC_DQBUF (22 - Invalid argument)
01-01 00:36:20.255 W/libexynosv4l2( 1554): failed to ioctl: VIDIOC_DQBUF (22 - Invalid argument)
01-01 00:36:31.200 W/libexynosv4l2( 1554): failed to ioctl: VIDIOC_DQBUF (22 - Invalid argument)
01-01 00:36:42.140 W/libexynosv4l2( 1554): failed to ioctl: VIDIOC_DQBUF (22 - Invalid argument)
01-01 00:36:53.085 W/libexynosv4l2( 1554): failed to ioctl: VIDIOC_DQBUF (22 - Invalid argument)
01-01 00:37:04.020 W/libexynosv4l2( 1554): failed to ioctl: VIDIOC_DQBUF (22 - Invalid argument)
01-01 00:37:14.950 W/libexynosv4l2( 1554): failed to ioctl: VIDIOC_DQBUF (22 - Invalid argument)
01-01 00:37:25.885 W/libexynosv4l2( 1554): failed to ioctl: VIDIOC_DQBUF (22 - Invalid argument)
01-01 00:37:36.830 W/libexynosv4l2( 1554): failed to ioctl: VIDIOC_DQBUF (22 - Invalid argument)
01-01 00:37:47.725 W/libexynosv4l2( 1554): failed to ioctl: VIDIOC_DQBUF (22 - Invalid argument)
01-01 00:37:58.670 W/libexynosv4l2( 1554): failed to ioctl: VIDIOC_DQBUF (22 - Invalid argument)
01-01 00:38:09.565 W/libexynosv4l2( 1554): failed to ioctl: VIDIOC_DQBUF (22 - Invalid argument)
01-01 00:38:20.505 W/libexynosv4l2( 1554): failed to ioctl: VIDIOC_DQBUF (22 - Invalid argument)
01-01 00:38:31.445 W/libexynosv4l2( 1554): failed to ioctl: VIDIOC_DQBUF (22 - Invalid argument)
01-01 00:38:42.380 W/libexynosv4l2( 1554): failed to ioctl: VIDIOC_DQBUF (22 - Invalid argument)
01-01 00:38:53.320 W/libexynosv4l2( 1554): failed to ioctl: VIDIOC_DQBUF (22 - Invalid argument)
01-01 00:39:04.265 W/libexynosv4l2( 1554): failed to ioctl: VIDIOC_DQBUF (22 - Invalid argument)
01-01 00:39:15.160 W/libexynosv4l2( 1554): failed to ioctl: VIDIOC_DQBUF (22 - Invalid argument)
01-01 00:39:26.105 W/libexynosv4l2( 1554): failed to ioctl: VIDIOC_DQBUF (22 - Invalid argument)
01-01 00:39:37.040 W/libexynosv4l2( 1554): failed to ioctl: VIDIOC_DQBUF (22 - Invalid argument)
01-01 00:39:47.985 W/libexynosv4l2( 1554): failed to ioctl: VIDIOC_DQBUF (22 - Invalid argument)
01-01 00:39:58.920 W/libexynosv4l2( 1554): failed to ioctl: VIDIOC_DQBUF (22 - Invalid argument)
01-01 00:40:09.860 W/libexynosv4l2( 1554): failed to ioctl: VIDIOC_DQBUF (22 - Invalid argument)
01-01 00:40:20.785 W/libexynosv4l2( 1554): failed to ioctl: VIDIOC_DQBUF (22 - Invalid argument)
01-01 00:40:31.715 W/libexynosv4l2( 1554): failed to ioctl: VIDIOC_DQBUF (22 - Invalid argument)
01-01 00:40:42.675 W/libexynosv4l2( 1554): failed to ioctl: VIDIOC_DQBUF (22 - Invalid argument)
01-01 00:40:53.610 W/libexynosv4l2( 1554): failed to ioctl: VIDIOC_DQBUF (22 - Invalid argument)
01-01 00:41:04.560 W/libexynosv4l2( 1554): failed to ioctl: VIDIOC_DQBUF (22 - Invalid argument)
01-01 00:41:15.500 W/libexynosv4l2( 1554): failed to ioctl: VIDIOC_DQBUF (22 - Invalid argument)
01-01 00:41:26.445 W/libexynosv4l2( 1554): failed to ioctl: VIDIOC_DQBUF (22 - Invalid argument)
01-01 00:41:37.385 W/libexynosv4l2( 1554): failed to ioctl: VIDIOC_DQBUF (22 - Invalid argument)
01-01 00:41:48.285 W/libexynosv4l2( 1554): failed to ioctl: VIDIOC_DQBUF (22 - Invalid argument)
01-01 00:41:59.220 W/libexynosv4l2( 1554): failed to ioctl: VIDIOC_DQBUF (22 - Invalid argument)
01-01 00:42:10.165 W/libexynosv4l2( 1554): failed to ioctl: VIDIOC_DQBUF (22 - Invalid argument)
01-01 00:42:21.100 W/libexynosv4l2( 1554): failed to ioctl: VIDIOC_DQBUF (22 - Invalid argument)
01-01 00:42:32.030 W/libexynosv4l2( 1554): failed to ioctl: VIDIOC_DQBUF (22 - Invalid argument)
01-01 00:42:42.975 W/libexynosv4l2( 1554): failed to ioctl: VIDIOC_DQBUF (22 - Invalid argument)
01-01 00:42:53.910 W/libexynosv4l2( 1554): failed to ioctl: VIDIOC_DQBUF (22 - Invalid argument)
01-01 00:43:04.850 W/libexynosv4l2( 1554): failed to ioctl: VIDIOC_DQBUF (22 - Invalid argument)
01-01 00:43:15.805 W/libexynosv4l2( 1554): failed to ioctl: VIDIOC_DQBUF (22 - Invalid argument)
01-01 00:43:26.745 W/libexynosv4l2( 1554): failed to ioctl: VIDIOC_DQBUF (22 - Invalid argument)
01-01 00:43:37.690 W/libexynosv4l2( 1554): failed to ioctl: VIDIOC_DQBUF (22 - Invalid argument)
01-01 00:43:48.625 W/libexynosv4l2( 1554): failed to ioctl: VIDIOC_DQBUF (22 - Invalid argument)
01-01 00:43:59.555 W/libexynosv4l2( 1554): failed to ioctl: VIDIOC_DQBUF (22 - Invalid argument)
01-01 00:44:10.465 W/libexynosv4l2( 1554): failed to ioctl: VIDIOC_DQBUF (22 - Invalid argument)
01-01 00:44:21.415 W/libexynosv4l2( 1554): failed to ioctl: VIDIOC_DQBUF (22 - Invalid argument)
01-01 00:44:32.365 W/libexynosv4l2( 1554): failed to ioctl: VIDIOC_DQBUF (22 - Invalid argument)
01-01 00:44:43.300 W/libexynosv4l2( 1554): failed to ioctl: VIDIOC_DQBUF (22 - Invalid argument)
01-01 00:44:54.205 W/libexynosv4l2( 1554): failed to ioctl: VIDIOC_DQBUF (22 - Invalid argument)
01-01 00:45:05.130 W/libexynosv4l2( 1554): failed to ioctl: VIDIOC_DQBUF (22 - Invalid argument)
01-01 00:45:16.080 W/libexynosv4l2( 1554): failed to ioctl: VIDIOC_DQBUF (22 - Invalid argument)
01-01 00:45:27.035 W/libexynosv4l2( 1554): failed to ioctl: VIDIOC_DQBUF (22 - Invalid argument)
01-01 00:45:37.970 W/libexynosv4l2( 1554): failed to ioctl: VIDIOC_DQBUF (22 - Invalid argument)
01-01 00:45:48.910 W/libexynosv4l2( 1554): failed to ioctl: VIDIOC_DQBUF (22 - Invalid argument)
01-01 00:45:59.850 W/libexynosv4l2( 1554): failed to ioctl: VIDIOC_DQBUF (22 - Invalid argument)
01-01 00:46:08.875 D/dalvikvm( 2150): WAIT_FOR_CONCURRENT_GC blocked 12ms
01-01 00:46:10.785 W/libexynosv4l2( 1554): failed to ioctl: VIDIOC_DQBUF (22 - Invalid argument)
01-01 00:46:21.685 W/libexynosv4l2( 1554): failed to ioctl: VIDIOC_DQBUF (22 - Invalid argument)
01-01 00:46:32.620 W/libexynosv4l2( 1554): failed to ioctl: VIDIOC_DQBUF (22 - Invalid argument)
01-01 00:46:43.525 W/libexynosv4l2( 1554): failed to ioctl: VIDIOC_DQBUF (22 - Invalid argument)
01-01 00:46:54.460 W/libexynosv4l2( 1554): failed to ioctl: VIDIOC_DQBUF (22 - Invalid argument)
01-01 00:47:05.405 W/libexynosv4l2( 1554): failed to ioctl: VIDIOC_DQBUF (22 - Invalid argument)
01-01 00:47:16.300 W/libexynosv4l2( 1554): failed to ioctl: VIDIOC_DQBUF (22 - Invalid argument)
01-01 00:47:27.230 W/libexynosv4l2( 1554): failed to ioctl: VIDIOC_DQBUF (22 - Invalid argument)
01-01 00:47:38.165 W/libexynosv4l2( 1554): failed to ioctl: VIDIOC_DQBUF (22 - Invalid argument)
01-01 00:47:45.590 D/dalvikvm( 2150): WAIT_FOR_CONCURRENT_GC blocked 11ms
01-01 00:47:49.110 W/libexynosv4l2( 1554): failed to ioctl: VIDIOC_DQBUF (22 - Invalid argument)
01-01 00:48:00.045 W/libexynosv4l2( 1554): failed to ioctl: VIDIOC_DQBUF (22 - Invalid argument)
01-01 00:48:10.980 W/libexynosv4l2( 1554): failed to ioctl: VIDIOC_DQBUF (22 - Invalid argument)
01-01 00:48:21.885 W/libexynosv4l2( 1554): failed to ioctl: VIDIOC_DQBUF (22 - Invalid argument)
01-01 00:48:32.830 W/libexynosv4l2( 1554): failed to ioctl: VIDIOC_DQBUF (22 - Invalid argument)
01-01 00:48:43.785 W/libexynosv4l2( 1554): failed to ioctl: VIDIOC_DQBUF (22 - Invalid argument)
01-01 00:48:54.720 W/libexynosv4l2( 1554): failed to ioctl: VIDIOC_DQBUF (22 - Invalid argument)
01-01 00:49:05.655 W/libexynosv4l2( 1554): failed to ioctl: VIDIOC_DQBUF (22 - Invalid argument)
01-01 00:49:16.570 W/libexynosv4l2( 1554): failed to ioctl: VIDIOC_DQBUF (22 - Invalid argument)
01-01 00:49:27.510 W/libexynosv4l2( 1554): failed to ioctl: VIDIOC_DQBUF (22 - Invalid argument)
01-01 00:49:38.415 W/libexynosv4l2( 1554): failed to ioctl: VIDIOC_DQBUF (22 - Invalid argument)
01-01 00:49:49.345 W/libexynosv4l2( 1554): failed to ioctl: VIDIOC_DQBUF (22 - Invalid argument)
01-01 00:50:00.255 W/libexynosv4l2( 1554): failed to ioctl: VIDIOC_DQBUF (22 - Invalid argument)
01-01 00:50:11.195 W/libexynosv4l2( 1554): failed to ioctl: VIDIOC_DQBUF (22 - Invalid argument)
01-01 00:50:19.145 D/dalvikvm( 2150): WAIT_FOR_CONCURRENT_GC blocked 12ms
01-01 00:50:22.110 W/libexynosv4l2( 1554): failed to ioctl: VIDIOC_DQBUF (22 - Invalid argument)
01-01 00:50:33.045 W/libexynosv4l2( 1554): failed to ioctl: VIDIOC_DQBUF (22 - Invalid argument)
01-01 00:50:43.990 W/libexynosv4l2( 1554): failed to ioctl: VIDIOC_DQBUF (22 - Invalid argument)
01-01 00:50:54.940 W/libexynosv4l2( 1554): failed to ioctl: VIDIOC_DQBUF (22 - Invalid argument)
01-01 00:51:05.875 W/libexynosv4l2( 1554): failed to ioctl: VIDIOC_DQBUF (22 - Invalid argument)
01-01 00:51:16.800 W/libexynosv4l2( 1554): failed to ioctl: VIDIOC_DQBUF (22 - Invalid argument)
01-01 00:51:27.735 W/libexynosv4l2( 1554): failed to ioctl: VIDIOC_DQBUF (22 - Invalid argument)
01-01 00:51:38.665 W/libexynosv4l2( 1554): failed to ioctl: VIDIOC_DQBUF (22 - Invalid argument)
01-01 00:51:49.580 W/libexynosv4l2( 1554): failed to ioctl: VIDIOC_DQBUF (22 - Invalid argument)
01-01 00:51:53.435 D/dalvikvm( 2150): WAIT_FOR_CONCURRENT_GC blocked 9ms
01-01 00:52:00.490 W/libexynosv4l2( 1554): failed to ioctl: VIDIOC_DQBUF (22 - Invalid argument)
01-01 00:52:11.390 W/libexynosv4l2( 1554): failed to ioctl: VIDIOC_DQBUF (22 - Invalid argument)
01-01 00:52:22.330 W/libexynosv4l2( 1554): failed to ioctl: VIDIOC_DQBUF (22 - Invalid argument)
01-01 00:52:33.265 W/libexynosv4l2( 1554): failed to ioctl: VIDIOC_DQBUF (22 - Invalid argument)
01-01 00:52:44.215 W/libexynosv4l2( 1554): failed to ioctl: VIDIOC_DQBUF (22 - Invalid argument)
01-01 00:52:55.165 W/libexynosv4l2( 1554): failed to ioctl: VIDIOC_DQBUF (22 - Invalid argument)
01-01 00:53:06.100 W/libexynosv4l2( 1554): failed to ioctl: VIDIOC_DQBUF (22 - Invalid argument)
01-01 00:53:17.030 W/libexynosv4l2( 1554): failed to ioctl: VIDIOC_DQBUF (22 - Invalid argument)
01-01 00:53:27.970 W/libexynosv4l2( 1554): failed to ioctl: VIDIOC_DQBUF (22 - Invalid argument)
01-01 00:53:38.915 W/libexynosv4l2( 1554): failed to ioctl: VIDIOC_DQBUF (22 - Invalid argument)
01-01 00:53:49.810 W/libexynosv4l2( 1554): failed to ioctl: VIDIOC_DQBUF (22 - Invalid argument)
01-01 00:54:00.750 W/libexynosv4l2( 1554): failed to ioctl: VIDIOC_DQBUF (22 - Invalid argument)
01-01 00:54:11.700 W/libexynosv4l2( 1554): failed to ioctl: VIDIOC_DQBUF (22 - Invalid argument)
01-01 00:54:22.645 W/libexynosv4l2( 1554): failed to ioctl: VIDIOC_DQBUF (22 - Invalid argument)
01-01 00:54:33.585 W/libexynosv4l2( 1554): failed to ioctl: VIDIOC_DQBUF (22 - Invalid argument)
01-01 00:54:44.475 W/libexynosv4l2( 1554): failed to ioctl: VIDIOC_DQBUF (22 - Invalid argument)
01-01 00:54:55.375 W/libexynosv4l2( 1554): failed to ioctl: VIDIOC_DQBUF (22 - Invalid argument)
01-01 00:55:06.325 W/libexynosv4l2( 1554): failed to ioctl: VIDIOC_DQBUF (22 - Invalid argument)
01-01 00:55:17.255 W/libexynosv4l2( 1554): failed to ioctl: VIDIOC_DQBUF (22 - Invalid argument)
01-01 00:55:28.190 W/libexynosv4l2( 1554): failed to ioctl: VIDIOC_DQBUF (22 - Invalid argument)
01-01 00:55:39.130 W/libexynosv4l2( 1554): failed to ioctl: VIDIOC_DQBUF (22 - Invalid argument)
01-01 00:55:50.070 W/libexynosv4l2( 1554): failed to ioctl: VIDIOC_DQBUF (22 - Invalid argument)
01-01 00:56:01.015 W/libexynosv4l2( 1554): failed to ioctl: VIDIOC_DQBUF (22 - Invalid argument)
01-01 00:56:11.955 W/libexynosv4l2( 1554): failed to ioctl: VIDIOC_DQBUF (22 - Invalid argument)
01-01 00:56:22.885 W/libexynosv4l2( 1554): failed to ioctl: VIDIOC_DQBUF (22 - Invalid argument)
01-01 00:56:33.820 W/libexynosv4l2( 1554): failed to ioctl: VIDIOC_DQBUF (22 - Invalid argument)
01-01 00:56:44.765 W/libexynosv4l2( 1554): failed to ioctl: VIDIOC_DQBUF (22 - Invalid argument)
01-01 00:56:55.690 W/libexynosv4l2( 1554): failed to ioctl: VIDIOC_DQBUF (22 - Invalid argument)
01-01 00:57:06.600 W/libexynosv4l2( 1554): failed to ioctl: VIDIOC_DQBUF (22 - Invalid argument)
01-01 00:57:17.285 D/dalvikvm( 2150): WAIT_FOR_CONCURRENT_GC blocked 7ms
01-01 00:57:17.540 W/libexynosv4l2( 1554): failed to ioctl: VIDIOC_DQBUF (22 - Invalid argument)
01-01 00:57:28.495 W/libexynosv4l2( 1554): failed to ioctl: VIDIOC_DQBUF (22 - Invalid argument)
01-01 00:57:39.420 W/libexynosv4l2( 1554): failed to ioctl: VIDIOC_DQBUF (22 - Invalid argument)
01-01 00:57:50.355 W/libexynosv4l2( 1554): failed to ioctl: VIDIOC_DQBUF (22 - Invalid argument)
01-01 00:58:01.290 W/libexynosv4l2( 1554): failed to ioctl: VIDIOC_DQBUF (22 - Invalid argument)
01-01 00:58:12.230 W/libexynosv4l2( 1554): failed to ioctl: VIDIOC_DQBUF (22 - Invalid argument)
01-01 00:58:23.170 W/libexynosv4l2( 1554): failed to ioctl: VIDIOC_DQBUF (22 - Invalid argument)
01-01 00:58:34.105 W/libexynosv4l2( 1554): failed to ioctl: VIDIOC_DQBUF (22 - Invalid argument)
01-01 00:58:45.035 W/libexynosv4l2( 1554): failed to ioctl: VIDIOC_DQBUF (22 - Invalid argument)
01-01 00:58:55.935 W/libexynosv4l2( 1554): failed to ioctl: VIDIOC_DQBUF (22 - Invalid argument)
01-01 00:59:06.870 W/libexynosv4l2( 1554): failed to ioctl: VIDIOC_DQBUF (22 - Invalid argument)
01-01 00:59:17.795 W/libexynosv4l2( 1554): failed to ioctl: VIDIOC_DQBUF (22 - Invalid argument)
01-01 00:59:28.725 W/libexynosv4l2( 1554): failed to ioctl: VIDIOC_DQBUF (22 - Invalid argument)
01-01 00:59:38.835 D/dalvikvm( 2150): WAIT_FOR_CONCURRENT_GC blocked 10ms
01-01 00:59:39.670 W/libexynosv4l2( 1554): failed to ioctl: VIDIOC_DQBUF (22 - Invalid argument)
01-01 00:59:50.610 W/libexynosv4l2( 1554): failed to ioctl: VIDIOC_DQBUF (22 - Invalid argument)
01-01 01:00:01.550 W/libexynosv4l2( 1554): failed to ioctl: VIDIOC_DQBUF (22 - Invalid argument)
01-01 01:00:12.480 W/libexynosv4l2( 1554): failed to ioctl: VIDIOC_DQBUF (22 - Invalid argument)
01-01 01:00:23.375 W/libexynosv4l2( 1554): failed to ioctl: VIDIOC_DQBUF (22 - Invalid argument)
01-01 01:00:34.320 W/libexynosv4l2( 1554): failed to ioctl: VIDIOC_DQBUF (22 - Invalid argument)
01-01 01:00:45.255 W/libexynosv4l2( 1554): failed to ioctl: VIDIOC_DQBUF (22 - Invalid argument)
01-01 01:00:56.200 W/libexynosv4l2( 1554): failed to ioctl: VIDIOC_DQBUF (22 - Invalid argument)
01-01 01:01:07.145 W/libexynosv4l2( 1554): failed to ioctl: VIDIOC_DQBUF (22 - Invalid argument)
01-01 01:01:18.075 W/libexynosv4l2( 1554): failed to ioctl: VIDIOC_DQBUF (22 - Invalid argument)
01-01 01:01:28.980 W/libexynosv4l2( 1554): failed to ioctl: VIDIOC_DQBUF (22 - Invalid argument)
01-01 01:01:38.280 I/ProcessStatsService( 1983): Prepared write state in 5ms
01-01 01:01:39.940 W/libexynosv4l2( 1554): failed to ioctl: VIDIOC_DQBUF (22 - Invalid argument)
01-01 01:01:50.890 W/libexynosv4l2( 1554): failed to ioctl: VIDIOC_DQBUF (22 - Invalid argument)
01-01 01:02:01.820 W/libexynosv4l2( 1554): failed to ioctl: VIDIOC_DQBUF (22 - Invalid argument)
01-01 01:02:12.760 W/libexynosv4l2( 1554): failed to ioctl: VIDIOC_DQBUF (22 - Invalid argument)
01-01 01:02:23.695 W/libexynosv4l2( 1554): failed to ioctl: VIDIOC_DQBUF (22 - Invalid argument)
01-01 01:02:34.620 W/libexynosv4l2( 1554): failed to ioctl: VIDIOC_DQBUF (22 - Invalid argument)
01-01 01:02:45.555 W/libexynosv4l2( 1554): failed to ioctl: VIDIOC_DQBUF (22 - Invalid argument)
01-01 01:02:56.490 W/libexynosv4l2( 1554): failed to ioctl: VIDIOC_DQBUF (22 - Invalid argument)
01-01 01:03:07.465 W/libexynosv4l2( 1554): failed to ioctl: VIDIOC_DQBUF (22 - Invalid argument)
01-01 01:03:18.400 W/libexynosv4l2( 1554): failed to ioctl: VIDIOC_DQBUF (22 - Invalid argument)
01-01 01:03:29.330 W/libexynosv4l2( 1554): failed to ioctl: VIDIOC_DQBUF (22 - Invalid argument)
01-01 01:03:40.290 W/libexynosv4l2( 1554): failed to ioctl: VIDIOC_DQBUF (22 - Invalid argument)
01-01 01:03:51.230 W/libexynosv4l2( 1554): failed to ioctl: VIDIOC_DQBUF (22 - Invalid argument)
01-01 01:04:02.170 W/libexynosv4l2( 1554): failed to ioctl: VIDIOC_DQBUF (22 - Invalid argument)
01-01 01:04:13.080 W/libexynosv4l2( 1554): failed to ioctl: VIDIOC_DQBUF (22 - Invalid argument)
01-01 01:04:24.020 W/libexynosv4l2( 1554): failed to ioctl: VIDIOC_DQBUF (22 - Invalid argument)
01-01 01:04:34.955 W/libexynosv4l2( 1554): failed to ioctl: VIDIOC_DQBUF (22 - Invalid argument)
01-01 01:04:45.860 W/libexynosv4l2( 1554): failed to ioctl: VIDIOC_DQBUF (22 - Invalid argument)
01-01 01:04:56.785 W/libexynosv4l2( 1554): failed to ioctl: VIDIOC_DQBUF (22 - Invalid argument)
01-01 01:05:07.730 W/libexynosv4l2( 1554): failed to ioctl: VIDIOC_DQBUF (22 - Invalid argument)
01-01 01:05:18.680 W/libexynosv4l2( 1554): failed to ioctl: VIDIOC_DQBUF (22 - Invalid argument)
01-01 01:05:21.505 D/dalvikvm( 2150): WAIT_FOR_CONCURRENT_GC blocked 8ms
01-01 01:05:28.385 D/dalvikvm( 2150): WAIT_FOR_CONCURRENT_GC blocked 18ms
01-01 01:05:29.625 W/libexynosv4l2( 1554): failed to ioctl: VIDIOC_DQBUF (22 - Invalid argument)
01-01 01:05:40.560 W/libexynosv4l2( 1554): failed to ioctl: VIDIOC_DQBUF (22 - Invalid argument)
01-01 01:05:51.505 W/libexynosv4l2( 1554): failed to ioctl: VIDIOC_DQBUF (22 - Invalid argument)
01-01 01:06:02.445 W/libexynosv4l2( 1554): failed to ioctl: VIDIOC_DQBUF (22 - Invalid argument)
01-01 01:06:13.390 W/libexynosv4l2( 1554): failed to ioctl: VIDIOC_DQBUF (22 - Invalid argument)
01-01 01:06:24.320 W/libexynosv4l2( 1554): failed to ioctl: VIDIOC_DQBUF (22 - Invalid argument)
01-01 01:06:35.260 W/libexynosv4l2( 1554): failed to ioctl: VIDIOC_DQBUF (22 - Invalid argument)
01-01 01:06:46.190 W/libexynosv4l2( 1554): failed to ioctl: VIDIOC_DQBUF (22 - Invalid argument)
01-01 01:06:57.140 W/libexynosv4l2( 1554): failed to ioctl: VIDIOC_DQBUF (22 - Invalid argument)
01-01 01:07:08.045 W/libexynosv4l2( 1554): failed to ioctl: VIDIOC_DQBUF (22 - Invalid argument)
01-01 01:07:18.995 W/libexynosv4l2( 1554): failed to ioctl: VIDIOC_DQBUF (22 - Invalid argument)
01-01 01:07:29.965 W/libexynosv4l2( 1554): failed to ioctl: VIDIOC_DQBUF (22 - Invalid argument)
01-01 01:07:40.895 W/libexynosv4l2( 1554): failed to ioctl: VIDIOC_DQBUF (22 - Invalid argument)
01-01 01:07:51.820 W/libexynosv4l2( 1554): failed to ioctl: VIDIOC_DQBUF (22 - Invalid argument)
01-01 01:07:59.640 D/dalvikvm( 2150): WAIT_FOR_CONCURRENT_GC blocked 7ms
01-01 01:08:02.720 W/libexynosv4l2( 1554): failed to ioctl: VIDIOC_DQBUF (22 - Invalid argument)
01-01 01:08:13.660 W/libexynosv4l2( 1554): failed to ioctl: VIDIOC_DQBUF (22 - Invalid argument)
01-01 01:08:24.580 W/libexynosv4l2( 1554): failed to ioctl: VIDIOC_DQBUF (22 - Invalid argument)
01-01 01:08:27.040 D/dalvikvm( 2150): WAIT_FOR_CONCURRENT_GC blocked 14ms
01-01 01:08:35.520 W/libexynosv4l2( 1554): failed to ioctl: VIDIOC_DQBUF (22 - Invalid argument)
01-01 01:08:46.415 W/libexynosv4l2( 1554): failed to ioctl: VIDIOC_DQBUF (22 - Invalid argument)
01-01 01:08:57.350 W/libexynosv4l2( 1554): failed to ioctl: VIDIOC_DQBUF (22 - Invalid argument)
01-01 01:09:05.045 W/ProcessCpuTracker( 1983): Skipping unknown process pid 10373
01-01 01:09:08.295 W/libexynosv4l2( 1554): failed to ioctl: VIDIOC_DQBUF (22 - Invalid argument)
01-01 01:09:19.225 W/libexynosv4l2( 1554): failed to ioctl: VIDIOC_DQBUF (22 - Invalid argument)
01-01 01:09:30.155 W/libexynosv4l2( 1554): failed to ioctl: VIDIOC_DQBUF (22 - Invalid argument)
01-01 01:09:41.055 W/libexynosv4l2( 1554): failed to ioctl: VIDIOC_DQBUF (22 - Invalid argument)
01-01 01:09:51.995 W/libexynosv4l2( 1554): failed to ioctl: VIDIOC_DQBUF (22 - Invalid argument)
01-01 01:10:02.925 W/libexynosv4l2( 1554): failed to ioctl: VIDIOC_DQBUF (22 - Invalid argument)
01-01 01:10:13.870 W/libexynosv4l2( 1554): failed to ioctl: VIDIOC_DQBUF (22 - Invalid argument)
01-01 01:10:24.795 W/libexynosv4l2( 1554): failed to ioctl: VIDIOC_DQBUF (22 - Invalid argument)
01-01 01:10:35.740 W/libexynosv4l2( 1554): failed to ioctl: VIDIOC_DQBUF (22 - Invalid argument)
01-01 01:10:45.560 D/dalvikvm( 2150): WAIT_FOR_CONCURRENT_GC blocked 15ms
01-01 01:10:46.675 W/libexynosv4l2( 1554): failed to ioctl: VIDIOC_DQBUF (22 - Invalid argument)
01-01 01:10:57.615 W/libexynosv4l2( 1554): failed to ioctl: VIDIOC_DQBUF (22 - Invalid argument)
01-01 01:11:08.565 W/libexynosv4l2( 1554): failed to ioctl: VIDIOC_DQBUF (22 - Invalid argument)
01-01 01:11:19.495 W/libexynosv4l2( 1554): failed to ioctl: VIDIOC_DQBUF (22 - Invalid argument)
01-01 01:11:30.430 W/libexynosv4l2( 1554): failed to ioctl: VIDIOC_DQBUF (22 - Invalid argument)
01-01 01:11:41.330 W/libexynosv4l2( 1554): failed to ioctl: VIDIOC_DQBUF (22 - Invalid argument)
01-01 01:11:52.275 W/libexynosv4l2( 1554): failed to ioctl: VIDIOC_DQBUF (22 - Invalid argument)
01-01 01:12:03.220 W/libexynosv4l2( 1554): failed to ioctl: VIDIOC_DQBUF (22 - Invalid argument)
01-01 01:12:14.140 W/libexynosv4l2( 1554): failed to ioctl: VIDIOC_DQBUF (22 - Invalid argument)
01-01 01:12:25.075 W/libexynosv4l2( 1554): failed to ioctl: VIDIOC_DQBUF (22 - Invalid argument)
01-01 01:12:36.020 W/libexynosv4l2( 1554): failed to ioctl: VIDIOC_DQBUF (22 - Invalid argument)
01-01 01:12:46.950 W/libexynosv4l2( 1554): failed to ioctl: VIDIOC_DQBUF (22 - Invalid argument)
01-01 01:12:57.880 W/libexynosv4l2( 1554): failed to ioctl: VIDIOC_DQBUF (22 - Invalid argument)
01-01 01:13:08.830 W/libexynosv4l2( 1554): failed to ioctl: VIDIOC_DQBUF (22 - Invalid argument)
01-01 01:13:17.075 D/dalvikvm( 2150): WAIT_FOR_CONCURRENT_GC blocked 6ms
01-01 01:13:19.760 W/libexynosv4l2( 1554): failed to ioctl: VIDIOC_DQBUF (22 - Invalid argument)
01-01 01:13:28.990 D/dalvikvm( 2150): WAIT_FOR_CONCURRENT_GC blocked 2ms
01-01 01:13:30.700 W/libexynosv4l2( 1554): failed to ioctl: VIDIOC_DQBUF (22 - Invalid argument)
01-01 01:13:34.890 D/dalvikvm( 2150): WAIT_FOR_CONCURRENT_GC blocked 12ms
01-01 01:13:41.630 W/libexynosv4l2( 1554): failed to ioctl: VIDIOC_DQBUF (22 - Invalid argument)
01-01 01:13:52.560 W/libexynosv4l2( 1554): failed to ioctl: VIDIOC_DQBUF (22 - Invalid argument)
01-01 01:13:56.690 D/dalvikvm( 2150): WAIT_FOR_CONCURRENT_GC blocked 8ms
01-01 01:14:03.500 W/libexynosv4l2( 1554): failed to ioctl: VIDIOC_DQBUF (22 - Invalid argument)
01-01 01:14:14.435 W/libexynosv4l2( 1554): failed to ioctl: VIDIOC_DQBUF (22 - Invalid argument)
01-01 01:14:25.380 W/libexynosv4l2( 1554): failed to ioctl: VIDIOC_DQBUF (22 - Invalid argument)
01-01 01:14:36.310 W/libexynosv4l2( 1554): failed to ioctl: VIDIOC_DQBUF (22 - Invalid argument)
01-01 01:14:47.235 W/libexynosv4l2( 1554): failed to ioctl: VIDIOC_DQBUF (22 - Invalid argument)
01-01 01:14:52.035 D/dalvikvm( 2150): WAIT_FOR_CONCURRENT_GC blocked 2ms
01-01 01:14:58.185 W/libexynosv4l2( 1554): failed to ioctl: VIDIOC_DQBUF (22 - Invalid argument)
01-01 01:15:09.140 W/libexynosv4l2( 1554): failed to ioctl: VIDIOC_DQBUF (22 - Invalid argument)
01-01 01:15:20.080 W/libexynosv4l2( 1554): failed to ioctl: VIDIOC_DQBUF (22 - Invalid argument)
01-01 01:15:31.010 W/libexynosv4l2( 1554): failed to ioctl: VIDIOC_DQBUF (22 - Invalid argument)
01-01 01:15:41.940 W/libexynosv4l2( 1554): failed to ioctl: VIDIOC_DQBUF (22 - Invalid argument)
01-01 01:15:52.880 W/libexynosv4l2( 1554): failed to ioctl: VIDIOC_DQBUF (22 - Invalid argument)
01-01 01:16:03.790 W/libexynosv4l2( 1554): failed to ioctl: VIDIOC_DQBUF (22 - Invalid argument)
01-01 01:16:14.680 W/libexynosv4l2( 1554): failed to ioctl: VIDIOC_DQBUF (22 - Invalid argument)
01-01 01:16:25.620 W/libexynosv4l2( 1554): failed to ioctl: VIDIOC_DQBUF (22 - Invalid argument)
01-01 01:16:36.545 W/libexynosv4l2( 1554): failed to ioctl: VIDIOC_DQBUF (22 - Invalid argument)
01-01 01:16:47.485 W/libexynosv4l2( 1554): failed to ioctl: VIDIOC_DQBUF (22 - Invalid argument)
01-01 01:16:58.415 W/libexynosv4l2( 1554): failed to ioctl: VIDIOC_DQBUF (22 - Invalid argument)
01-01 01:17:09.345 W/libexynosv4l2( 1554): failed to ioctl: VIDIOC_DQBUF (22 - Invalid argument)
01-01 01:17:20.285 W/libexynosv4l2( 1554): failed to ioctl: VIDIOC_DQBUF (22 - Invalid argument)
01-01 01:17:31.230 W/libexynosv4l2( 1554): failed to ioctl: VIDIOC_DQBUF (22 - Invalid argument)
01-01 01:17:42.135 W/libexynosv4l2( 1554): failed to ioctl: VIDIOC_DQBUF (22 - Invalid argument)
01-01 01:17:53.065 W/libexynosv4l2( 1554): failed to ioctl: VIDIOC_DQBUF (22 - Invalid argument)
01-01 01:18:03.960 W/libexynosv4l2( 1554): failed to ioctl: VIDIOC_DQBUF (22 - Invalid argument)
01-01 01:18:14.895 W/libexynosv4l2( 1554): failed to ioctl: VIDIOC_DQBUF (22 - Invalid argument)
01-01 01:18:25.835 W/libexynosv4l2( 1554): failed to ioctl: VIDIOC_DQBUF (22 - Invalid argument)
01-01 01:18:36.750 W/libexynosv4l2( 1554): failed to ioctl: VIDIOC_DQBUF (22 - Invalid argument)
01-01 01:18:47.655 W/libexynosv4l2( 1554): failed to ioctl: VIDIOC_DQBUF (22 - Invalid argument)
01-01 01:18:58.595 W/libexynosv4l2( 1554): failed to ioctl: VIDIOC_DQBUF (22 - Invalid argument)
01-01 01:19:09.530 W/libexynosv4l2( 1554): failed to ioctl: VIDIOC_DQBUF (22 - Invalid argument)
01-01 01:19:16.355 D/dalvikvm( 2150): WAIT_FOR_CONCURRENT_GC blocked 5ms
01-01 01:19:20.465 W/libexynosv4l2( 1554): failed to ioctl: VIDIOC_DQBUF (22 - Invalid argument)
01-01 01:19:23.235 D/dalvikvm( 2150): WAIT_FOR_CONCURRENT_GC blocked 1ms
01-01 01:19:31.410 W/libexynosv4l2( 1554): failed to ioctl: VIDIOC_DQBUF (22 - Invalid argument)
01-01 01:19:42.355 W/libexynosv4l2( 1554): failed to ioctl: VIDIOC_DQBUF (22 - Invalid argument)
01-01 01:19:53.295 W/libexynosv4l2( 1554): failed to ioctl: VIDIOC_DQBUF (22 - Invalid argument)
01-01 01:19:53.585 D/dalvikvm( 2150): WAIT_FOR_CONCURRENT_GC blocked 1ms
01-01 01:20:04.210 W/libexynosv4l2( 1554): failed to ioctl: VIDIOC_DQBUF (22 - Invalid argument)
01-01 01:20:15.140 W/libexynosv4l2( 1554): failed to ioctl: VIDIOC_DQBUF (22 - Invalid argument)
01-01 01:20:26.090 W/libexynosv4l2( 1554): failed to ioctl: VIDIOC_DQBUF (22 - Invalid argument)
01-01 01:20:37.035 W/libexynosv4l2( 1554): failed to ioctl: VIDIOC_DQBUF (22 - Invalid argument)
01-01 01:20:47.995 W/libexynosv4l2( 1554): failed to ioctl: VIDIOC_DQBUF (22 - Invalid argument)
01-01 01:20:54.240 D/dalvikvm( 2150): WAIT_FOR_CONCURRENT_GC blocked 10ms
01-01 01:20:58.915 W/libexynosv4l2( 1554): failed to ioctl: VIDIOC_DQBUF (22 - Invalid argument)
01-01 01:21:09.860 W/libexynosv4l2( 1554): failed to ioctl: VIDIOC_DQBUF (22 - Invalid argument)
01-01 01:21:20.770 W/libexynosv4l2( 1554): failed to ioctl: VIDIOC_DQBUF (22 - Invalid argument)
01-01 01:21:31.710 W/libexynosv4l2( 1554): failed to ioctl: VIDIOC_DQBUF (22 - Invalid argument)
01-01 01:21:42.645 W/libexynosv4l2( 1554): failed to ioctl: VIDIOC_DQBUF (22 - Invalid argument)
01-01 01:21:53.595 W/libexynosv4l2( 1554): failed to ioctl: VIDIOC_DQBUF (22 - Invalid argument)
01-01 01:22:01.715 D/dalvikvm( 2150): WAIT_FOR_CONCURRENT_GC blocked 18ms
01-01 01:22:04.530 W/libexynosv4l2( 1554): failed to ioctl: VIDIOC_DQBUF (22 - Invalid argument)
01-01 01:22:15.505 W/libexynosv4l2( 1554): failed to ioctl: VIDIOC_DQBUF (22 - Invalid argument)
01-01 01:22:26.450 W/libexynosv4l2( 1554): failed to ioctl: VIDIOC_DQBUF (22 - Invalid argument)
01-01 01:22:37.380 W/libexynosv4l2( 1554): failed to ioctl: VIDIOC_DQBUF (22 - Invalid argument)
01-01 01:22:48.305 W/libexynosv4l2( 1554): failed to ioctl: VIDIOC_DQBUF (22 - Invalid argument)
01-01 01:22:59.255 W/libexynosv4l2( 1554): failed to ioctl: VIDIOC_DQBUF (22 - Invalid argument)
01-01 01:23:10.195 W/libexynosv4l2( 1554): failed to ioctl: VIDIOC_DQBUF (22 - Invalid argument)
01-01 01:23:21.125 W/libexynosv4l2( 1554): failed to ioctl: VIDIOC_DQBUF (22 - Invalid argument)
01-01 01:23:31.460 D/dalvikvm( 2150): WAIT_FOR_CONCURRENT_GC blocked 8ms
01-01 01:23:32.060 W/libexynosv4l2( 1554): failed to ioctl: VIDIOC_DQBUF (22 - Invalid argument)
01-01 01:23:42.995 W/libexynosv4l2( 1554): failed to ioctl: VIDIOC_DQBUF (22 - Invalid argument)
01-01 01:23:53.975 W/libexynosv4l2( 1554): failed to ioctl: VIDIOC_DQBUF (22 - Invalid argument)
01-01 01:24:04.915 W/libexynosv4l2( 1554): failed to ioctl: VIDIOC_DQBUF (22 - Invalid argument)
01-01 01:24:15.850 W/libexynosv4l2( 1554): failed to ioctl: VIDIOC_DQBUF (22 - Invalid argument)
01-01 01:24:26.790 W/libexynosv4l2( 1554): failed to ioctl: VIDIOC_DQBUF (22 - Invalid argument)
01-01 01:24:29.425 D/dalvikvm( 2150): WAIT_FOR_CONCURRENT_GC blocked 9ms
01-01 01:24:37.725 W/libexynosv4l2( 1554): failed to ioctl: VIDIOC_DQBUF (22 - Invalid argument)
01-01 01:24:48.660 W/libexynosv4l2( 1554): failed to ioctl: VIDIOC_DQBUF (22 - Invalid argument)
01-01 01:24:59.600 W/libexynosv4l2( 1554): failed to ioctl: VIDIOC_DQBUF (22 - Invalid argument)
01-01 01:24:59.740 D/dalvikvm( 2150): WAIT_FOR_CONCURRENT_GC blocked 10ms
01-01 01:25:10.490 W/libexynosv4l2( 1554): failed to ioctl: VIDIOC_DQBUF (22 - Invalid argument)
01-01 01:25:21.425 W/libexynosv4l2( 1554): failed to ioctl: VIDIOC_DQBUF (22 - Invalid argument)
01-01 01:25:32.370 W/libexynosv4l2( 1554): failed to ioctl: VIDIOC_DQBUF (22 - Invalid argument)
01-01 01:25:43.300 W/libexynosv4l2( 1554): failed to ioctl: VIDIOC_DQBUF (22 - Invalid argument)
01-01 01:25:54.230 W/libexynosv4l2( 1554): failed to ioctl: VIDIOC_DQBUF (22 - Invalid argument)
01-01 01:26:05.160 W/libexynosv4l2( 1554): failed to ioctl: VIDIOC_DQBUF (22 - Invalid argument)
01-01 01:26:16.100 W/libexynosv4l2( 1554): failed to ioctl: VIDIOC_DQBUF (22 - Invalid argument)
01-01 01:26:27.045 W/libexynosv4l2( 1554): failed to ioctl: VIDIOC_DQBUF (22 - Invalid argument)
01-01 01:26:37.945 W/libexynosv4l2( 1554): failed to ioctl: VIDIOC_DQBUF (22 - Invalid argument)
01-01 01:26:48.880 W/libexynosv4l2( 1554): failed to ioctl: VIDIOC_DQBUF (22 - Invalid argument)
01-01 01:26:59.810 W/libexynosv4l2( 1554): failed to ioctl: VIDIOC_DQBUF (22 - Invalid argument)
01-01 01:27:10.750 W/libexynosv4l2( 1554): failed to ioctl: VIDIOC_DQBUF (22 - Invalid argument)
01-01 01:27:21.690 W/libexynosv4l2( 1554): failed to ioctl: VIDIOC_DQBUF (22 - Invalid argument)
