01-01 14:17:41.630 W/libexynosv4l2( 1553): failed to ioctl: VIDIOC_DQBUF (22 - Invalid argument)
01-01 14:17:52.560 W/libexynosv4l2( 1553): failed to ioctl: VIDIOC_DQBUF (22 - Invalid argument)
01-01 14:18:03.535 W/libexynosv4l2( 1553): failed to ioctl: VIDIOC_DQBUF (22 - Invalid argument)
01-01 14:18:14.470 W/libexynosv4l2( 1553): failed to ioctl: VIDIOC_DQBUF (22 - Invalid argument)
01-01 14:18:25.405 W/libexynosv4l2( 1553): failed to ioctl: VIDIOC_DQBUF (22 - Invalid argument)
01-01 14:18:36.390 W/libexynosv4l2( 1553): failed to ioctl: VIDIOC_DQBUF (22 - Invalid argument)
01-01 14:18:47.345 W/libexynosv4l2( 1553): failed to ioctl: VIDIOC_DQBUF (22 - Invalid argument)
01-01 14:18:58.315 W/libexynosv4l2( 1553): failed to ioctl: VIDIOC_DQBUF (22 - Invalid argument)
01-01 14:18:58.350 D/dalvikvm( 2158): WAIT_FOR_CONCURRENT_GC blocked 2ms
01-01 14:19:09.355 W/libexynosv4l2( 1553): failed to ioctl: VIDIOC_DQBUF (22 - Invalid argument)
01-01 14:19:20.315 W/libexynosv4l2( 1553): failed to ioctl: VIDIOC_DQBUF (22 - Invalid argument)
01-01 14:19:31.255 W/libexynosv4l2( 1553): failed to ioctl: VIDIOC_DQBUF (22 - Invalid argument)
01-01 14:19:42.295 W/libexynosv4l2( 1553): failed to ioctl: VIDIOC_DQBUF (22 - Invalid argument)
01-01 14:19:53.270 W/libexynosv4l2( 1553): failed to ioctl: VIDIOC_DQBUF (22 - Invalid argument)
01-01 14:20:04.270 W/libexynosv4l2( 1553): failed to ioctl: VIDIOC_DQBUF (22 - Invalid argument)
01-01 14:20:04.370 D/dalvikvm( 2158): WAIT_FOR_CONCURRENT_GC blocked 5ms
01-01 14:20:15.200 W/libexynosv4l2( 1553): failed to ioctl: VIDIOC_DQBUF (22 - Invalid argument)
01-01 14:20:26.140 W/libexynosv4l2( 1553): failed to ioctl: VIDIOC_DQBUF (22 - Invalid argument)
01-01 14:20:37.100 W/libexynosv4l2( 1553): failed to ioctl: VIDIOC_DQBUF (22 - Invalid argument)
01-01 14:20:48.100 W/libexynosv4l2( 1553): failed to ioctl: VIDIOC_DQBUF (22 - Invalid argument)
01-01 14:20:59.070 W/libexynosv4l2( 1553): failed to ioctl: VIDIOC_DQBUF (22 - Invalid argument)
01-01 14:21:10.035 W/libexynosv4l2( 1553): failed to ioctl: VIDIOC_DQBUF (22 - Invalid argument)
01-01 14:21:21.025 W/libexynosv4l2( 1553): failed to ioctl: VIDIOC_DQBUF (22 - Invalid argument)
01-01 14:21:30.430 D/dalvikvm( 2158): WAIT_FOR_CONCURRENT_GC blocked 11ms
01-01 14:21:31.985 W/libexynosv4l2( 1553): failed to ioctl: VIDIOC_DQBUF (22 - Invalid argument)
01-01 14:21:42.995 W/libexynosv4l2( 1553): failed to ioctl: VIDIOC_DQBUF (22 - Invalid argument)
01-01 14:21:53.995 W/libexynosv4l2( 1553): failed to ioctl: VIDIOC_DQBUF (22 - Invalid argument)
01-01 14:22:04.995 W/libexynosv4l2( 1553): failed to ioctl: VIDIOC_DQBUF (22 - Invalid argument)
01-01 14:22:16.000 W/libexynosv4l2( 1553): failed to ioctl: VIDIOC_DQBUF (22 - Invalid argument)
01-01 14:22:22.135 D/dalvikvm( 2158): WAIT_FOR_CONCURRENT_GC blocked 3ms
01-01 14:22:26.965 W/libexynosv4l2( 1553): failed to ioctl: VIDIOC_DQBUF (22 - Invalid argument)
01-01 14:22:28.555 D/dalvikvm( 2158): WAIT_FOR_CONCURRENT_GC blocked 8ms
01-01 14:22:38.005 W/libexynosv4l2( 1553): failed to ioctl: VIDIOC_DQBUF (22 - Invalid argument)
01-01 14:22:49.025 W/libexynosv4l2( 1553): failed to ioctl: VIDIOC_DQBUF (22 - Invalid argument)
01-01 14:23:00.020 W/libexynosv4l2( 1553): failed to ioctl: VIDIOC_DQBUF (22 - Invalid argument)
01-01 14:23:11.075 W/libexynosv4l2( 1553): failed to ioctl: VIDIOC_DQBUF (22 - Invalid argument)
01-01 14:23:22.090 W/libexynosv4l2( 1553): failed to ioctl: VIDIOC_DQBUF (22 - Invalid argument)
01-01 14:23:33.055 W/libexynosv4l2( 1553): failed to ioctl: VIDIOC_DQBUF (22 - Invalid argument)
01-01 14:23:43.420 D/dalvikvm( 2158): WAIT_FOR_CONCURRENT_GC blocked 3ms
01-01 14:23:44.060 W/libexynosv4l2( 1553): failed to ioctl: VIDIOC_DQBUF (22 - Invalid argument)
01-01 14:23:55.065 W/libexynosv4l2( 1553): failed to ioctl: VIDIOC_DQBUF (22 - Invalid argument)
01-01 14:24:06.045 W/libexynosv4l2( 1553): failed to ioctl: VIDIOC_DQBUF (22 - Invalid argument)
01-01 14:24:11.220 D/dalvikvm( 2158): WAIT_FOR_CONCURRENT_GC blocked 2ms
01-01 14:24:17.020 W/libexynosv4l2( 1553): failed to ioctl: VIDIOC_DQBUF (22 - Invalid argument)
01-01 14:24:27.995 W/libexynosv4l2( 1553): failed to ioctl: VIDIOC_DQBUF (22 - Invalid argument)
01-01 14:24:38.970 W/libexynosv4l2( 1553): failed to ioctl: VIDIOC_DQBUF (22 - Invalid argument)
01-01 14:24:49.905 W/libexynosv4l2( 1553): failed to ioctl: VIDIOC_DQBUF (22 - Invalid argument)
01-01 14:25:00.945 W/libexynosv4l2( 1553): failed to ioctl: VIDIOC_DQBUF (22 - Invalid argument)
01-01 14:25:11.980 W/libexynosv4l2( 1553): failed to ioctl: VIDIOC_DQBUF (22 - Invalid argument)
01-01 14:25:22.930 W/libexynosv4l2( 1553): failed to ioctl: VIDIOC_DQBUF (22 - Invalid argument)
01-01 14:25:33.940 W/libexynosv4l2( 1553): failed to ioctl: VIDIOC_DQBUF (22 - Invalid argument)
01-01 14:25:44.925 W/libexynosv4l2( 1553): failed to ioctl: VIDIOC_DQBUF (22 - Invalid argument)
01-01 14:25:55.935 W/libexynosv4l2( 1553): failed to ioctl: VIDIOC_DQBUF (22 - Invalid argument)
01-01 14:26:06.945 W/libexynosv4l2( 1553): failed to ioctl: VIDIOC_DQBUF (22 - Invalid argument)
01-01 14:26:17.950 W/libexynosv4l2( 1553): failed to ioctl: VIDIOC_DQBUF (22 - Invalid argument)
01-01 14:26:28.920 W/libexynosv4l2( 1553): failed to ioctl: VIDIOC_DQBUF (22 - Invalid argument)
01-01 14:26:39.890 W/libexynosv4l2( 1553): failed to ioctl: VIDIOC_DQBUF (22 - Invalid argument)
01-01 14:26:50.890 W/libexynosv4l2( 1553): failed to ioctl: VIDIOC_DQBUF (22 - Invalid argument)
01-01 14:27:01.940 W/libexynosv4l2( 1553): failed to ioctl: VIDIOC_DQBUF (22 - Invalid argument)
01-01 14:27:05.035 W/ProcessCpuTracker( 1982): Skipping unknown process pid 4022
01-01 14:27:05.035 W/ProcessCpuTracker( 1982): Skipping unknown process pid 4023
01-01 14:27:12.900 W/libexynosv4l2( 1553): failed to ioctl: VIDIOC_DQBUF (22 - Invalid argument)
01-01 14:27:23.875 W/libexynosv4l2( 1553): failed to ioctl: VIDIOC_DQBUF (22 - Invalid argument)
01-01 14:27:34.890 W/libexynosv4l2( 1553): failed to ioctl: VIDIOC_DQBUF (22 - Invalid argument)
01-01 14:27:45.890 W/libexynosv4l2( 1553): failed to ioctl: VIDIOC_DQBUF (22 - Invalid argument)
01-01 14:27:50.420 D/dalvikvm( 2158): WAIT_FOR_CONCURRENT_GC blocked 2ms
01-01 14:27:56.860 W/libexynosv4l2( 1553): failed to ioctl: VIDIOC_DQBUF (22 - Invalid argument)
01-01 14:28:01.900 D/dalvikvm( 2158): WAIT_FOR_CONCURRENT_GC blocked 2ms
01-01 14:28:07.860 W/libexynosv4l2( 1553): failed to ioctl: VIDIOC_DQBUF (22 - Invalid argument)
01-01 14:28:18.865 W/libexynosv4l2( 1553): failed to ioctl: VIDIOC_DQBUF (22 - Invalid argument)
01-01 14:28:29.660 D/dalvikvm( 2158): WAIT_FOR_CONCURRENT_GC blocked 3ms
01-01 14:28:29.845 W/libexynosv4l2( 1553): failed to ioctl: VIDIOC_DQBUF (22 - Invalid argument)
01-01 14:28:40.815 W/libexynosv4l2( 1553): failed to ioctl: VIDIOC_DQBUF (22 - Invalid argument)
01-01 14:28:51.810 W/libexynosv4l2( 1553): failed to ioctl: VIDIOC_DQBUF (22 - Invalid argument)
01-01 14:29:02.780 W/libexynosv4l2( 1553): failed to ioctl: VIDIOC_DQBUF (22 - Invalid argument)
01-01 14:29:04.870 D/dalvikvm( 2158): WAIT_FOR_CONCURRENT_GC blocked 10ms
01-01 14:29:13.755 W/libexynosv4l2( 1553): failed to ioctl: VIDIOC_DQBUF (22 - Invalid argument)
01-01 14:29:16.195 D/dalvikvm( 2158): WAIT_FOR_CONCURRENT_GC blocked 13ms
01-01 14:29:24.695 W/libexynosv4l2( 1553): failed to ioctl: VIDIOC_DQBUF (22 - Invalid argument)
01-01 14:29:35.720 W/libexynosv4l2( 1553): failed to ioctl: VIDIOC_DQBUF (22 - Invalid argument)
01-01 14:29:46.680 W/libexynosv4l2( 1553): failed to ioctl: VIDIOC_DQBUF (22 - Invalid argument)
01-01 14:29:57.680 W/libexynosv4l2( 1553): failed to ioctl: VIDIOC_DQBUF (22 - Invalid argument)
01-01 14:30:08.650 W/libexynosv4l2( 1553): failed to ioctl: VIDIOC_DQBUF (22 - Invalid argument)
01-01 14:30:09.175 D/dalvikvm( 2158): WAIT_FOR_CONCURRENT_GC blocked 2ms
01-01 14:30:19.640 W/libexynosv4l2( 1553): failed to ioctl: VIDIOC_DQBUF (22 - Invalid argument)
01-01 14:30:30.650 W/libexynosv4l2( 1553): failed to ioctl: VIDIOC_DQBUF (22 - Invalid argument)
01-01 14:30:35.695 D/dalvikvm( 2158): WAIT_FOR_CONCURRENT_GC blocked 2ms
01-01 14:30:41.620 W/libexynosv4l2( 1553): failed to ioctl: VIDIOC_DQBUF (22 - Invalid argument)
01-01 14:30:52.615 W/libexynosv4l2( 1553): failed to ioctl: VIDIOC_DQBUF (22 - Invalid argument)
01-01 14:31:03.525 W/libexynosv4l2( 1553): failed to ioctl: VIDIOC_DQBUF (22 - Invalid argument)
01-01 14:31:14.505 W/libexynosv4l2( 1553): failed to ioctl: VIDIOC_DQBUF (22 - Invalid argument)
01-01 14:31:25.475 W/libexynosv4l2( 1553): failed to ioctl: VIDIOC_DQBUF (22 - Invalid argument)
01-01 14:31:36.485 W/libexynosv4l2( 1553): failed to ioctl: VIDIOC_DQBUF (22 - Invalid argument)
01-01 14:31:47.455 W/libexynosv4l2( 1553): failed to ioctl: VIDIOC_DQBUF (22 - Invalid argument)
01-01 14:31:58.490 W/libexynosv4l2( 1553): failed to ioctl: VIDIOC_DQBUF (22 - Invalid argument)
01-01 14:32:09.460 W/libexynosv4l2( 1553): failed to ioctl: VIDIOC_DQBUF (22 - Invalid argument)
01-01 14:32:20.470 W/libexynosv4l2( 1553): failed to ioctl: VIDIOC_DQBUF (22 - Invalid argument)
01-01 14:32:31.475 W/libexynosv4l2( 1553): failed to ioctl: VIDIOC_DQBUF (22 - Invalid argument)
01-01 14:32:36.795 D/dalvikvm( 2158): WAIT_FOR_CONCURRENT_GC blocked 1ms
01-01 14:32:42.435 W/libexynosv4l2( 1553): failed to ioctl: VIDIOC_DQBUF (22 - Invalid argument)
01-01 14:32:53.440 W/libexynosv4l2( 1553): failed to ioctl: VIDIOC_DQBUF (22 - Invalid argument)
01-01 14:33:04.440 W/libexynosv4l2( 1553): failed to ioctl: VIDIOC_DQBUF (22 - Invalid argument)
01-01 14:33:15.415 W/libexynosv4l2( 1553): failed to ioctl: VIDIOC_DQBUF (22 - Invalid argument)
01-01 14:33:26.380 W/libexynosv4l2( 1553): failed to ioctl: VIDIOC_DQBUF (22 - Invalid argument)
01-01 14:33:37.315 D/dalvikvm( 2158): WAIT_FOR_CONCURRENT_GC blocked 14ms
01-01 14:33:37.390 W/libexynosv4l2( 1553): failed to ioctl: VIDIOC_DQBUF (22 - Invalid argument)
01-01 14:33:48.370 W/libexynosv4l2( 1553): failed to ioctl: VIDIOC_DQBUF (22 - Invalid argument)
01-01 14:33:59.375 W/libexynosv4l2( 1553): failed to ioctl: VIDIOC_DQBUF (22 - Invalid argument)
01-01 14:34:10.340 W/libexynosv4l2( 1553): failed to ioctl: VIDIOC_DQBUF (22 - Invalid argument)
01-01 14:34:21.340 W/libexynosv4l2( 1553): failed to ioctl: VIDIOC_DQBUF (22 - Invalid argument)
01-01 14:34:32.325 W/libexynosv4l2( 1553): failed to ioctl: VIDIOC_DQBUF (22 - Invalid argument)
01-01 14:34:43.380 W/libexynosv4l2( 1553): failed to ioctl: VIDIOC_DQBUF (22 - Invalid argument)
01-01 14:34:54.345 W/libexynosv4l2( 1553): failed to ioctl: VIDIOC_DQBUF (22 - Invalid argument)
01-01 14:35:05.340 W/libexynosv4l2( 1553): failed to ioctl: VIDIOC_DQBUF (22 - Invalid argument)
01-01 14:35:16.345 W/libexynosv4l2( 1553): failed to ioctl: VIDIOC_DQBUF (22 - Invalid argument)
01-01 14:35:27.355 W/libexynosv4l2( 1553): failed to ioctl: VIDIOC_DQBUF (22 - Invalid argument)
01-01 14:35:38.290 W/libexynosv4l2( 1553): failed to ioctl: VIDIOC_DQBUF (22 - Invalid argument)
01-01 14:35:46.515 D/dalvikvm( 2158): WAIT_FOR_CONCURRENT_GC blocked 1ms
01-01 14:35:49.290 W/libexynosv4l2( 1553): failed to ioctl: VIDIOC_DQBUF (22 - Invalid argument)
01-01 14:36:00.265 W/libexynosv4l2( 1553): failed to ioctl: VIDIOC_DQBUF (22 - Invalid argument)
01-01 14:36:11.275 W/libexynosv4l2( 1553): failed to ioctl: VIDIOC_DQBUF (22 - Invalid argument)
01-01 14:36:22.285 W/libexynosv4l2( 1553): failed to ioctl: VIDIOC_DQBUF (22 - Invalid argument)
01-01 14:36:33.285 W/libexynosv4l2( 1553): failed to ioctl: VIDIOC_DQBUF (22 - Invalid argument)
01-01 14:36:44.255 W/libexynosv4l2( 1553): failed to ioctl: VIDIOC_DQBUF (22 - Invalid argument)
01-01 14:36:55.300 W/libexynosv4l2( 1553): failed to ioctl: VIDIOC_DQBUF (22 - Invalid argument)
01-01 14:37:06.235 W/libexynosv4l2( 1553): failed to ioctl: VIDIOC_DQBUF (22 - Invalid argument)
01-01 14:37:17.205 W/libexynosv4l2( 1553): failed to ioctl: VIDIOC_DQBUF (22 - Invalid argument)
01-01 14:37:28.170 W/libexynosv4l2( 1553): failed to ioctl: VIDIOC_DQBUF (22 - Invalid argument)
01-01 14:37:39.135 W/libexynosv4l2( 1553): failed to ioctl: VIDIOC_DQBUF (22 - Invalid argument)
01-01 14:37:50.105 W/libexynosv4l2( 1553): failed to ioctl: VIDIOC_DQBUF (22 - Invalid argument)
01-01 14:38:01.115 W/libexynosv4l2( 1553): failed to ioctl: VIDIOC_DQBUF (22 - Invalid argument)
01-01 14:38:12.090 W/libexynosv4l2( 1553): failed to ioctl: VIDIOC_DQBUF (22 - Invalid argument)
01-01 14:38:23.105 W/libexynosv4l2( 1553): failed to ioctl: VIDIOC_DQBUF (22 - Invalid argument)
01-01 14:38:34.030 W/libexynosv4l2( 1553): failed to ioctl: VIDIOC_DQBUF (22 - Invalid argument)
01-01 14:38:45.035 W/libexynosv4l2( 1553): failed to ioctl: VIDIOC_DQBUF (22 - Invalid argument)
01-01 14:38:56.040 W/libexynosv4l2( 1553): failed to ioctl: VIDIOC_DQBUF (22 - Invalid argument)
01-01 14:39:07.075 W/libexynosv4l2( 1553): failed to ioctl: VIDIOC_DQBUF (22 - Invalid argument)
01-01 14:39:18.040 W/libexynosv4l2( 1553): failed to ioctl: VIDIOC_DQBUF (22 - Invalid argument)
01-01 14:39:29.015 W/libexynosv4l2( 1553): failed to ioctl: VIDIOC_DQBUF (22 - Invalid argument)
01-01 14:39:39.980 W/libexynosv4l2( 1553): failed to ioctl: VIDIOC_DQBUF (22 - Invalid argument)
01-01 14:39:50.990 W/libexynosv4l2( 1553): failed to ioctl: VIDIOC_DQBUF (22 - Invalid argument)
01-01 14:40:01.965 W/libexynosv4l2( 1553): failed to ioctl: VIDIOC_DQBUF (22 - Invalid argument)
01-01 14:40:12.900 W/libexynosv4l2( 1553): failed to ioctl: VIDIOC_DQBUF (22 - Invalid argument)
01-01 14:40:23.875 W/libexynosv4l2( 1553): failed to ioctl: VIDIOC_DQBUF (22 - Invalid argument)
01-01 14:40:34.880 W/libexynosv4l2( 1553): failed to ioctl: VIDIOC_DQBUF (22 - Invalid argument)
01-01 14:40:45.850 W/libexynosv4l2( 1553): failed to ioctl: VIDIOC_DQBUF (22 - Invalid argument)
01-01 14:40:56.855 W/libexynosv4l2( 1553): failed to ioctl: VIDIOC_DQBUF (22 - Invalid argument)
01-01 14:41:07.860 W/libexynosv4l2( 1553): failed to ioctl: VIDIOC_DQBUF (22 - Invalid argument)
01-01 14:41:18.895 W/libexynosv4l2( 1553): failed to ioctl: VIDIOC_DQBUF (22 - Invalid argument)
01-01 14:41:29.905 W/libexynosv4l2( 1553): failed to ioctl: VIDIOC_DQBUF (22 - Invalid argument)
01-01 14:41:40.900 W/libexynosv4l2( 1553): failed to ioctl: VIDIOC_DQBUF (22 - Invalid argument)
01-01 14:41:51.895 W/libexynosv4l2( 1553): failed to ioctl: VIDIOC_DQBUF (22 - Invalid argument)
01-01 14:42:02.870 W/libexynosv4l2( 1553): failed to ioctl: VIDIOC_DQBUF (22 - Invalid argument)
01-01 14:42:13.865 W/libexynosv4l2( 1553): failed to ioctl: VIDIOC_DQBUF (22 - Invalid argument)
01-01 14:42:24.860 W/libexynosv4l2( 1553): failed to ioctl: VIDIOC_DQBUF (22 - Invalid argument)
01-01 14:42:35.870 W/libexynosv4l2( 1553): failed to ioctl: VIDIOC_DQBUF (22 - Invalid argument)
01-01 14:42:46.815 W/libexynosv4l2( 1553): failed to ioctl: VIDIOC_DQBUF (22 - Invalid argument)
01-01 14:42:57.785 W/libexynosv4l2( 1553): failed to ioctl: VIDIOC_DQBUF (22 - Invalid argument)
01-01 14:43:08.790 W/libexynosv4l2( 1553): failed to ioctl: VIDIOC_DQBUF (22 - Invalid argument)
01-01 14:43:19.800 W/libexynosv4l2( 1553): failed to ioctl: VIDIOC_DQBUF (22 - Invalid argument)
01-01 14:43:30.725 W/libexynosv4l2( 1553): failed to ioctl: VIDIOC_DQBUF (22 - Invalid argument)
01-01 14:43:35.615 I/ProcessStatsService( 1982): Prepared write state in 6ms
01-01 14:43:35.635 I/ProcessStatsService( 1982): Pruning old procstats: /data/system/procstats/state-2013-01-01-12-09-00.bin
01-01 14:43:41.770 W/libexynosv4l2( 1553): failed to ioctl: VIDIOC_DQBUF (22 - Invalid argument)
01-01 14:43:52.770 W/libexynosv4l2( 1553): failed to ioctl: VIDIOC_DQBUF (22 - Invalid argument)
01-01 14:44:03.730 W/libexynosv4l2( 1553): failed to ioctl: VIDIOC_DQBUF (22 - Invalid argument)
01-01 14:44:14.725 W/libexynosv4l2( 1553): failed to ioctl: VIDIOC_DQBUF (22 - Invalid argument)
01-01 14:44:25.725 W/libexynosv4l2( 1553): failed to ioctl: VIDIOC_DQBUF (22 - Invalid argument)
01-01 14:44:36.660 W/libexynosv4l2( 1553): failed to ioctl: VIDIOC_DQBUF (22 - Invalid argument)
01-01 14:44:47.665 W/libexynosv4l2( 1553): failed to ioctl: VIDIOC_DQBUF (22 - Invalid argument)
01-01 14:44:58.700 W/libexynosv4l2( 1553): failed to ioctl: VIDIOC_DQBUF (22 - Invalid argument)
01-01 14:45:09.675 W/libexynosv4l2( 1553): failed to ioctl: VIDIOC_DQBUF (22 - Invalid argument)
01-01 14:45:20.585 W/libexynosv4l2( 1553): failed to ioctl: VIDIOC_DQBUF (22 - Invalid argument)
01-01 14:45:31.625 W/libexynosv4l2( 1553): failed to ioctl: VIDIOC_DQBUF (22 - Invalid argument)
01-01 14:45:32.495 D/dalvikvm( 2158): WAIT_FOR_CONCURRENT_GC blocked 5ms
01-01 14:45:42.630 W/libexynosv4l2( 1553): failed to ioctl: VIDIOC_DQBUF (22 - Invalid argument)
01-01 14:45:46.600 D/dalvikvm( 2158): WAIT_FOR_CONCURRENT_GC blocked 6ms
01-01 14:45:53.565 W/libexynosv4l2( 1553): failed to ioctl: VIDIOC_DQBUF (22 - Invalid argument)
01-01 14:45:55.480 D/dalvikvm( 2158): WAIT_FOR_CONCURRENT_GC blocked 2ms
01-01 14:46:04.540 W/libexynosv4l2( 1553): failed to ioctl: VIDIOC_DQBUF (22 - Invalid argument)
01-01 14:46:15.505 W/libexynosv4l2( 1553): failed to ioctl: VIDIOC_DQBUF (22 - Invalid argument)
01-01 14:46:26.540 W/libexynosv4l2( 1553): failed to ioctl: VIDIOC_DQBUF (22 - Invalid argument)
01-01 14:46:37.510 W/libexynosv4l2( 1553): failed to ioctl: VIDIOC_DQBUF (22 - Invalid argument)
01-01 14:46:48.560 W/libexynosv4l2( 1553): failed to ioctl: VIDIOC_DQBUF (22 - Invalid argument)
01-01 14:46:59.525 W/libexynosv4l2( 1553): failed to ioctl: VIDIOC_DQBUF (22 - Invalid argument)
01-01 14:47:10.470 W/libexynosv4l2( 1553): failed to ioctl: VIDIOC_DQBUF (22 - Invalid argument)
01-01 14:47:21.445 W/libexynosv4l2( 1553): failed to ioctl: VIDIOC_DQBUF (22 - Invalid argument)
01-01 14:47:32.375 W/libexynosv4l2( 1553): failed to ioctl: VIDIOC_DQBUF (22 - Invalid argument)
01-01 14:47:43.310 W/libexynosv4l2( 1553): failed to ioctl: VIDIOC_DQBUF (22 - Invalid argument)
01-01 14:47:54.320 W/libexynosv4l2( 1553): failed to ioctl: VIDIOC_DQBUF (22 - Invalid argument)
01-01 14:48:05.325 W/libexynosv4l2( 1553): failed to ioctl: VIDIOC_DQBUF (22 - Invalid argument)
01-01 14:48:16.335 W/libexynosv4l2( 1553): failed to ioctl: VIDIOC_DQBUF (22 - Invalid argument)
01-01 14:48:27.340 W/libexynosv4l2( 1553): failed to ioctl: VIDIOC_DQBUF (22 - Invalid argument)
01-01 14:48:38.350 W/libexynosv4l2( 1553): failed to ioctl: VIDIOC_DQBUF (22 - Invalid argument)
01-01 14:48:49.395 W/libexynosv4l2( 1553): failed to ioctl: VIDIOC_DQBUF (22 - Invalid argument)
01-01 14:49:00.355 W/libexynosv4l2( 1553): failed to ioctl: VIDIOC_DQBUF (22 - Invalid argument)
01-01 14:49:11.330 W/libexynosv4l2( 1553): failed to ioctl: VIDIOC_DQBUF (22 - Invalid argument)
01-01 14:49:22.370 W/libexynosv4l2( 1553): failed to ioctl: VIDIOC_DQBUF (22 - Invalid argument)
01-01 14:49:33.405 W/libexynosv4l2( 1553): failed to ioctl: VIDIOC_DQBUF (22 - Invalid argument)
01-01 14:49:44.410 W/libexynosv4l2( 1553): failed to ioctl: VIDIOC_DQBUF (22 - Invalid argument)
01-01 14:49:55.420 W/libexynosv4l2( 1553): failed to ioctl: VIDIOC_DQBUF (22 - Invalid argument)
01-01 14:50:06.345 W/libexynosv4l2( 1553): failed to ioctl: VIDIOC_DQBUF (22 - Invalid argument)
01-01 14:50:17.355 W/libexynosv4l2( 1553): failed to ioctl: VIDIOC_DQBUF (22 - Invalid argument)
01-01 14:50:28.350 W/libexynosv4l2( 1553): failed to ioctl: VIDIOC_DQBUF (22 - Invalid argument)
01-01 14:50:35.435 D/dalvikvm( 2158): WAIT_FOR_CONCURRENT_GC blocked 8ms
01-01 14:50:39.325 W/libexynosv4l2( 1553): failed to ioctl: VIDIOC_DQBUF (22 - Invalid argument)
01-01 14:50:50.320 W/libexynosv4l2( 1553): failed to ioctl: VIDIOC_DQBUF (22 - Invalid argument)
01-01 14:51:01.295 W/libexynosv4l2( 1553): failed to ioctl: VIDIOC_DQBUF (22 - Invalid argument)
01-01 14:51:07.235 D/dalvikvm( 2158): WAIT_FOR_CONCURRENT_GC blocked 8ms
01-01 14:51:12.260 W/libexynosv4l2( 1553): failed to ioctl: VIDIOC_DQBUF (22 - Invalid argument)
01-01 14:51:23.260 W/libexynosv4l2( 1553): failed to ioctl: VIDIOC_DQBUF (22 - Invalid argument)
01-01 14:51:34.260 W/libexynosv4l2( 1553): failed to ioctl: VIDIOC_DQBUF (22 - Invalid argument)
01-01 14:51:37.370 D/dalvikvm( 2158): WAIT_FOR_CONCURRENT_GC blocked 5ms
01-01 14:51:45.225 W/libexynosv4l2( 1553): failed to ioctl: VIDIOC_DQBUF (22 - Invalid argument)
01-01 14:51:56.190 W/libexynosv4l2( 1553): failed to ioctl: VIDIOC_DQBUF (22 - Invalid argument)
01-01 14:52:07.170 W/libexynosv4l2( 1553): failed to ioctl: VIDIOC_DQBUF (22 - Invalid argument)
01-01 14:52:18.170 W/libexynosv4l2( 1553): failed to ioctl: VIDIOC_DQBUF (22 - Invalid argument)
01-01 14:52:29.135 W/libexynosv4l2( 1553): failed to ioctl: VIDIOC_DQBUF (22 - Invalid argument)
01-01 14:52:40.175 W/libexynosv4l2( 1553): failed to ioctl: VIDIOC_DQBUF (22 - Invalid argument)
01-01 14:52:51.210 W/libexynosv4l2( 1553): failed to ioctl: VIDIOC_DQBUF (22 - Invalid argument)
01-01 14:53:02.150 W/libexynosv4l2( 1553): failed to ioctl: VIDIOC_DQBUF (22 - Invalid argument)
01-01 14:53:13.145 W/libexynosv4l2( 1553): failed to ioctl: VIDIOC_DQBUF (22 - Invalid argument)
01-01 14:53:24.080 W/libexynosv4l2( 1553): failed to ioctl: VIDIOC_DQBUF (22 - Invalid argument)
01-01 14:53:35.080 W/libexynosv4l2( 1553): failed to ioctl: VIDIOC_DQBUF (22 - Invalid argument)
01-01 14:53:46.125 W/libexynosv4l2( 1553): failed to ioctl: VIDIOC_DQBUF (22 - Invalid argument)
01-01 14:53:57.135 W/libexynosv4l2( 1553): failed to ioctl: VIDIOC_DQBUF (22 - Invalid argument)
01-01 14:54:05.015 W/ProcessCpuTracker( 1982): Skipping unknown process pid 7181
01-01 14:54:05.015 W/ProcessCpuTracker( 1982): Skipping unknown process pid 7182
01-01 14:54:08.140 W/libexynosv4l2( 1553): failed to ioctl: VIDIOC_DQBUF (22 - Invalid argument)
01-01 14:54:19.150 W/libexynosv4l2( 1553): failed to ioctl: VIDIOC_DQBUF (22 - Invalid argument)
01-01 14:54:30.110 W/libexynosv4l2( 1553): failed to ioctl: VIDIOC_DQBUF (22 - Invalid argument)
01-01 14:54:41.100 W/libexynosv4l2( 1553): failed to ioctl: VIDIOC_DQBUF (22 - Invalid argument)
01-01 14:54:52.100 W/libexynosv4l2( 1553): failed to ioctl: VIDIOC_DQBUF (22 - Invalid argument)
01-01 14:55:03.045 W/libexynosv4l2( 1553): failed to ioctl: VIDIOC_DQBUF (22 - Invalid argument)
01-01 14:55:14.010 W/libexynosv4l2( 1553): failed to ioctl: VIDIOC_DQBUF (22 - Invalid argument)
01-01 14:55:25.010 W/libexynosv4l2( 1553): failed to ioctl: VIDIOC_DQBUF (22 - Invalid argument)
01-01 14:55:36.040 W/libexynosv4l2( 1553): failed to ioctl: VIDIOC_DQBUF (22 - Invalid argument)
01-01 14:55:47.040 W/libexynosv4l2( 1553): failed to ioctl: VIDIOC_DQBUF (22 - Invalid argument)
01-01 14:55:58.085 W/libexynosv4l2( 1553): failed to ioctl: VIDIOC_DQBUF (22 - Invalid argument)
01-01 14:56:09.060 W/libexynosv4l2( 1553): failed to ioctl: VIDIOC_DQBUF (22 - Invalid argument)
01-01 14:56:20.070 W/libexynosv4l2( 1553): failed to ioctl: VIDIOC_DQBUF (22 - Invalid argument)
01-01 14:56:24.990 D/dalvikvm( 2158): WAIT_FOR_CONCURRENT_GC blocked 4ms
01-01 14:56:31.040 W/libexynosv4l2( 1553): failed to ioctl: VIDIOC_DQBUF (22 - Invalid argument)
01-01 14:56:42.050 W/libexynosv4l2( 1553): failed to ioctl: VIDIOC_DQBUF (22 - Invalid argument)
01-01 14:56:53.010 W/libexynosv4l2( 1553): failed to ioctl: VIDIOC_DQBUF (22 - Invalid argument)
01-01 14:57:04.050 W/libexynosv4l2( 1553): failed to ioctl: VIDIOC_DQBUF (22 - Invalid argument)
01-01 14:57:15.065 W/libexynosv4l2( 1553): failed to ioctl: VIDIOC_DQBUF (22 - Invalid argument)
01-01 14:57:26.065 W/libexynosv4l2( 1553): failed to ioctl: VIDIOC_DQBUF (22 - Invalid argument)
01-01 14:57:37.040 W/libexynosv4l2( 1553): failed to ioctl: VIDIOC_DQBUF (22 - Invalid argument)
01-01 14:57:47.980 W/libexynosv4l2( 1553): failed to ioctl: VIDIOC_DQBUF (22 - Invalid argument)
01-01 14:57:58.995 W/libexynosv4l2( 1553): failed to ioctl: VIDIOC_DQBUF (22 - Invalid argument)
01-01 14:58:09.995 W/libexynosv4l2( 1553): failed to ioctl: VIDIOC_DQBUF (22 - Invalid argument)
01-01 14:58:21.030 W/libexynosv4l2( 1553): failed to ioctl: VIDIOC_DQBUF (22 - Invalid argument)
01-01 14:58:32.000 W/libexynosv4l2( 1553): failed to ioctl: VIDIOC_DQBUF (22 - Invalid argument)
01-01 14:58:43.040 W/libexynosv4l2( 1553): failed to ioctl: VIDIOC_DQBUF (22 - Invalid argument)
01-01 14:58:54.005 W/libexynosv4l2( 1553): failed to ioctl: VIDIOC_DQBUF (22 - Invalid argument)
01-01 14:59:05.005 W/libexynosv4l2( 1553): failed to ioctl: VIDIOC_DQBUF (22 - Invalid argument)
01-01 14:59:16.010 W/libexynosv4l2( 1553): failed to ioctl: VIDIOC_DQBUF (22 - Invalid argument)
01-01 14:59:26.980 W/libexynosv4l2( 1553): failed to ioctl: VIDIOC_DQBUF (22 - Invalid argument)
01-01 14:59:37.990 W/libexynosv4l2( 1553): failed to ioctl: VIDIOC_DQBUF (22 - Invalid argument)
01-01 14:59:42.405 I/hwcomposer( 1550): HDMI Resolution changed to 1280x720
01-01 14:59:42.405 D/mali_winsys( 1550): new_window_surface returns 0x3000
01-01 14:59:42.410 I/DisplayManagerService( 1982): Display device added: DisplayDeviceInfo{"HDMI ": 1280 x 720, 61.000004 fps, density 213, 213.0 x 213.0 dpi, touch EXTERNAL, rotation 0, type HDMI, FLAG_SECURE, FLAG_SUPPORTS_PROTECTED_BUFFERS, FLAG_PRESENTATION}
01-01 14:59:42.420 D/SurfaceFlinger( 1550): Screen acquired, type=1 flinger=0x402fa008
01-01 14:59:42.430 I/SurfaceControl( 1982): void android::nativeSetDisplayProjection(JNIEnv*, jclass, jobject, jint, jint, jint, jint, jint, jint, jint, jint, jint):: physWidth * physHeight(1280 * 720), displayRectWidth * displayRectHeight(1280 * 720)
01-01 14:59:42.430 I/SurfaceControl( 1982): void android::nativeSetDisplayProjection(JNIEnv*, jclass, jobject, jint, jint, jint, jint, jint, jint, jint, jint, jint):: layerStackRect: (0, 0, 1280, 720), displayRect: (0, 0, 1280, 720), orientation: 0
01-01 14:59:42.430 I/SurfaceControl( 1982): void android::nativeSetDisplayProjection(JNIEnv*, jclass, jobject, jint, jint, jint, jint, jint, jint, jint, jint, jint):: physical info: main info(), exteranl info(1280,720), resolution(0), scaling(100)
01-01 14:59:42.430 I/SurfaceControl( 1982): void android::nativeSetDisplayProjection(JNIEnv*, jclass, jobject, jint, jint, jint, jint, jint, jint, jint, jint, jint):: offset info: OffsetTop(0), OffsetBottom(0), OffsetLeft(0), OffsetRight(0)
01-01 14:59:42.455 V/WiredAccessoryManager( 1982): Headset UEVENT: {SUBSYSTEM=switch, SWITCH_STATE=1, DEVPATH=/devices/virtual/switch/hdmi, SEQNUM=1512, ACTION=change, SWITCH_NAME=hdmi}
01-01 14:59:42.455 V/WiredAccessoryManager( 1982): newName=hdmi newState=16 headsetState=16 prev headsetState=0
01-01 14:59:42.455 W/AudioTrack( 2377): dead IAudioTrack, PCM, creating a new one from obtainBuffer()
01-01 14:59:42.455 V/WiredAccessoryManager( 1982): device hdmi connected
01-01 14:59:42.540 D/audio_hw_primary( 1553): get_input_source_id();  src=0
01-01 14:59:42.540 D/audio_hw_primary( 1553): Device:1024, period_size:1024
01-01 14:59:42.545 D/audio_hw_primary( 1553): get_input_source_id();  src=0
01-01 14:59:48.415 E/EventHub( 1982): could not get driver version for /dev/input/mouse0, Not a typewriter
01-01 14:59:48.430 E/EvStagePlugin( 2377): ACTION_USB_DEVICE_ATTACHED
01-01 14:59:48.430 I/KCamService( 2144): ACTION_USB_DEVICE_ATTACHED
01-01 14:59:48.430 I/KCamService( 2144): mouse attached
01-01 14:59:48.430 W/ContextImpl( 1982): Calling a method in the system process without a qualified user: android.app.ContextImpl.sendBroadcast:1136 com.android.server.usb.UsbSettingsManager.deviceAttached:621 com.android.server.usb.UsbHostManager.usbDeviceAdded:156 com.android.server.usb.UsbHostManager.monitorUsbHostBus:-2 com.android.server.usb.UsbHostManager.access$000:38 
01-01 14:59:48.475 D/EventHub( 1982): No input device configuration file found for device 'MLK RAPOO Mouse 7100'.
01-01 14:59:48.480 W/EventHub( 1982): Unable to disable kernel key repeat for /dev/input/event0: Function not implemented
01-01 14:59:48.480 I/EventHub( 1982): New device: id=1, fd=168, path='/dev/input/event0', name='MLK RAPOO Mouse 7100', classes=0x80000169, configuration='', keyLayout='/system/usr/keylayout/Generic.kl', keyCharacterMap='/system/usr/keychars/Generic.kcm', builtinKeyboard=false, usingSuspendBlockIoctl=true, usingClockIoctl=true
01-01 14:59:48.505 I/InputReader( 1982): Device added: id=1, name='MLK RAPOO Mouse 7100', sources=0x01002713
01-01 14:59:48.505 I/ActivityManager( 1982): Config changes=60 {1.0 ?mcc?mnc zh_CN ldltr sw720dp w1280dp h695dp 160dpi xlrg long land -touch -keyb/v/h dpad/v s.5}
01-01 14:59:48.530 D/PhoneStatusBar( 2041): mSettingsPanelGravity = 8388661
01-01 14:59:48.540 E/ActivityThread( 2041): Failed to find provider info for com.android.contacts
01-01 14:59:48.925 W/libexynosv4l2( 1553): failed to ioctl: VIDIOC_DQBUF (22 - Invalid argument)
01-01 14:59:50.725 D/Ethernet( 1982): Interface eth0 link up
01-01 14:59:50.730 D/Ethernet( 1982): carrier=1
01-01 14:59:50.730 D/Ethernet( 1982): checkUseStaticIp() : user set to use DHCP, about to Return.
01-01 14:59:55.935 D/ConnectivityService( 1982): ConnectivityChange for ETHERNET: CONNECTED/CONNECTED
01-01 14:59:55.935 W/ContextImpl( 1982): Calling a method in the system process without a qualified user: android.app.ContextImpl.sendStickyBroadcast:1294 android.net.EthernetDataTracker.sendEthStateChangedBroadcast:108 android.net.EthernetDataTracker.access$900:60 android.net.EthernetDataTracker$1.run:379 java.lang.Thread.run:841 
01-01 14:59:55.940 E/ConnectivityService( 1982): Unexpected mtu value: android.net.EthernetDataTracker@41f84200
01-01 14:59:55.975 D/Nat464Xlat( 1982): requiresClat: netType=9, hasIPv4Address=true
01-01 14:59:56.750 I/Unity   ( 2377): http request error: java.io.FileNotFoundException: http://kcam.ktvme.com:81/auth/check?timestamp=1527168743&uuid=DDB913150253E5509A682BDCB4E78CD483B3331F9431295F&version=kcam 0.1.25.1&sign=BC02F9ABE4BCC0757033561B45A0D374
01-01 14:59:56.750 I/Unity   ( 2377):  
01-01 14:59:56.750 I/Unity   ( 2377): (Filename: ./artifacts/generated/common/runtime/UnityEngineDebugBindings.gen.cpp Line: 65)
01-01 14:59:56.750 I/Unity   ( 2377): 
01-01 14:59:58.980 D/Tethering( 1982): MasterInitialState.processMessage what=3
01-01 14:59:58.980 D/CaptivePortalTracker( 1982): NoActiveNetworkState{ when=0 what=1 obj=NetworkInfo: type: ETHERNET[], state: CONNECTED/CONNECTED, reason: (unspecified), extra: c4:09:38:ec:dd:09, roaming: false, failover: false, isAvailable: true, isConnectedToProvisioningNetwork: false target=com.android.internal.util.StateMachine$SmHandler }
01-01 14:59:58.980 D/CaptivePortalTracker( 1982): NoActiveNetworkState not a wifi connectivity change, ignore
01-01 14:59:59.015 W/ContextImpl( 2211): Calling a method in the system process without a qualified user: android.app.ContextImpl.startService:1492 android.content.ContextWrapper.startService:494 android.content.ContextWrapper.startService:494 android.kcam.update.service.KCamUpdateReceiver.onReceive:83 android.app.ActivityThread.handleReceiver:2419 
01-01 14:59:59.020 W/ContextImpl( 2211): Implicit intents with startService are not safe: Intent { act=android.kcam.update.service (has extras) } android.content.ContextWrapper.startService:494 android.content.ContextWrapper.startService:494 android.kcam.update.service.KCamUpdateReceiver.onReceive:83 
01-01 14:59:59.900 W/libexynosv4l2( 1553): failed to ioctl: VIDIOC_DQBUF (22 - Invalid argument)
01-01 15:00:09.090 W/ActivityThread( 2211): ClassLoader.loadClass: The class loader returned by Thread.getContextClassLoader() may fail for processes that host multiple applications. You should explicitly specify a context class loader. For example: Thread.setContextClassLoader(getClass().getClassLoader());
01-01 15:00:09.165 E/KCamUpdateService( 2211): AppServer responded with error 400
01-01 15:00:09.165 W/ContextImpl( 2211): Calling a method in the system process without a qualified user: android.app.ContextImpl.sendBroadcast:1136 android.content.ContextWrapper.sendBroadcast:365 android.kcam.update.service.KCamUpdateService$WorkHandler.handleMessage:514 android.os.Handler.dispatchMessage:102 android.os.Looper.loop:136 
01-01 15:00:10.860 W/libexynosv4l2( 1553): failed to ioctl: VIDIOC_DQBUF (22 - Invalid argument)
01-01 15:00:21.835 W/libexynosv4l2( 1553): failed to ioctl: VIDIOC_DQBUF (22 - Invalid argument)
