01-01 00:04:04.835 W/libexynosv4l2( 1553): failed to ioctl: VIDIOC_DQBUF (22 - Invalid argument)
01-01 00:04:15.785 W/libexynosv4l2( 1553): failed to ioctl: VIDIOC_DQBUF (22 - Invalid argument)
01-01 00:04:26.720 W/libexynosv4l2( 1553): failed to ioctl: VIDIOC_DQBUF (22 - Invalid argument)
01-01 00:04:37.615 W/libexynosv4l2( 1553): failed to ioctl: VIDIOC_DQBUF (22 - Invalid argument)
01-01 00:04:44.685 D/dalvikvm( 2159): WAIT_FOR_CONCURRENT_GC blocked 1ms
01-01 00:04:48.540 W/libexynosv4l2( 1553): failed to ioctl: VIDIOC_DQBUF (22 - Invalid argument)
01-01 00:04:59.450 W/libexynosv4l2( 1553): failed to ioctl: VIDIOC_DQBUF (22 - Invalid argument)
01-01 00:05:10.385 W/libexynosv4l2( 1553): failed to ioctl: VIDIOC_DQBUF (22 - Invalid argument)
01-01 00:05:21.365 W/libexynosv4l2( 1553): failed to ioctl: VIDIOC_DQBUF (22 - Invalid argument)
01-01 00:05:32.380 W/libexynosv4l2( 1553): failed to ioctl: VIDIOC_DQBUF (22 - Invalid argument)
01-01 00:05:43.375 W/libexynosv4l2( 1553): failed to ioctl: VIDIOC_DQBUF (22 - Invalid argument)
01-01 00:05:44.335 D/dalvikvm( 2159): WAIT_FOR_CONCURRENT_GC blocked 5ms
01-01 00:05:54.390 W/libexynosv4l2( 1553): failed to ioctl: VIDIOC_DQBUF (22 - Invalid argument)
01-01 00:06:05.395 W/libexynosv4l2( 1553): failed to ioctl: VIDIOC_DQBUF (22 - Invalid argument)
01-01 00:06:16.405 W/libexynosv4l2( 1553): failed to ioctl: VIDIOC_DQBUF (22 - Invalid argument)
01-01 00:06:27.380 W/libexynosv4l2( 1553): failed to ioctl: VIDIOC_DQBUF (22 - Invalid argument)
01-01 00:06:38.390 W/libexynosv4l2( 1553): failed to ioctl: VIDIOC_DQBUF (22 - Invalid argument)
01-01 00:06:42.185 D/dalvikvm( 2159): WAIT_FOR_CONCURRENT_GC blocked 2ms
01-01 00:06:49.390 W/libexynosv4l2( 1553): failed to ioctl: VIDIOC_DQBUF (22 - Invalid argument)
01-01 00:06:55.875 D/dalvikvm( 2159): WAIT_FOR_CONCURRENT_GC blocked 4ms
01-01 00:07:00.380 W/libexynosv4l2( 1553): failed to ioctl: VIDIOC_DQBUF (22 - Invalid argument)
01-01 00:07:11.320 W/libexynosv4l2( 1553): failed to ioctl: VIDIOC_DQBUF (22 - Invalid argument)
01-01 00:07:22.255 W/libexynosv4l2( 1553): failed to ioctl: VIDIOC_DQBUF (22 - Invalid argument)
01-01 00:07:33.235 W/libexynosv4l2( 1553): failed to ioctl: VIDIOC_DQBUF (22 - Invalid argument)
01-01 00:07:44.200 W/libexynosv4l2( 1553): failed to ioctl: VIDIOC_DQBUF (22 - Invalid argument)
01-01 00:07:55.170 W/libexynosv4l2( 1553): failed to ioctl: VIDIOC_DQBUF (22 - Invalid argument)
01-01 00:08:06.175 W/libexynosv4l2( 1553): failed to ioctl: VIDIOC_DQBUF (22 - Invalid argument)
01-01 00:08:14.350 D/dalvikvm( 2159): WAIT_FOR_CONCURRENT_GC blocked 8ms
01-01 00:08:17.150 W/libexynosv4l2( 1553): failed to ioctl: VIDIOC_DQBUF (22 - Invalid argument)
01-01 00:08:28.150 W/libexynosv4l2( 1553): failed to ioctl: VIDIOC_DQBUF (22 - Invalid argument)
01-01 00:08:39.155 W/libexynosv4l2( 1553): failed to ioctl: VIDIOC_DQBUF (22 - Invalid argument)
01-01 00:08:50.155 W/libexynosv4l2( 1553): failed to ioctl: VIDIOC_DQBUF (22 - Invalid argument)
01-01 00:09:01.135 W/libexynosv4l2( 1553): failed to ioctl: VIDIOC_DQBUF (22 - Invalid argument)
01-01 00:09:12.150 W/libexynosv4l2( 1553): failed to ioctl: VIDIOC_DQBUF (22 - Invalid argument)
01-01 00:09:23.155 W/libexynosv4l2( 1553): failed to ioctl: VIDIOC_DQBUF (22 - Invalid argument)
01-01 00:09:34.115 W/libexynosv4l2( 1553): failed to ioctl: VIDIOC_DQBUF (22 - Invalid argument)
01-01 00:09:45.130 W/libexynosv4l2( 1553): failed to ioctl: VIDIOC_DQBUF (22 - Invalid argument)
01-01 00:09:56.100 W/libexynosv4l2( 1553): failed to ioctl: VIDIOC_DQBUF (22 - Invalid argument)
01-01 00:10:07.075 W/libexynosv4l2( 1553): failed to ioctl: VIDIOC_DQBUF (22 - Invalid argument)
01-01 00:10:18.115 W/libexynosv4l2( 1553): failed to ioctl: VIDIOC_DQBUF (22 - Invalid argument)
01-01 00:10:29.085 W/libexynosv4l2( 1553): failed to ioctl: VIDIOC_DQBUF (22 - Invalid argument)
01-01 00:10:40.100 W/libexynosv4l2( 1553): failed to ioctl: VIDIOC_DQBUF (22 - Invalid argument)
01-01 00:10:40.265 D/dalvikvm( 2159): WAIT_FOR_CONCURRENT_GC blocked 7ms
01-01 00:10:51.030 W/libexynosv4l2( 1553): failed to ioctl: VIDIOC_DQBUF (22 - Invalid argument)
01-01 00:11:02.000 W/libexynosv4l2( 1553): failed to ioctl: VIDIOC_DQBUF (22 - Invalid argument)
01-01 00:11:12.975 W/libexynosv4l2( 1553): failed to ioctl: VIDIOC_DQBUF (22 - Invalid argument)
01-01 00:11:24.005 W/libexynosv4l2( 1553): failed to ioctl: VIDIOC_DQBUF (22 - Invalid argument)
01-01 00:11:35.005 W/libexynosv4l2( 1553): failed to ioctl: VIDIOC_DQBUF (22 - Invalid argument)
01-01 00:11:45.930 W/libexynosv4l2( 1553): failed to ioctl: VIDIOC_DQBUF (22 - Invalid argument)
01-01 00:11:56.940 W/libexynosv4l2( 1553): failed to ioctl: VIDIOC_DQBUF (22 - Invalid argument)
01-01 00:12:07.900 W/libexynosv4l2( 1553): failed to ioctl: VIDIOC_DQBUF (22 - Invalid argument)
01-01 00:12:18.895 W/libexynosv4l2( 1553): failed to ioctl: VIDIOC_DQBUF (22 - Invalid argument)
01-01 00:12:29.855 W/libexynosv4l2( 1553): failed to ioctl: VIDIOC_DQBUF (22 - Invalid argument)
01-01 00:12:40.895 W/libexynosv4l2( 1553): failed to ioctl: VIDIOC_DQBUF (22 - Invalid argument)
01-01 00:12:51.865 W/libexynosv4l2( 1553): failed to ioctl: VIDIOC_DQBUF (22 - Invalid argument)
01-01 00:13:02.840 W/libexynosv4l2( 1553): failed to ioctl: VIDIOC_DQBUF (22 - Invalid argument)
01-01 00:13:13.800 W/libexynosv4l2( 1553): failed to ioctl: VIDIOC_DQBUF (22 - Invalid argument)
01-01 00:13:24.775 W/libexynosv4l2( 1553): failed to ioctl: VIDIOC_DQBUF (22 - Invalid argument)
01-01 00:13:35.750 W/libexynosv4l2( 1553): failed to ioctl: VIDIOC_DQBUF (22 - Invalid argument)
01-01 00:13:46.755 W/libexynosv4l2( 1553): failed to ioctl: VIDIOC_DQBUF (22 - Invalid argument)
01-01 00:13:57.790 W/libexynosv4l2( 1553): failed to ioctl: VIDIOC_DQBUF (22 - Invalid argument)
01-01 00:14:08.750 W/libexynosv4l2( 1553): failed to ioctl: VIDIOC_DQBUF (22 - Invalid argument)
01-01 00:14:14.735 D/dalvikvm( 2159): WAIT_FOR_CONCURRENT_GC blocked 12ms
01-01 00:14:19.760 W/libexynosv4l2( 1553): failed to ioctl: VIDIOC_DQBUF (22 - Invalid argument)
01-01 00:14:30.695 W/libexynosv4l2( 1553): failed to ioctl: VIDIOC_DQBUF (22 - Invalid argument)
01-01 00:14:41.700 W/libexynosv4l2( 1553): failed to ioctl: VIDIOC_DQBUF (22 - Invalid argument)
01-01 00:14:52.635 W/libexynosv4l2( 1553): failed to ioctl: VIDIOC_DQBUF (22 - Invalid argument)
01-01 00:15:03.680 W/libexynosv4l2( 1553): failed to ioctl: VIDIOC_DQBUF (22 - Invalid argument)
01-01 00:15:14.695 W/libexynosv4l2( 1553): failed to ioctl: VIDIOC_DQBUF (22 - Invalid argument)
01-01 00:15:25.695 W/libexynosv4l2( 1553): failed to ioctl: VIDIOC_DQBUF (22 - Invalid argument)
01-01 00:15:36.740 W/libexynosv4l2( 1553): failed to ioctl: VIDIOC_DQBUF (22 - Invalid argument)
01-01 00:15:47.735 W/libexynosv4l2( 1553): failed to ioctl: VIDIOC_DQBUF (22 - Invalid argument)
01-01 00:15:58.710 W/libexynosv4l2( 1553): failed to ioctl: VIDIOC_DQBUF (22 - Invalid argument)
01-01 00:15:59.775 D/dalvikvm( 2159): WAIT_FOR_CONCURRENT_GC blocked 12ms
01-01 00:16:09.645 W/libexynosv4l2( 1553): failed to ioctl: VIDIOC_DQBUF (22 - Invalid argument)
01-01 00:16:18.800 D/dalvikvm( 2159): WAIT_FOR_CONCURRENT_GC blocked 12ms
01-01 00:16:20.585 W/libexynosv4l2( 1553): failed to ioctl: VIDIOC_DQBUF (22 - Invalid argument)
01-01 00:16:31.520 W/libexynosv4l2( 1553): failed to ioctl: VIDIOC_DQBUF (22 - Invalid argument)
01-01 00:16:42.510 W/libexynosv4l2( 1553): failed to ioctl: VIDIOC_DQBUF (22 - Invalid argument)
01-01 00:16:53.520 W/libexynosv4l2( 1553): failed to ioctl: VIDIOC_DQBUF (22 - Invalid argument)
01-01 00:17:04.520 W/libexynosv4l2( 1553): failed to ioctl: VIDIOC_DQBUF (22 - Invalid argument)
01-01 00:17:15.485 W/libexynosv4l2( 1553): failed to ioctl: VIDIOC_DQBUF (22 - Invalid argument)
01-01 00:17:26.515 W/libexynosv4l2( 1553): failed to ioctl: VIDIOC_DQBUF (22 - Invalid argument)
01-01 00:17:37.515 W/libexynosv4l2( 1553): failed to ioctl: VIDIOC_DQBUF (22 - Invalid argument)
01-01 00:17:48.520 W/libexynosv4l2( 1553): failed to ioctl: VIDIOC_DQBUF (22 - Invalid argument)
01-01 00:17:59.530 W/libexynosv4l2( 1553): failed to ioctl: VIDIOC_DQBUF (22 - Invalid argument)
01-01 00:18:10.535 W/libexynosv4l2( 1553): failed to ioctl: VIDIOC_DQBUF (22 - Invalid argument)
01-01 00:18:21.530 W/libexynosv4l2( 1553): failed to ioctl: VIDIOC_DQBUF (22 - Invalid argument)
01-01 00:18:32.465 W/libexynosv4l2( 1553): failed to ioctl: VIDIOC_DQBUF (22 - Invalid argument)
01-01 00:18:43.470 W/libexynosv4l2( 1553): failed to ioctl: VIDIOC_DQBUF (22 - Invalid argument)
01-01 00:18:54.505 W/libexynosv4l2( 1553): failed to ioctl: VIDIOC_DQBUF (22 - Invalid argument)
01-01 00:19:05.485 W/libexynosv4l2( 1553): failed to ioctl: VIDIOC_DQBUF (22 - Invalid argument)
01-01 00:19:16.425 W/libexynosv4l2( 1553): failed to ioctl: VIDIOC_DQBUF (22 - Invalid argument)
01-01 00:19:27.430 W/libexynosv4l2( 1553): failed to ioctl: VIDIOC_DQBUF (22 - Invalid argument)
01-01 00:19:38.355 W/libexynosv4l2( 1553): failed to ioctl: VIDIOC_DQBUF (22 - Invalid argument)
01-01 00:19:49.370 W/libexynosv4l2( 1553): failed to ioctl: VIDIOC_DQBUF (22 - Invalid argument)
01-01 00:20:00.375 W/libexynosv4l2( 1553): failed to ioctl: VIDIOC_DQBUF (22 - Invalid argument)
01-01 00:20:11.335 W/libexynosv4l2( 1553): failed to ioctl: VIDIOC_DQBUF (22 - Invalid argument)
01-01 00:20:22.360 W/libexynosv4l2( 1553): failed to ioctl: VIDIOC_DQBUF (22 - Invalid argument)
01-01 00:20:33.325 W/libexynosv4l2( 1553): failed to ioctl: VIDIOC_DQBUF (22 - Invalid argument)
01-01 00:20:44.330 W/libexynosv4l2( 1553): failed to ioctl: VIDIOC_DQBUF (22 - Invalid argument)
01-01 00:20:55.305 W/libexynosv4l2( 1553): failed to ioctl: VIDIOC_DQBUF (22 - Invalid argument)
01-01 00:21:06.275 W/libexynosv4l2( 1553): failed to ioctl: VIDIOC_DQBUF (22 - Invalid argument)
01-01 00:21:17.230 W/libexynosv4l2( 1553): failed to ioctl: VIDIOC_DQBUF (22 - Invalid argument)
01-01 00:21:28.215 W/libexynosv4l2( 1553): failed to ioctl: VIDIOC_DQBUF (22 - Invalid argument)
01-01 00:21:39.225 W/libexynosv4l2( 1553): failed to ioctl: VIDIOC_DQBUF (22 - Invalid argument)
01-01 00:21:50.190 W/libexynosv4l2( 1553): failed to ioctl: VIDIOC_DQBUF (22 - Invalid argument)
01-01 00:22:01.130 W/libexynosv4l2( 1553): failed to ioctl: VIDIOC_DQBUF (22 - Invalid argument)
01-01 00:22:12.115 W/libexynosv4l2( 1553): failed to ioctl: VIDIOC_DQBUF (22 - Invalid argument)
01-01 00:22:23.115 W/libexynosv4l2( 1553): failed to ioctl: VIDIOC_DQBUF (22 - Invalid argument)
01-01 00:22:34.125 W/libexynosv4l2( 1553): failed to ioctl: VIDIOC_DQBUF (22 - Invalid argument)
01-01 00:22:45.100 W/libexynosv4l2( 1553): failed to ioctl: VIDIOC_DQBUF (22 - Invalid argument)
01-01 00:22:56.100 W/libexynosv4l2( 1553): failed to ioctl: VIDIOC_DQBUF (22 - Invalid argument)
01-01 00:23:07.035 W/libexynosv4l2( 1553): failed to ioctl: VIDIOC_DQBUF (22 - Invalid argument)
01-01 00:23:18.055 W/libexynosv4l2( 1553): failed to ioctl: VIDIOC_DQBUF (22 - Invalid argument)
01-01 00:23:29.050 W/libexynosv4l2( 1553): failed to ioctl: VIDIOC_DQBUF (22 - Invalid argument)
01-01 00:23:40.020 W/libexynosv4l2( 1553): failed to ioctl: VIDIOC_DQBUF (22 - Invalid argument)
01-01 00:23:51.030 W/libexynosv4l2( 1553): failed to ioctl: VIDIOC_DQBUF (22 - Invalid argument)
01-01 00:24:02.015 W/libexynosv4l2( 1553): failed to ioctl: VIDIOC_DQBUF (22 - Invalid argument)
01-01 00:24:12.970 W/libexynosv4l2( 1553): failed to ioctl: VIDIOC_DQBUF (22 - Invalid argument)
01-01 00:24:23.965 W/libexynosv4l2( 1553): failed to ioctl: VIDIOC_DQBUF (22 - Invalid argument)
01-01 00:24:34.945 W/libexynosv4l2( 1553): failed to ioctl: VIDIOC_DQBUF (22 - Invalid argument)
01-01 00:24:45.905 W/libexynosv4l2( 1553): failed to ioctl: VIDIOC_DQBUF (22 - Invalid argument)
01-01 00:24:56.870 W/libexynosv4l2( 1553): failed to ioctl: VIDIOC_DQBUF (22 - Invalid argument)
01-01 00:25:07.880 W/libexynosv4l2( 1553): failed to ioctl: VIDIOC_DQBUF (22 - Invalid argument)
01-01 00:25:18.885 W/libexynosv4l2( 1553): failed to ioctl: VIDIOC_DQBUF (22 - Invalid argument)
01-01 00:25:29.850 W/libexynosv4l2( 1553): failed to ioctl: VIDIOC_DQBUF (22 - Invalid argument)
01-01 00:25:40.825 W/libexynosv4l2( 1553): failed to ioctl: VIDIOC_DQBUF (22 - Invalid argument)
01-01 00:25:51.810 W/libexynosv4l2( 1553): failed to ioctl: VIDIOC_DQBUF (22 - Invalid argument)
01-01 00:26:02.850 W/libexynosv4l2( 1553): failed to ioctl: VIDIOC_DQBUF (22 - Invalid argument)
01-01 00:26:05.850 D/dalvikvm( 2159): WAIT_FOR_CONCURRENT_GC blocked 5ms
01-01 00:26:13.850 W/libexynosv4l2( 1553): failed to ioctl: VIDIOC_DQBUF (22 - Invalid argument)
01-01 00:26:24.880 W/libexynosv4l2( 1553): failed to ioctl: VIDIOC_DQBUF (22 - Invalid argument)
01-01 00:26:35.845 W/libexynosv4l2( 1553): failed to ioctl: VIDIOC_DQBUF (22 - Invalid argument)
01-01 00:26:46.885 W/libexynosv4l2( 1553): failed to ioctl: VIDIOC_DQBUF (22 - Invalid argument)
01-01 00:26:57.825 W/libexynosv4l2( 1553): failed to ioctl: VIDIOC_DQBUF (22 - Invalid argument)
01-01 00:27:08.835 W/libexynosv4l2( 1553): failed to ioctl: VIDIOC_DQBUF (22 - Invalid argument)
01-01 00:27:19.810 W/libexynosv4l2( 1553): failed to ioctl: VIDIOC_DQBUF (22 - Invalid argument)
01-01 00:27:30.815 W/libexynosv4l2( 1553): failed to ioctl: VIDIOC_DQBUF (22 - Invalid argument)
01-01 00:27:41.820 W/libexynosv4l2( 1553): failed to ioctl: VIDIOC_DQBUF (22 - Invalid argument)
01-01 00:27:52.820 W/libexynosv4l2( 1553): failed to ioctl: VIDIOC_DQBUF (22 - Invalid argument)
01-01 00:28:03.780 W/libexynosv4l2( 1553): failed to ioctl: VIDIOC_DQBUF (22 - Invalid argument)
01-01 00:28:14.790 W/libexynosv4l2( 1553): failed to ioctl: VIDIOC_DQBUF (22 - Invalid argument)
01-01 00:28:25.715 W/libexynosv4l2( 1553): failed to ioctl: VIDIOC_DQBUF (22 - Invalid argument)
01-01 00:28:36.745 W/libexynosv4l2( 1553): failed to ioctl: VIDIOC_DQBUF (22 - Invalid argument)
01-01 00:28:47.760 W/libexynosv4l2( 1553): failed to ioctl: VIDIOC_DQBUF (22 - Invalid argument)
01-01 00:28:58.730 W/libexynosv4l2( 1553): failed to ioctl: VIDIOC_DQBUF (22 - Invalid argument)
01-01 00:29:09.700 W/libexynosv4l2( 1553): failed to ioctl: VIDIOC_DQBUF (22 - Invalid argument)
01-01 00:29:20.665 W/libexynosv4l2( 1553): failed to ioctl: VIDIOC_DQBUF (22 - Invalid argument)
01-01 00:29:26.705 D/dalvikvm( 2159): WAIT_FOR_CONCURRENT_GC blocked 8ms
01-01 00:29:31.660 W/libexynosv4l2( 1553): failed to ioctl: VIDIOC_DQBUF (22 - Invalid argument)
01-01 00:29:42.605 W/libexynosv4l2( 1553): failed to ioctl: VIDIOC_DQBUF (22 - Invalid argument)
01-01 00:29:50.285 D/dalvikvm( 2159): WAIT_FOR_CONCURRENT_GC blocked 11ms
01-01 00:29:53.605 W/libexynosv4l2( 1553): failed to ioctl: VIDIOC_DQBUF (22 - Invalid argument)
01-01 00:30:04.565 W/libexynosv4l2( 1553): failed to ioctl: VIDIOC_DQBUF (22 - Invalid argument)
01-01 00:30:09.680 I/ProcessStatsService( 1983): Prepared write state in 3ms
01-01 00:30:15.535 W/libexynosv4l2( 1553): failed to ioctl: VIDIOC_DQBUF (22 - Invalid argument)
01-01 00:30:26.565 W/libexynosv4l2( 1553): failed to ioctl: VIDIOC_DQBUF (22 - Invalid argument)
01-01 00:30:37.580 W/libexynosv4l2( 1553): failed to ioctl: VIDIOC_DQBUF (22 - Invalid argument)
01-01 00:30:48.585 W/libexynosv4l2( 1553): failed to ioctl: VIDIOC_DQBUF (22 - Invalid argument)
01-01 00:30:59.600 W/libexynosv4l2( 1553): failed to ioctl: VIDIOC_DQBUF (22 - Invalid argument)
01-01 00:31:10.515 W/libexynosv4l2( 1553): failed to ioctl: VIDIOC_DQBUF (22 - Invalid argument)
01-01 00:31:21.570 W/libexynosv4l2( 1553): failed to ioctl: VIDIOC_DQBUF (22 - Invalid argument)
01-01 00:31:32.585 W/libexynosv4l2( 1553): failed to ioctl: VIDIOC_DQBUF (22 - Invalid argument)
01-01 00:31:43.585 W/libexynosv4l2( 1553): failed to ioctl: VIDIOC_DQBUF (22 - Invalid argument)
01-01 00:31:54.590 W/libexynosv4l2( 1553): failed to ioctl: VIDIOC_DQBUF (22 - Invalid argument)
01-01 00:32:05.590 W/libexynosv4l2( 1553): failed to ioctl: VIDIOC_DQBUF (22 - Invalid argument)
01-01 00:32:16.590 W/libexynosv4l2( 1553): failed to ioctl: VIDIOC_DQBUF (22 - Invalid argument)
01-01 00:32:27.595 W/libexynosv4l2( 1553): failed to ioctl: VIDIOC_DQBUF (22 - Invalid argument)
01-01 00:32:38.590 W/libexynosv4l2( 1553): failed to ioctl: VIDIOC_DQBUF (22 - Invalid argument)
01-01 00:32:49.570 W/libexynosv4l2( 1553): failed to ioctl: VIDIOC_DQBUF (22 - Invalid argument)
01-01 00:33:00.550 W/libexynosv4l2( 1553): failed to ioctl: VIDIOC_DQBUF (22 - Invalid argument)
01-01 00:33:11.555 W/libexynosv4l2( 1553): failed to ioctl: VIDIOC_DQBUF (22 - Invalid argument)
01-01 00:33:22.515 W/libexynosv4l2( 1553): failed to ioctl: VIDIOC_DQBUF (22 - Invalid argument)
01-01 00:33:33.460 W/libexynosv4l2( 1553): failed to ioctl: VIDIOC_DQBUF (22 - Invalid argument)
01-01 00:33:44.510 W/libexynosv4l2( 1553): failed to ioctl: VIDIOC_DQBUF (22 - Invalid argument)
01-01 00:33:55.510 W/libexynosv4l2( 1553): failed to ioctl: VIDIOC_DQBUF (22 - Invalid argument)
01-01 00:34:06.505 W/libexynosv4l2( 1553): failed to ioctl: VIDIOC_DQBUF (22 - Invalid argument)
01-01 00:34:17.505 W/libexynosv4l2( 1553): failed to ioctl: VIDIOC_DQBUF (22 - Invalid argument)
01-01 00:34:28.555 W/libexynosv4l2( 1553): failed to ioctl: VIDIOC_DQBUF (22 - Invalid argument)
01-01 00:34:39.605 W/libexynosv4l2( 1553): failed to ioctl: VIDIOC_DQBUF (22 - Invalid argument)
01-01 00:34:50.565 W/libexynosv4l2( 1553): failed to ioctl: VIDIOC_DQBUF (22 - Invalid argument)
01-01 00:35:01.565 W/libexynosv4l2( 1553): failed to ioctl: VIDIOC_DQBUF (22 - Invalid argument)
01-01 00:35:12.570 W/libexynosv4l2( 1553): failed to ioctl: VIDIOC_DQBUF (22 - Invalid argument)
01-01 00:35:15.515 D/dalvikvm( 2159): WAIT_FOR_CONCURRENT_GC blocked 6ms
01-01 00:35:23.575 W/libexynosv4l2( 1553): failed to ioctl: VIDIOC_DQBUF (22 - Invalid argument)
01-01 00:35:34.590 W/libexynosv4l2( 1553): failed to ioctl: VIDIOC_DQBUF (22 - Invalid argument)
01-01 00:35:45.565 W/libexynosv4l2( 1553): failed to ioctl: VIDIOC_DQBUF (22 - Invalid argument)
01-01 00:35:56.575 W/libexynosv4l2( 1553): failed to ioctl: VIDIOC_DQBUF (22 - Invalid argument)
01-01 00:36:02.250 D/dalvikvm( 2159): WAIT_FOR_CONCURRENT_GC blocked 9ms
01-01 00:36:05.015 W/ProcessCpuTracker( 1983): Skipping unknown process pid 6645
01-01 00:36:05.015 W/ProcessCpuTracker( 1983): Skipping unknown process pid 6646
01-01 00:36:07.540 W/libexynosv4l2( 1553): failed to ioctl: VIDIOC_DQBUF (22 - Invalid argument)
01-01 00:36:18.520 W/libexynosv4l2( 1553): failed to ioctl: VIDIOC_DQBUF (22 - Invalid argument)
01-01 00:36:29.485 W/libexynosv4l2( 1553): failed to ioctl: VIDIOC_DQBUF (22 - Invalid argument)
01-01 00:36:40.490 W/libexynosv4l2( 1553): failed to ioctl: VIDIOC_DQBUF (22 - Invalid argument)
01-01 00:36:51.535 W/libexynosv4l2( 1553): failed to ioctl: VIDIOC_DQBUF (22 - Invalid argument)
01-01 00:37:02.510 W/libexynosv4l2( 1553): failed to ioctl: VIDIOC_DQBUF (22 - Invalid argument)
01-01 00:37:13.515 W/libexynosv4l2( 1553): failed to ioctl: VIDIOC_DQBUF (22 - Invalid argument)
01-01 00:37:24.475 W/libexynosv4l2( 1553): failed to ioctl: VIDIOC_DQBUF (22 - Invalid argument)
01-01 00:37:35.450 W/libexynosv4l2( 1553): failed to ioctl: VIDIOC_DQBUF (22 - Invalid argument)
01-01 00:37:46.385 W/libexynosv4l2( 1553): failed to ioctl: VIDIOC_DQBUF (22 - Invalid argument)
01-01 00:37:57.405 W/libexynosv4l2( 1553): failed to ioctl: VIDIOC_DQBUF (22 - Invalid argument)
01-01 00:38:08.365 W/libexynosv4l2( 1553): failed to ioctl: VIDIOC_DQBUF (22 - Invalid argument)
01-01 00:38:19.415 W/libexynosv4l2( 1553): failed to ioctl: VIDIOC_DQBUF (22 - Invalid argument)
01-01 00:38:30.430 W/libexynosv4l2( 1553): failed to ioctl: VIDIOC_DQBUF (22 - Invalid argument)
01-01 00:38:41.395 W/libexynosv4l2( 1553): failed to ioctl: VIDIOC_DQBUF (22 - Invalid argument)
01-01 00:38:52.400 W/libexynosv4l2( 1553): failed to ioctl: VIDIOC_DQBUF (22 - Invalid argument)
01-01 00:39:03.400 W/libexynosv4l2( 1553): failed to ioctl: VIDIOC_DQBUF (22 - Invalid argument)
01-01 00:39:14.375 W/libexynosv4l2( 1553): failed to ioctl: VIDIOC_DQBUF (22 - Invalid argument)
01-01 00:39:25.345 W/libexynosv4l2( 1553): failed to ioctl: VIDIOC_DQBUF (22 - Invalid argument)
01-01 00:39:36.315 W/libexynosv4l2( 1553): failed to ioctl: VIDIOC_DQBUF (22 - Invalid argument)
01-01 00:39:47.250 W/libexynosv4l2( 1553): failed to ioctl: VIDIOC_DQBUF (22 - Invalid argument)
01-01 00:39:58.195 W/libexynosv4l2( 1553): failed to ioctl: VIDIOC_DQBUF (22 - Invalid argument)
01-01 00:40:09.190 W/libexynosv4l2( 1553): failed to ioctl: VIDIOC_DQBUF (22 - Invalid argument)
01-01 00:40:20.190 W/libexynosv4l2( 1553): failed to ioctl: VIDIOC_DQBUF (22 - Invalid argument)
01-01 00:40:31.195 W/libexynosv4l2( 1553): failed to ioctl: VIDIOC_DQBUF (22 - Invalid argument)
01-01 00:40:42.195 W/libexynosv4l2( 1553): failed to ioctl: VIDIOC_DQBUF (22 - Invalid argument)
01-01 00:40:53.190 W/libexynosv4l2( 1553): failed to ioctl: VIDIOC_DQBUF (22 - Invalid argument)
01-01 00:41:04.160 W/libexynosv4l2( 1553): failed to ioctl: VIDIOC_DQBUF (22 - Invalid argument)
01-01 00:41:15.200 W/libexynosv4l2( 1553): failed to ioctl: VIDIOC_DQBUF (22 - Invalid argument)
01-01 00:41:26.145 W/libexynosv4l2( 1553): failed to ioctl: VIDIOC_DQBUF (22 - Invalid argument)
01-01 00:41:37.125 W/libexynosv4l2( 1553): failed to ioctl: VIDIOC_DQBUF (22 - Invalid argument)
01-01 00:41:48.135 W/libexynosv4l2( 1553): failed to ioctl: VIDIOC_DQBUF (22 - Invalid argument)
01-01 00:41:59.100 W/libexynosv4l2( 1553): failed to ioctl: VIDIOC_DQBUF (22 - Invalid argument)
01-01 00:42:10.095 W/libexynosv4l2( 1553): failed to ioctl: VIDIOC_DQBUF (22 - Invalid argument)
01-01 00:42:15.800 D/dalvikvm( 2159): WAIT_FOR_CONCURRENT_GC blocked 5ms
01-01 00:42:21.060 W/libexynosv4l2( 1553): failed to ioctl: VIDIOC_DQBUF (22 - Invalid argument)
01-01 00:42:31.150 D/dalvikvm( 2159): WAIT_FOR_CONCURRENT_GC blocked 4ms
01-01 00:42:32.095 W/libexynosv4l2( 1553): failed to ioctl: VIDIOC_DQBUF (22 - Invalid argument)
01-01 00:42:43.140 W/libexynosv4l2( 1553): failed to ioctl: VIDIOC_DQBUF (22 - Invalid argument)
01-01 00:42:43.745 D/dalvikvm( 2159): WAIT_FOR_CONCURRENT_GC blocked 8ms
01-01 00:42:54.115 W/libexynosv4l2( 1553): failed to ioctl: VIDIOC_DQBUF (22 - Invalid argument)
01-01 00:43:05.155 W/libexynosv4l2( 1553): failed to ioctl: VIDIOC_DQBUF (22 - Invalid argument)
01-01 00:43:16.135 W/libexynosv4l2( 1553): failed to ioctl: VIDIOC_DQBUF (22 - Invalid argument)
01-01 00:43:27.110 W/libexynosv4l2( 1553): failed to ioctl: VIDIOC_DQBUF (22 - Invalid argument)
01-01 00:43:38.050 W/libexynosv4l2( 1553): failed to ioctl: VIDIOC_DQBUF (22 - Invalid argument)
01-01 00:43:49.055 W/libexynosv4l2( 1553): failed to ioctl: VIDIOC_DQBUF (22 - Invalid argument)
01-01 00:43:58.485 D/dalvikvm( 2159): WAIT_FOR_CONCURRENT_GC blocked 3ms
01-01 00:43:59.980 W/libexynosv4l2( 1553): failed to ioctl: VIDIOC_DQBUF (22 - Invalid argument)
01-01 00:44:10.980 W/libexynosv4l2( 1553): failed to ioctl: VIDIOC_DQBUF (22 - Invalid argument)
01-01 00:44:21.955 W/libexynosv4l2( 1553): failed to ioctl: VIDIOC_DQBUF (22 - Invalid argument)
01-01 00:44:32.965 W/libexynosv4l2( 1553): failed to ioctl: VIDIOC_DQBUF (22 - Invalid argument)
01-01 00:44:44.010 W/libexynosv4l2( 1553): failed to ioctl: VIDIOC_DQBUF (22 - Invalid argument)
01-01 00:44:47.305 D/dalvikvm( 2159): WAIT_FOR_CONCURRENT_GC blocked 3ms
01-01 00:44:54.980 W/libexynosv4l2( 1553): failed to ioctl: VIDIOC_DQBUF (22 - Invalid argument)
01-01 00:45:06.025 W/libexynosv4l2( 1553): failed to ioctl: VIDIOC_DQBUF (22 - Invalid argument)
01-01 00:45:16.960 W/libexynosv4l2( 1553): failed to ioctl: VIDIOC_DQBUF (22 - Invalid argument)
01-01 00:45:27.920 W/libexynosv4l2( 1553): failed to ioctl: VIDIOC_DQBUF (22 - Invalid argument)
01-01 00:45:38.920 W/libexynosv4l2( 1553): failed to ioctl: VIDIOC_DQBUF (22 - Invalid argument)
01-01 00:45:41.785 D/dalvikvm( 2159): WAIT_FOR_CONCURRENT_GC blocked 1ms
01-01 00:45:49.890 W/libexynosv4l2( 1553): failed to ioctl: VIDIOC_DQBUF (22 - Invalid argument)
01-01 00:46:00.895 W/libexynosv4l2( 1553): failed to ioctl: VIDIOC_DQBUF (22 - Invalid argument)
01-01 00:46:11.895 W/libexynosv4l2( 1553): failed to ioctl: VIDIOC_DQBUF (22 - Invalid argument)
01-01 00:46:22.905 W/libexynosv4l2( 1553): failed to ioctl: VIDIOC_DQBUF (22 - Invalid argument)
01-01 00:46:33.955 W/libexynosv4l2( 1553): failed to ioctl: VIDIOC_DQBUF (22 - Invalid argument)
01-01 00:46:44.970 W/libexynosv4l2( 1553): failed to ioctl: VIDIOC_DQBUF (22 - Invalid argument)
01-01 00:46:55.945 W/libexynosv4l2( 1553): failed to ioctl: VIDIOC_DQBUF (22 - Invalid argument)
01-01 00:47:06.965 W/libexynosv4l2( 1553): failed to ioctl: VIDIOC_DQBUF (22 - Invalid argument)
01-01 00:47:17.930 W/libexynosv4l2( 1553): failed to ioctl: VIDIOC_DQBUF (22 - Invalid argument)
01-01 00:47:28.975 W/libexynosv4l2( 1553): failed to ioctl: VIDIOC_DQBUF (22 - Invalid argument)
01-01 00:47:39.985 W/libexynosv4l2( 1553): failed to ioctl: VIDIOC_DQBUF (22 - Invalid argument)
01-01 00:47:50.915 W/libexynosv4l2( 1553): failed to ioctl: VIDIOC_DQBUF (22 - Invalid argument)
01-01 00:48:01.960 W/libexynosv4l2( 1553): failed to ioctl: VIDIOC_DQBUF (22 - Invalid argument)
01-01 00:48:12.970 W/libexynosv4l2( 1553): failed to ioctl: VIDIOC_DQBUF (22 - Invalid argument)
01-01 00:48:20.835 I/hwcomposer( 1550): HDMI Resolution changed to 1280x720
01-01 00:48:20.835 V/WiredAccessoryManager( 1983): Headset UEVENT: {SUBSYSTEM=switch, SWITCH_STATE=1, DEVPATH=/devices/virtual/switch/hdmi, SEQNUM=1512, ACTION=change, SWITCH_NAME=hdmi}
01-01 00:48:20.835 V/WiredAccessoryManager( 1983): newName=hdmi newState=16 headsetState=16 prev headsetState=0
01-01 00:48:20.835 V/WiredAccessoryManager( 1983): device hdmi connected
01-01 00:48:20.840 W/AudioTrack( 2373): dead IAudioTrack, PCM, creating a new one from obtainBuffer()
01-01 00:48:20.850 D/mali_winsys( 1550): new_window_surface returns 0x3000
01-01 00:48:20.855 I/DisplayManagerService( 1983): Display device added: DisplayDeviceInfo{"HDMI ": 1280 x 720, 61.000004 fps, density 213, 213.0 x 213.0 dpi, touch EXTERNAL, rotation 0, type HDMI, FLAG_SECURE, FLAG_SUPPORTS_PROTECTED_BUFFERS, FLAG_PRESENTATION}
01-01 00:48:20.875 D/SurfaceFlinger( 1550): Screen acquired, type=1 flinger=0x402fa008
01-01 00:48:20.880 I/SurfaceControl( 1983): void android::nativeSetDisplayProjection(JNIEnv*, jclass, jobject, jint, jint, jint, jint, jint, jint, jint, jint, jint):: physWidth * physHeight(1280 * 720), displayRectWidth * displayRectHeight(1280 * 720)
01-01 00:48:20.880 I/SurfaceControl( 1983): void android::nativeSetDisplayProjection(JNIEnv*, jclass, jobject, jint, jint, jint, jint, jint, jint, jint, jint, jint):: layerStackRect: (0, 0, 1280, 720), displayRect: (0, 0, 1280, 720), orientation: 0
01-01 00:48:20.880 I/SurfaceControl( 1983): void android::nativeSetDisplayProjection(JNIEnv*, jclass, jobject, jint, jint, jint, jint, jint, jint, jint, jint, jint):: physical info: main info(), exteranl info(1280,720), resolution(0), scaling(100)
01-01 00:48:20.880 I/SurfaceControl( 1983): void android::nativeSetDisplayProjection(JNIEnv*, jclass, jobject, jint, jint, jint, jint, jint, jint, jint, jint, jint):: offset info: OffsetTop(0), OffsetBottom(0), OffsetLeft(0), OffsetRight(0)
01-01 00:48:20.925 D/audio_hw_primary( 1553): get_input_source_id();  src=0
01-01 00:48:20.970 D/audio_hw_primary( 1553): Device:1024, period_size:1024
01-01 00:48:20.970 D/audio_hw_primary( 1553): get_input_source_id();  src=0
01-01 00:48:23.945 W/libexynosv4l2( 1553): failed to ioctl: VIDIOC_DQBUF (22 - Invalid argument)
01-01 00:48:34.940 W/libexynosv4l2( 1553): failed to ioctl: VIDIOC_DQBUF (22 - Invalid argument)
01-01 00:48:45.915 W/libexynosv4l2( 1553): failed to ioctl: VIDIOC_DQBUF (22 - Invalid argument)
01-01 00:48:56.925 W/libexynosv4l2( 1553): failed to ioctl: VIDIOC_DQBUF (22 - Invalid argument)
01-01 00:49:01.125 E/EventHub( 1983): could not get driver version for /dev/input/mouse0, Not a typewriter
01-01 00:49:01.130 W/ContextImpl( 1983): Calling a method in the system process without a qualified user: android.app.ContextImpl.sendBroadcast:1136 com.android.server.usb.UsbSettingsManager.deviceAttached:621 com.android.server.usb.UsbHostManager.usbDeviceAdded:156 com.android.server.usb.UsbHostManager.monitorUsbHostBus:-2 com.android.server.usb.UsbHostManager.access$000:38 
01-01 00:49:01.135 E/EvStagePlugin( 2373): ACTION_USB_DEVICE_ATTACHED
01-01 00:49:01.135 I/KCamService( 2148): ACTION_USB_DEVICE_ATTACHED
01-01 00:49:01.135 I/KCamService( 2148): mouse attached
01-01 00:49:01.200 D/EventHub( 1983): No input device configuration file found for device 'MLK RAPOO Mouse 7100'.
01-01 00:49:01.205 W/EventHub( 1983): Unable to disable kernel key repeat for /dev/input/event0: Function not implemented
01-01 00:49:01.205 I/EventHub( 1983): New device: id=1, fd=159, path='/dev/input/event0', name='MLK RAPOO Mouse 7100', classes=0x80000169, configuration='', keyLayout='/system/usr/keylayout/Generic.kl', keyCharacterMap='/system/usr/keychars/Generic.kcm', builtinKeyboard=false, usingSuspendBlockIoctl=true, usingClockIoctl=true
01-01 00:49:01.230 I/InputReader( 1983): Device added: id=1, name='MLK RAPOO Mouse 7100', sources=0x01002713
01-01 00:49:01.230 I/ActivityManager( 1983): Config changes=60 {1.0 ?mcc?mnc zh_CN ldltr sw720dp w1280dp h695dp 160dpi xlrg long land -touch -keyb/v/h dpad/v s.5}
01-01 00:49:01.245 D/PhoneStatusBar( 2042): mSettingsPanelGravity = 8388661
01-01 00:49:01.270 E/ActivityThread( 2042): Failed to find provider info for com.android.contacts
01-01 00:49:07.925 W/libexynosv4l2( 1553): failed to ioctl: VIDIOC_DQBUF (22 - Invalid argument)
01-01 00:49:18.935 W/libexynosv4l2( 1553): failed to ioctl: VIDIOC_DQBUF (22 - Invalid argument)
01-01 00:49:29.935 W/libexynosv4l2( 1553): failed to ioctl: VIDIOC_DQBUF (22 - Invalid argument)
01-01 00:49:40.970 W/libexynosv4l2( 1553): failed to ioctl: VIDIOC_DQBUF (22 - Invalid argument)
01-01 00:49:52.015 W/libexynosv4l2( 1553): failed to ioctl: VIDIOC_DQBUF (22 - Invalid argument)
01-01 00:50:03.025 W/libexynosv4l2( 1553): failed to ioctl: VIDIOC_DQBUF (22 - Invalid argument)
01-01 00:50:14.070 W/libexynosv4l2( 1553): failed to ioctl: VIDIOC_DQBUF (22 - Invalid argument)
01-01 00:50:24.000 D/dalvikvm( 2159): WAIT_FOR_CONCURRENT_GC blocked 5ms
01-01 00:50:25.075 W/libexynosv4l2( 1553): failed to ioctl: VIDIOC_DQBUF (22 - Invalid argument)
01-01 00:50:36.030 W/libexynosv4l2( 1553): failed to ioctl: VIDIOC_DQBUF (22 - Invalid argument)
01-01 00:50:47.045 W/libexynosv4l2( 1553): failed to ioctl: VIDIOC_DQBUF (22 - Invalid argument)
01-01 00:50:54.145 D/Ethernet( 1983): Interface eth0 link up
01-01 00:50:54.150 D/Ethernet( 1983): carrier=1
01-01 00:50:54.150 D/Ethernet( 1983): checkUseStaticIp() : user set to use DHCP, about to Return.
01-01 00:50:57.760 D/ConnectivityService( 1983): ConnectivityChange for ETHERNET: CONNECTED/CONNECTED
01-01 00:50:57.760 W/ContextImpl( 1983): Calling a method in the system process without a qualified user: android.app.ContextImpl.sendStickyBroadcast:1294 android.net.EthernetDataTracker.sendEthStateChangedBroadcast:108 android.net.EthernetDataTracker.access$900:60 android.net.EthernetDataTracker$1.run:379 java.lang.Thread.run:841 
01-01 00:50:57.770 E/ConnectivityService( 1983): Unexpected mtu value: android.net.EthernetDataTracker@4195e2c8
01-01 00:50:57.800 D/Nat464Xlat( 1983): requiresClat: netType=9, hasIPv4Address=true
01-01 00:50:58.080 W/libexynosv4l2( 1553): failed to ioctl: VIDIOC_DQBUF (22 - Invalid argument)
01-01 00:50:58.620 I/Unity   ( 2373): http request error: java.io.FileNotFoundException: http://kcam.ktvme.com:81/auth/check?timestamp=2024831673&uuid=FA7022AECFE9A0F17B8A64590C3B87E7DC327D71BDF2B2B9&version=kcam 0.1.25.1&sign=6C91965C6DC1293E9DE956D2064AD7B5
01-01 00:50:58.620 I/Unity   ( 2373):  
01-01 00:50:58.620 I/Unity   ( 2373): (Filename: ./artifacts/generated/common/runtime/UnityEngineDebugBindings.gen.cpp Line: 65)
01-01 00:50:58.620 I/Unity   ( 2373): 
01-01 00:51:00.805 D/CaptivePortalTracker( 1983): NoActiveNetworkState{ when=0 what=1 obj=NetworkInfo: type: ETHERNET[], state: CONNECTED/CONNECTED, reason: (unspecified), extra: c4:09:38:ec:dd:56, roaming: false, failover: false, isAvailable: true, isConnectedToProvisioningNetwork: false target=com.android.internal.util.StateMachine$SmHandler }
01-01 00:51:00.805 D/Tethering( 1983): MasterInitialState.processMessage what=3
01-01 00:51:00.805 D/CaptivePortalTracker( 1983): NoActiveNetworkState not a wifi connectivity change, ignore
01-01 00:51:00.835 W/ContextImpl( 2195): Implicit intents with startService are not safe: Intent { act=android.kcam.update.service (has extras) } android.content.ContextWrapper.startService:494 android.content.ContextWrapper.startService:494 android.kcam.update.service.KCamUpdateReceiver.onReceive:83 
01-01 00:51:00.835 W/ContextImpl( 2195): Calling a method in the system process without a qualified user: android.app.ContextImpl.startService:1492 android.content.ContextWrapper.startService:494 android.content.ContextWrapper.startService:494 android.kcam.update.service.KCamUpdateReceiver.onReceive:83 android.app.ActivityThread.handleReceiver:2419 
01-01 00:51:09.060 W/libexynosv4l2( 1553): failed to ioctl: VIDIOC_DQBUF (22 - Invalid argument)
01-01 00:51:10.960 W/ActivityThread( 2195): ClassLoader.loadClass: The class loader returned by Thread.getContextClassLoader() may fail for processes that host multiple applications. You should explicitly specify a context class loader. For example: Thread.setContextClassLoader(getClass().getClassLoader());
