01-01 00:00:09.370 W/ContextImpl( 1983): Calling a method in the system process without a qualified user: android.app.ContextImpl.sendStickyBroadcast:1294 android.net.EthernetDataTracker.sendEthIfaceStateChangedBroadcast:116 android.net.EthernetDataTracker.interfaceUp:170 android.net.EthernetDataTracker.enableEthIface:649 com.android.server.EthernetService.setEthernetEnabled:103 
01-01 00:00:09.385 I/WindowManager( 1983): SAFE MODE not enabled
01-01 00:00:09.385 W/Vibrator( 1983): Failed to vibrate; no vibrator service.
01-01 00:00:09.385 D/dalvikvm( 1983): JIT started for system_server
01-01 00:00:09.390 D/Atlas   ( 1983): Loaded configuration: SliceMinArea (768x768) flags=0x2 count=34
01-01 00:00:09.405 I/        ( 1983): PLATFORM VERSION : JB-MR-2
01-01 00:00:09.420 I/Zygote  ( 1983): Process: zygote socket opened
01-01 00:00:09.425 D/Nat464Xlat( 1983): requiresClat: netType=9, hasIPv4Address=false
01-01 00:00:09.425 D/ConnectivityService( 1983): ConnectivityChange for ETHERNET: DISCONNECTED/DISCONNECTED
01-01 00:00:09.425 D/CommandListener( 1548): Clearing all IP addresses on eth0
01-01 00:00:09.425 D/Nat464Xlat( 1983): requiresClat: netType=9, hasIPv4Address=false
01-01 00:00:09.430 W/ContextImpl( 1983): Calling a method in the system process without a qualified user: android.app.ContextImpl.sendStickyBroadcast:1294 android.net.EthernetDataTracker.sendEthStateChangedBroadcast:108 android.net.EthernetDataTracker.disconnect:234 android.net.EthernetDataTracker$InterfaceObserver.interfaceLinkStateChanged:145 com.android.server.NetworkManagementService.notifyInterfaceLinkStateChanged:263 
01-01 00:00:09.435 D/Atlas   ( 1983): Rendered atlas in 36.40ms (2.21+34.19ms)
01-01 00:00:09.435 V/KeyguardServiceDelegate( 1983): *** Keyguard started
01-01 00:00:09.435 V/KeyguardServiceDelegate( 1983): onSystemReady() called before keyguard service was ready
01-01 00:00:09.435 I/ActivityManager( 1983): Start proc com.android.systemui for service com.android.keyguard/.KeyguardService: pid=2042 uid=10004 gids={50004, 1028, 1015, 1023, 1035, 3002, 3001}
01-01 00:00:09.440 D/Ethernet( 1983): Interface eth0 link down
01-01 00:00:09.450 I/AppOps  ( 1983): Pruning old package media/1013: new uid=-1
01-01 00:00:09.450 I/ActivityManager( 1983): System now ready
01-01 00:00:09.460 I/SystemServer( 1983): Making services ready
01-01 00:00:09.470 D/NetworkManagementService( 1983): enabling bandwidth control
01-01 00:00:09.470 W/MountService( 1983): Duplicate state transition (mounted -> mounted) for /storage/emulated/0
01-01 00:00:09.530 V/KeyguardService( 2042): onCreate()
01-01 00:00:09.535 I/EXYNOS_COMP_REGS( 1553): Loading the library: libOMX.Exynos.AVC.Decoder.so
01-01 00:00:09.540 I/EXYNOS_COMP_REGS( 1553): Loading the library: libOMX.Exynos.AVC.Encoder.so
01-01 00:00:09.545 I/EXYNOS_COMP_REGS( 1553): Loading the library: libOMX.Exynos.MPEG2.Decoder.so
01-01 00:00:09.550 I/EXYNOS_COMP_REGS( 1553): Loading the library: libOMX.Exynos.MPEG4.Decoder.so
01-01 00:00:09.555 I/EXYNOS_COMP_REGS( 1553): Loading the library: libOMX.Exynos.MPEG4.Encoder.so
01-01 00:00:09.560 I/EXYNOS_COMP_REGS( 1553): Loading the library: libOMX.Exynos.VP8.Decoder.so
01-01 00:00:09.565 I/EXYNOS_COMP_REGS( 1553): Loading the library: libOMX.Exynos.VP8.Encoder.so
01-01 00:00:09.570 I/EXYNOS_COMP_REGS( 1553): Loading the library: libOMX.Exynos.WMV.Decoder.so
01-01 00:00:09.570 E/OMXMaster( 1553): A component of name '' already exists, ignoring this one.
01-01 00:00:09.570 E/OMXMaster( 1553): A component of name '' already exists, ignoring this one.
01-01 00:00:09.570 E/OMXMaster( 1553): A component of name '' already exists, ignoring this one.
01-01 00:00:09.570 E/OMXMaster( 1553): A component of name '' already exists, ignoring this one.
01-01 00:00:09.570 E/OMXMaster( 1553): A component of name '' already exists, ignoring this one.
01-01 00:00:09.570 E/OMXMaster( 1553): A component of name '' already exists, ignoring this one.
01-01 00:00:09.580 I/pxtr_util( 1553): =============PRESTOMEDIA MODULE VERSION=============
01-01 00:00:09.580 I/pxtr_util( 1553):              MAJOR_VERSION #: 4
01-01 00:00:09.580 I/pxtr_util( 1553):              MINOR_VERSION #: 4
01-01 00:00:09.580 I/pxtr_util( 1553):              BUILD_NUMBER  #: 8983
01-01 00:00:09.580 I/pxtr_util( 1553):            BUILD_TIME    #: 01/2014/09 11:09:10
01-01 00:00:09.595 D/SystemUIService( 2042): loading: class com.android.systemui.recent.Recents
01-01 00:00:09.595 D/SystemUIService( 2042): running: com.android.systemui.recent.Recents@41877fb0
01-01 00:00:09.595 D/SystemUIService( 2042): loading: class com.android.systemui.statusbar.SystemBars
01-01 00:00:09.595 D/SystemUIService( 2042): running: com.android.systemui.statusbar.SystemBars@41878598
01-01 00:00:09.600 I/OMXCodec( 1553): Attempting to allocate OMX node 'OMX.google.vorbis.decoder' mime='audio/vorbis'
01-01 00:00:09.605 D/SystemUIService( 2042): loading: class com.android.systemui.usb.StorageNotification
01-01 00:00:09.605 D/SystemUIService( 2042): running: com.android.systemui.usb.StorageNotification@4187a358
01-01 00:00:09.610 D/SystemUIService( 2042): loading: class com.android.systemui.power.PowerUI
01-01 00:00:09.610 D/SystemUIService( 2042): running: com.android.systemui.power.PowerUI@4187b9b8
01-01 00:00:09.615 D/SystemUIService( 2042): loading: class com.android.systemui.media.RingtonePlayer
01-01 00:00:09.615 D/SystemUIService( 2042): running: com.android.systemui.media.RingtonePlayer@4187c778
01-01 00:00:09.615 D/SystemUIService( 2042): loading: class com.android.systemui.settings.SettingsUI
01-01 00:00:09.615 D/SystemUIService( 2042): running: com.android.systemui.settings.SettingsUI@4187e158
01-01 00:00:09.630 I/OMXCodec( 1553): Attempting to allocate OMX node 'OMX.google.vorbis.decoder' mime='audio/vorbis'
01-01 00:00:09.630 I/StatusBarManagerService( 1983): registerStatusBar bar=com.android.internal.statusbar.IStatusBar$Stub$Proxy@419eed38
01-01 00:00:09.635 D/PhoneStatusBar( 2042): mSettingsPanelGravity = 8388661
01-01 00:00:09.640 D/Nat464Xlat( 1983): requiresClat: netType=9, hasIPv4Address=false
01-01 00:00:09.640 D/ConnectivityService( 1983): ConnectivityChange for ETHERNET: DISCONNECTED/DISCONNECTED
01-01 00:00:09.640 D/Nat464Xlat( 1983): requiresClat: netType=9, hasIPv4Address=false
01-01 00:00:09.650 D/CommandListener( 1548): Clearing all IP addresses on eth0
01-01 00:00:09.655 W/ContextImpl( 1983): Calling a method in the system process without a qualified user: android.app.ContextImpl.sendStickyBroadcast:1294 android.net.EthernetDataTracker.sendEthStateChangedBroadcast:108 android.net.EthernetDataTracker.disconnect:234 android.net.EthernetDataTracker$InterfaceObserver.interfaceLinkStateChanged:145 com.android.server.NetworkManagementService.notifyInterfaceLinkStateChanged:263 
01-01 00:00:09.675 W/BroadcastQueue( 1983): Permission Denial: broadcasting Intent { act=android.net.conn.CONNECTIVITY_CHANGE_IMMEDIATE flg=0x4000010 (has extras) } from null (pid=-1, uid=-1) requires android.permission.CONNECTIVITY_INTERNAL due to registered receiver BroadcastFilter{41a2d4e0 u0 ReceiverList{41a2d480 1983 system/1000/u0 local:41a2d268}}
01-01 00:00:09.700 W/BroadcastQueue( 1983): Permission Denial: broadcasting Intent { act=android.net.conn.CONNECTIVITY_CHANGE_IMMEDIATE flg=0x4000010 (has extras) } from null (pid=-1, uid=-1) requires android.permission.CONNECTIVITY_INTERNAL due to registered receiver BroadcastFilter{41a32b28 u0 ReceiverList{41a326b0 1983 system/1000/u0 local:41a32498}}
01-01 00:00:09.755 I/ActivityManager( 1983): Start proc android.process.media for broadcast com.android.providers.media/.MtpReceiver: pid=2116 uid=10002 gids={50002, 1028, 1015, 1023, 1024, 2001, 3003, 3007}
01-01 00:00:09.755 I/ActivityManager( 1983): Config changes=200 {1.0 ?mcc?mnc zh_CN ldltr sw720dp w1280dp h695dp 160dpi xlrg long land -touch -keyb/v/h -nav/h s.4}
01-01 00:00:09.760 W/RecognitionManagerService( 1983): no available voice recognition services found for user 0
01-01 00:00:09.760 W/ContextImpl( 1983): Calling a method in the system process without a qualified user: android.app.ContextImpl.sendBroadcast:1136 com.android.server.usb.UsbSettingsManager.deviceAttached:621 com.android.server.usb.UsbHostManager.usbDeviceAdded:156 com.android.server.usb.UsbHostManager.monitorUsbHostBus:-2 com.android.server.usb.UsbHostManager.access$000:38 
01-01 00:00:09.770 W/InputMethodManagerService( 1983): Ignoring setImeWindowStatus of uid 1000 token: null
01-01 00:00:09.785 D/dalvikvm( 1983): WAIT_FOR_CONCURRENT_GC blocked 6ms
01-01 00:00:09.785 D/dalvikvm( 1983): WAIT_FOR_CONCURRENT_GC blocked 5ms
01-01 00:00:09.810 I/ActivityManager( 1983): Start proc com.android.inputmethod.latin for service com.android.inputmethod.latin/.LatinIME: pid=2133 uid=10013 gids={50013, 1028, 1015, 1023}
01-01 00:00:09.810 V/InputMethodManagerService( 1983): Adding window token: android.os.Binder@41a05c68
01-01 00:00:09.830 I/CommonTimeManagementService( 1983): No common time service detected on this platform.  Common time services will be unavailable.
01-01 00:00:09.830 I/InputReader( 1983): Reconfiguring input devices.  changes=0x00000020
01-01 00:00:09.835 I/InputReader( 1983): Reconfiguring input devices.  changes=0x00000010
01-01 00:00:09.845 I/ActivityManager( 1983): Start proc com.evideo.kcamservice for added application com.evideo.kcamservice: pid=2148 uid=1000 gids={41000, 1028, 1015, 1023, 3002, 3001, 3003, 2001, 1024}
01-01 00:00:09.855 I/ActivityManager( 1983): Start proc com.evideo.recordscreenservice for added application com.evideo.recordscreenservice: pid=2159 uid=1000 gids={41000, 1028, 1015, 1023, 3002, 3001, 3003, 2001, 1024}
01-01 00:00:09.860 I/ActivityManager( 1983): START u0 {act=android.intent.action.MAIN cat=[android.intent.category.HOME] flg=0x10000000 cmp=com.evideo.home/.Home} from pid 0
01-01 00:00:09.885 I/ActivityManager( 1983): Start proc com.evideo.home for activity com.evideo.home/.Home: pid=2176 uid=10021 gids={50021, 3003}
01-01 00:00:09.905 E/BluetoothAdapter( 2042): Bluetooth binder is null
01-01 00:00:09.905 E/BluetoothAdapter( 2042): Bluetooth binder is null
01-01 00:00:09.915 V/KeyguardServiceDelegate( 1983): *** Keyguard connected (yay!)
01-01 00:00:09.915 W/InputMethodManagerService( 1983): Focus gain on non-focused client android.view.inputmethod.InputMethodManager$1@419a8bd0 (uid=1000 pid=1983)
01-01 00:00:09.930 E/BluetoothAdapter( 2042): Bluetooth binder is null
01-01 00:00:10.005 I/LatinIME( 2133): Hardware accelerated drawing: true
01-01 00:00:10.020 V/BackupManagerService( 1983): Connected to transport ComponentInfo{android/com.android.internal.backup.LocalTransportService}
01-01 00:00:10.020 V/BackupManagerService( 1983): Registering transport android/com.android.internal.backup.LocalTransportService::android/com.android.internal.backup.LocalTransport = com.android.internal.backup.LocalTransport@41a12430
01-01 00:00:10.040 E/BluetoothAdapter( 2042): Bluetooth binder is null
01-01 00:00:10.060 I/ActivityManager( 1983): Start proc android.kcam.update.service for broadcast android.kcam.update.service/.KCamUpdateReceiver: pid=2195 uid=1000 gids={41000, 1028, 1015, 1023, 3002, 3001, 3003, 2001, 1024}
01-01 00:00:10.070 W/InputAttributes( 2133): No editor info for this field. Bug?
01-01 00:00:10.075 W/Vibrator( 2133): Failed to vibrate; no vibrator service.
01-01 00:00:10.080 I/ResourceUtils( 2133): Found default value: resource=keypress_vibration_durations build=[HARDWARE=mocha-t5260 MODEL=kcam BRAND=eVideo MANUFACTURER=Star-Net eVideo] default=-1
01-01 00:00:10.080 I/ResourceUtils( 2133): Found default value: resource=keypress_volumes build=[HARDWARE=mocha-t5260 MODEL=kcam BRAND=eVideo MANUFACTURER=Star-Net eVideo] default=-1.0f
01-01 00:00:10.120 I/ActivityManager( 1983): Start proc android.process.acore for content provider com.android.providers.userdictionary/.UserDictionaryProvider: pid=2212 uid=10019 gids={50019}
01-01 00:00:10.130 I/LatinIME:LogUtils( 2133): Dictionary info: dictionary = userunigram.en_US.dict ; version = ? ; date = ?
01-01 00:00:10.130 D/PhoneStatusBar( 2042): disable: < expand icons alerts ticker system_info back home recent clock search >
01-01 00:00:10.155 I/LatinIME:LogUtils( 2133): Dictionary info: dictionary = main:en ; version = 42 ; date = 1381226429
01-01 00:00:10.165 E/BluetoothAdapter( 2042): Bluetooth binder is null
01-01 00:00:10.175 D/PhoneStatusBar( 2042): heads up is disabled
01-01 00:00:10.180 D/PhoneStatusBar( 2042): mSettingsPanelGravity = 8388661
01-01 00:00:10.215 I/        ( 2176): PLATFORM VERSION : JB-MR-2
01-01 00:00:10.215 E/ActivityThread( 2042): Failed to find provider info for com.android.contacts
01-01 00:00:10.230 I/LatinIME:LogUtils( 2133): Dictionary info: dictionary = UserHistoryDictionary.en_US.dic ; version = ? ; date = 1357243210
01-01 00:00:10.240 D/mali_winsys( 2176): new_window_surface returns 0x3000
01-01 00:00:10.245 I/LatinIME:LogUtils( 2133): Dictionary info: dictionary = personalization.en_US.dict ; version = ? ; date = 1356998417
01-01 00:00:10.250 I/LatinIME:LogUtils( 2133): Dictionary info: dictionary = PersonalizationPredictionDictio ; version = ? ; date = 1356998417
01-01 00:00:10.265 D/OpenGLRenderer( 2176): Enabling debug mode 0
01-01 00:00:10.310 I/        ( 2042): PLATFORM VERSION : JB-MR-2
01-01 00:00:10.325 D/mali_winsys( 2042): new_window_surface returns 0x3000
01-01 00:00:10.335 D/OpenGLRenderer( 2042): Enabling debug mode 0
01-01 00:00:10.350 V/KeyguardServiceDelegate( 1983): **** SHOWN CALLED ****
01-01 00:00:10.355 I/ActivityManager( 1983): Displayed com.evideo.home/.Home: +488ms
01-01 00:00:10.455 I/dalvikvm-heap( 2042): Grow heap (frag case) to 13.045MB for 9830416-byte allocation
01-01 00:00:10.540 I/dalvikvm-heap( 2042): Grow heap (frag case) to 19.295MB for 6553616-byte allocation
01-01 00:00:10.555 D/AndroidRuntime( 2252): 
01-01 00:00:10.555 D/AndroidRuntime( 2252): >>>>>> AndroidRuntime START com.android.internal.os.RuntimeInit <<<<<<
01-01 00:00:10.555 D/AndroidRuntime( 2252): CheckJNI is ON
01-01 00:00:10.570 D/dalvikvm( 2252): Trying to load lib libjavacore.so 0x0
01-01 00:00:10.575 D/dalvikvm( 2252): Added shared lib libjavacore.so 0x0
01-01 00:00:10.575 D/mali_winsys( 2042): new_window_surface returns 0x3000
01-01 00:00:10.580 D/dalvikvm( 2252): Trying to load lib libnativehelper.so 0x0
01-01 00:00:10.580 D/dalvikvm( 2252): Added shared lib libnativehelper.so 0x0
01-01 00:00:10.580 D/dalvikvm( 2252): No JNI_OnLoad found in libnativehelper.so 0x0, skipping init
01-01 00:00:10.615 D/dalvikvm( 2252): Note: class Landroid/app/ActivityManagerNative; has 179 unimplemented (abstract) methods
01-01 00:00:10.665 I/SurfaceFlinger( 1550): Boot is finished (7106 ms)
01-01 00:00:10.665 D/SurfaceFlinger( 1550): boot finished. Inform HWC
01-01 00:00:10.665 D/hwcomposer( 1550): Boot Finished
01-01 00:00:10.685 W/Searchables( 1983): No global search activity found
01-01 00:00:10.690 E/BluetoothAdapter( 1983): Bluetooth binder is null
01-01 00:00:10.695 E/BluetoothAdapter( 1983): Bluetooth binder is null
01-01 00:00:10.695 V/WiredAccessoryManager( 1983): init()
01-01 00:00:10.700 I/PowerManagerService( 1983): Boot animation finished.
01-01 00:00:10.710 D/dalvikvm( 2266): Not late-enabling CheckJNI (already on)
01-01 00:00:10.710 I/ActivityManager( 1983): Start proc com.example.kkfactory for broadcast com.example.kkfactory/com.example.receiver.BootReceiver: pid=2266 uid=1000 gids={41000, 1028, 1015, 1023, 3002, 3001, 3003, 2001, 1024}
01-01 00:00:10.720 I/OMXCodec( 1553): Attempting to allocate OMX node 'OMX.google.vorbis.decoder' mime='audio/vorbis'
01-01 00:00:10.740 E/memtrack( 2252): Couldn't load memtrack module (No such file or directory)
01-01 00:00:10.740 E/android.os.Debug( 2252): failed to load memtrack module: -2
01-01 00:00:10.765 I/OMXCodec( 1553): Attempting to allocate OMX node 'OMX.google.vorbis.decoder' mime='audio/vorbis'
01-01 00:00:10.795 D/AndroidRuntime( 2252): Calling main entry com.android.commands.am.Am
01-01 00:00:10.805 I/OMXCodec( 1553): Attempting to allocate OMX node 'OMX.google.vorbis.decoder' mime='audio/vorbis'
01-01 00:00:10.805 I/ActivityManager( 1983): START u0 {flg=0x10000000 cmp=com.evideo.recordscreenservice/.MainActivity} from pid 2252
01-01 00:00:10.820 D/PermissionCache( 1550): checking android.permission.READ_FRAME_BUFFER for uid=1000 => granted (246 us)
01-01 00:00:10.850 I/OMXCodec( 1553): Attempting to allocate OMX node 'OMX.google.vorbis.decoder' mime='audio/vorbis'
01-01 00:00:10.860 D/BootReceiver( 2266): ACTION_BOOT_COMPLETED
01-01 00:00:10.870 D/BootReceiver( 2266): parse factory_config.xml ok
01-01 00:00:10.875 D/BootReceiver( 2266): parse devices:device ok
01-01 00:00:10.875 D/AndroidRuntime( 2252): Shutting down VM
01-01 00:00:10.875 D/BootReceiver( 2266): sd1:/sys/devices/platform/dw_mmc.2/mmc_host/mmc2,/mnt/media_rw/sdcard1
01-01 00:00:10.880 D/BootReceiver( 2266): flash1:/sys/devices/virtual/mtd/mtd9/mtdblock9,/mnt/shell/emulated
01-01 00:00:10.880 D/BootReceiver( 2266): usb1:/sys/devices/platform/s5p-ehci/usb1/1-1/1-1.1,/mnt/media_rw
01-01 00:00:10.885 D/BootReceiver( 2266): usb0:/sys/devices/platform/exynos-dwc3.0/exynos-xhci.0/usb2/2-1,/mnt/media_rw
01-01 00:00:10.890 D/BootReceiver( 2266): usb2:/sys/devices/platform/s5p-ehci/usb1/1-1/1-1.2,/mnt/media_rw
01-01 00:00:10.890 D/BootReceiver( 2266): parse boot_device:usb1 ok
01-01 00:00:10.890 I/RecoverySystem( 1983): No recovery log file
01-01 00:00:10.890 D/BootReceiver( 2266): usb1:/sys/devices/platform/s5p-ehci/usb1/1-1/1-1.1,/mnt/media_rw
01-01 00:00:10.920 I/OMXCodec( 1553): Attempting to allocate OMX node 'OMX.google.vorbis.decoder' mime='audio/vorbis'
01-01 00:00:10.925 I/BootReceiver( 1983): Copying audit failures to DropBox
01-01 00:00:10.925 I/BootReceiver( 1983): Checking for fsck errors
01-01 00:00:10.955 W/ContextImpl( 2159): Calling a method in the system process without a qualified user: android.app.ContextImpl.startService:1492 android.content.ContextWrapper.startService:494 com.evideo.recordscreenservice.MainActivity.onCreate:33 android.app.Activity.performCreate:5231 android.app.Instrumentation.callActivityOnCreate:1087 
01-01 00:00:10.990 I/RtspServer( 2159): ==================Rtsp Server onCreate==================
01-01 00:00:10.995 I/screenrecord( 2159): v1.0 start called
01-01 00:00:11.000 I/RtspServer( 2159): ==================Rtsp Server onStartCommand==================
01-01 00:00:11.005 I/RtspServer( 2159): RTSP server listening on port 8088
01-01 00:00:11.005 I/OMXCodec( 1553): Attempting to allocate OMX node 'OMX.google.vorbis.decoder' mime='audio/vorbis'
01-01 00:00:11.005 I/OMXClient( 2159): Using client-side OMX mux.
01-01 00:00:11.005 I/display ( 1550): [DYNAMIC_RECOMP] HWC_2_GLES by low FPS(3)
01-01 00:00:11.010 D/libexynosv4l2( 1553): try node: /dev/video6
01-01 00:00:11.010 D/libexynosv4l2( 1553): try node: /dev/video7
01-01 00:00:11.010 I/libexynosv4l2( 1553): node found for device s5p-mfc-enc: /dev/video7
01-01 00:00:11.020 I/        ( 2159): PLATFORM VERSION : JB-MR-2
01-01 00:00:11.025 I/libexynosv4l2( 1553): open video device /dev/video7
01-01 00:00:11.035 I/ACodec  ( 2159): setupVideoEncoder succeeded
01-01 00:00:11.040 D/mali_winsys( 2159): new_window_surface returns 0x3000
01-01 00:00:11.050 D/libexynosv4l2( 1553): try node: /dev/video6
01-01 00:00:11.050 D/libexynosv4l2( 1553): try node: /dev/video7
01-01 00:00:11.050 I/libexynosv4l2( 1553): node found for device s5p-mfc-enc: /dev/video7
01-01 00:00:11.055 I/libexynosv4l2( 1553): open video device /dev/video7
01-01 00:00:11.060 D/XYREF5260PowerHAL( 1983): xyref5260_power_hint: 1
01-01 00:00:11.060 D/mali_winsys( 1550): new_window_surface returns 0x3000
01-01 00:00:11.060 D/HWCService( 1550): [DEBUG] virtual int android::ExynosHWCService::setWFDOutputResolution(unsigned int, unsigned int, unsigned int, unsigned int)::width=1280, height=720
01-01 00:00:11.060 I/SurfaceFlinger( 1550): Virtual display is added. width(1280), height(720)
01-01 00:00:11.065 D/OpenGLRenderer( 2159): Enabling debug mode 0
01-01 00:00:11.070 W/MessageQueue( 2116): Handler (android.os.Handler) {418a32a8} sending message to a Handler on a dead thread
01-01 00:00:11.070 W/MessageQueue( 2116): java.lang.RuntimeException: Handler (android.os.Handler) {418a32a8} sending message to a Handler on a dead thread
01-01 00:00:11.070 W/MessageQueue( 2116): 	at android.os.MessageQueue.enqueueMessage(MessageQueue.java:320)
01-01 00:00:11.070 W/MessageQueue( 2116): 	at android.os.Handler.enqueueMessage(Handler.java:626)
01-01 00:00:11.070 W/MessageQueue( 2116): 	at android.os.Handler.sendMessageAtTime(Handler.java:595)
01-01 00:00:11.070 W/MessageQueue( 2116): 	at android.os.Handler.sendMessageDelayed(Handler.java:566)
01-01 00:00:11.070 W/MessageQueue( 2116): 	at android.os.Handler.sendMessage(Handler.java:503)
01-01 00:00:11.070 W/MessageQueue( 2116): 	at android.os.Message.sendToTarget(Message.java:360)
01-01 00:00:11.070 W/MessageQueue( 2116): 	at com.android.providers.downloads.DownloadService.enqueueUpdate(DownloadService.java:203)
01-01 00:00:11.070 W/MessageQueue( 2116): 	at com.android.providers.downloads.DownloadService.access$000(DownloadService.java:71)
01-01 00:00:11.070 W/MessageQueue( 2116): 	at com.android.providers.downloads.DownloadService$DownloadManagerContentObserver.onChange(DownloadService.java:130)
01-01 00:00:11.070 W/MessageQueue( 2116): 	at android.database.ContentObserver.onChange(ContentObserver.java:129)
01-01 00:00:11.070 W/MessageQueue( 2116): 	at android.database.ContentObserver$NotificationRunnable.run(ContentObserver.java:180)
01-01 00:00:11.070 W/MessageQueue( 2116): 	at android.os.Handler.handleCallback(Handler.java:733)
01-01 00:00:11.070 W/MessageQueue( 2116): 	at android.os.Handler.dispatchMessage(Handler.java:95)
01-01 00:00:11.070 W/MessageQueue( 2116): 	at android.os.Looper.loop(Looper.java:136)
01-01 00:00:11.070 W/MessageQueue( 2116): 	at android.app.ActivityThread.main(ActivityThread.java:5017)
01-01 00:00:11.070 W/MessageQueue( 2116): 	at java.lang.reflect.Method.invokeNative(Native Method)
01-01 00:00:11.070 W/MessageQueue( 2116): 	at java.lang.reflect.Method.invoke(Method.java:515)
01-01 00:00:11.070 W/MessageQueue( 2116): 	at com.android.internal.os.ZygoteInit$MethodAndArgsCaller.run(ZygoteInit.java:779)
01-01 00:00:11.070 W/MessageQueue( 2116): 	at com.android.internal.os.ZygoteInit.main(ZygoteInit.java:595)
01-01 00:00:11.070 W/MessageQueue( 2116): 	at dalvik.system.NativeStart.main(Native Method)
01-01 00:00:11.070 I/ActivityManager( 1983): Start proc com.android.onetimeinitializer for broadcast com.android.onetimeinitializer/.OneTimeInitializerReceiver: pid=2340 uid=10005 gids={50005}
01-01 00:00:11.100 I/display ( 1550): [DYNAMIC_RECOMP] GLES_2_HWC by BW check
01-01 00:00:11.110 D/libexynosgscaler( 1553): LibMpp::LibMpp()
01-01 00:00:11.130 V/OneTimeInitializerRece( 2340): OneTimeInitializerReceiver.onReceive
01-01 00:00:11.140 I/ExynosVideoEncoder( 1553): MFC_Encoder_ExtensionDequeue_Outbuf: encoded frame type is = 0
01-01 00:00:11.170 I/MPEG4Writer( 2159): limits: 2147483647/0 bytes/us, bit rate: -1 bps and the estimated moov size 3072 bytes
01-01 00:00:11.200 W/ContextImpl( 2148): Calling a method in the system process without a qualified user: android.app.ContextImpl.startService:1492 android.content.ContextWrapper.startService:494 android.content.ContextWrapper.startService:494 com.evideo.kcamservice.KCamBootReciever.onReceive:11 android.app.ActivityThread.handleReceiver:2419 
01-01 00:00:11.215 I/KCamService( 2148): onCreate
01-01 00:00:11.215 I/KCamService( 2148): Received start id 1: Intent { cmp=com.evideo.kcamservice/.KCamService }
01-01 00:00:11.240 W/ContextImpl( 2195): Implicit intents with startService are not safe: Intent { act=android.kcam.update.service (has extras) } android.content.ContextWrapper.startService:494 android.content.ContextWrapper.startService:494 android.kcam.update.service.KCamUpdateReceiver.onReceive:69 
01-01 00:00:11.240 W/ContextImpl( 2195): Calling a method in the system process without a qualified user: android.app.ContextImpl.startService:1492 android.content.ContextWrapper.startService:494 android.content.ContextWrapper.startService:494 android.kcam.update.service.KCamUpdateReceiver.onReceive:69 android.app.ActivityThread.handleReceiver:2419 
01-01 00:00:11.250 I/LauncherIconVisibilityManager( 2133): Boot has been completed
01-01 00:00:11.250 I/LauncherIconVisibilityManager( 2133): Activity has already been disabled: ComponentInfo{com.android.inputmethod.latin/com.android.inputmethod.latin.setup.SetupActivity}
01-01 00:00:11.255 D/dalvikvm( 2195): No JNI_OnLoad found in /system/lib/libmisc_access.so 0x4186a850, skipping init
01-01 00:00:11.270 I/KCamUpdateService( 2195): JNI_OnLoad
01-01 00:00:11.290 W/ContextImpl( 2195): Implicit intents with startService are not safe: Intent { act=kmbox.intent.action.STORAGEMANAGER } android.content.ContextWrapper.bindService:517 com.evideo.kmbox.service.storagemanager.StorageManagerServiceProxy.bindService:50 android.kcam.update.service.KCamUpdateService.onCreate:244 
01-01 00:00:11.290 W/ContextImpl( 2195): Calling a method in the system process without a qualified user: android.app.ContextImpl.bindService:1556 android.content.ContextWrapper.bindService:517 com.evideo.kmbox.service.storagemanager.StorageManagerServiceProxy.bindService:50 android.kcam.update.service.KCamUpdateService.onCreate:244 android.app.ActivityThread.handleCreateService:2572 
01-01 00:00:11.290 W/ActivityManager( 1983): Unable to start service Intent { act=kmbox.intent.action.STORAGEMANAGER } U=0: not found
01-01 00:00:11.315 I/ActivityManager( 1983): Displayed com.evideo.recordscreenservice/.MainActivity: +438ms
01-01 00:00:11.365 D/AndroidRuntime( 2356): 
01-01 00:00:11.365 D/AndroidRuntime( 2356): >>>>>> AndroidRuntime START com.android.internal.os.RuntimeInit <<<<<<
01-01 00:00:11.370 D/AndroidRuntime( 2356): CheckJNI is ON
01-01 00:00:11.385 D/dalvikvm( 2356): Trying to load lib libjavacore.so 0x0
01-01 00:00:11.385 D/dalvikvm( 2356): Added shared lib libjavacore.so 0x0
01-01 00:00:11.390 D/dalvikvm( 2356): Trying to load lib libnativehelper.so 0x0
01-01 00:00:11.390 D/dalvikvm( 2356): Added shared lib libnativehelper.so 0x0
01-01 00:00:11.390 D/dalvikvm( 2356): No JNI_OnLoad found in libnativehelper.so 0x0, skipping init
01-01 00:00:11.420 D/dalvikvm( 2356): Note: class Landroid/app/ActivityManagerNative; has 179 unimplemented (abstract) methods
01-01 00:00:11.555 E/memtrack( 2356): Couldn't load memtrack module (No such file or directory)
01-01 00:00:11.555 E/android.os.Debug( 2356): failed to load memtrack module: -2
01-01 00:00:11.575 D/XYREF5260PowerHAL( 1983): xyref5260_power_hint: 0
01-01 00:00:11.580 D/XYREF5260PowerHAL( 1983): xyref5260_power_hint: 1
01-01 00:00:11.625 D/AndroidRuntime( 2356): Calling main entry com.android.commands.am.Am
01-01 00:00:11.640 I/ActivityManager( 1983): START u0 {flg=0x10000000 cmp=com.evideo.EvStage/com.evideo.evstageplugin.EvStagePluginActivity} from pid 2356
01-01 00:00:11.680 D/AndroidRuntime( 2356): Shutting down VM
01-01 00:00:11.700 I/ActivityManager( 1983): Start proc com.evideo.EvStage for activity com.evideo.EvStage/com.evideo.evstageplugin.EvStagePluginActivity: pid=2373 uid=1000 gids={41000, 1028, 1015, 1023, 3002, 3001, 3003, 2001, 1024}
01-01 00:00:11.775 I/nativewebcam( 2373): register_uvccamera:
01-01 00:00:11.775 I/EvStagePlugin( 2373): native dir changed from /data/app-lib/EvStage to /data/app-lib/EvStage
01-01 00:00:11.780 D/dalvikvm( 2373): Trying to load lib /data/app-lib/EvStage/libmain.so 0x41865438
01-01 00:00:11.785 D/dalvikvm( 2373): Added shared lib /data/app-lib/EvStage/libmain.so 0x41865438
01-01 00:00:12.010 W/ResourceType( 2373): Invalid package identifier when getting bag for resource number 0x00000000
01-01 00:00:12.025 D/EvStagePlugin( 2373): total 1 devices
01-01 00:00:12.025 D/EvStagePlugin( 2373): found /dev/bus/usb/001/003; 3034:33106, 0
01-01 00:00:12.025 E/usb device( 2373): no usb webcam device
01-01 00:00:12.090 I/        ( 2373): PLATFORM VERSION : JB-MR-2
01-01 00:00:12.105 D/mali_winsys( 2373): new_window_surface returns 0x3000
01-01 00:00:12.130 D/OpenGLRenderer( 2373): Enabling debug mode 0
01-01 00:00:12.370 I/ActivityManager( 1983): Displayed com.evideo.EvStage/com.evideo.evstageplugin.EvStagePluginActivity: +690ms
01-01 00:00:12.445 D/Tethering( 1983): MasterInitialState.processMessage what=3
01-01 00:00:12.445 D/CaptivePortalTracker( 1983): NoActiveNetworkState{ when=0 what=1 obj=NetworkInfo: type: ETHERNET[], state: DISCONNECTED/DISCONNECTED, reason: (unspecified), extra: c4:09:38:ec:dd:56, roaming: false, failover: false, isAvailable: false, isConnectedToProvisioningNetwork: false target=com.android.internal.util.StateMachine$SmHandler }
01-01 00:00:12.445 D/CaptivePortalTracker( 1983): NoActiveNetworkState not a wifi connectivity change, ignore
01-01 00:00:12.650 D/Tethering( 1983): MasterInitialState.processMessage what=3
01-01 00:00:12.650 D/CaptivePortalTracker( 1983): NoActiveNetworkState{ when=0 what=1 obj=NetworkInfo: type: ETHERNET[], state: DISCONNECTED/DISCONNECTED, reason: (unspecified), extra: c4:09:38:ec:dd:56, roaming: false, failover: false, isAvailable: false, isConnectedToProvisioningNetwork: false target=com.android.internal.util.StateMachine$SmHandler }
01-01 00:00:12.650 D/CaptivePortalTracker( 1983): NoActiveNetworkState not a wifi connectivity change, ignore
01-01 00:00:12.660 W/MediaScanner( 2116): Error opening directory '/storage/sdcard1/', skipping: Permission denied.
01-01 00:00:12.660 W/MediaScanner( 2116): Error opening directory '/storage/usb1/', skipping: Permission denied.
01-01 00:00:12.660 W/MediaScanner( 2116): Error opening directory '/storage/usb2/', skipping: Permission denied.
01-01 00:00:12.670 V/MediaScanner( 2116): pruneDeadThumbnailFiles... android.database.sqlite.SQLiteCursor@418bbc38
01-01 00:00:12.675 V/MediaScanner( 2116): /pruneDeadThumbnailFiles... android.database.sqlite.SQLiteCursor@418bbc38
01-01 00:00:12.690 D/XYREF5260PowerHAL( 1983): xyref5260_power_hint: 0
01-01 00:00:12.750 D/mali_winsys( 2373): new_window_surface returns 0x3000
01-01 00:00:12.760 D/Unity   ( 2373):  GL_ARM_rgba8 GL_ARM_mali_shader_binary GL_OES_depth24 GL_OES_depth_texture GL_OES_depth_texture_cube_map GL_OES_packed_depth_stencil GL_OES_rgb8_rgba8 GL_EXT_read_format_bgra GL_OES_compressed_paletted_texture GL_OES_compressed_ETC1_RGB8_texture GL_OES_standard_derivatives GL_OES_EGL_image GL_OES_EGL_image_external GL_OES_EGL_sync GL_OES_texture_npot GL_OES_vertex_half_float GL_OES_required_internalformat GL_OES_vertex_array_object GL_OES_mapbuffer GL_EXT_texture_format_BGRA8888 GL_EXT_texture_rg GL_EXT_texture_type_2_10_10_10_REV GL_OES_fbo_render_mipmap GL_OES_element_index_uint GL_EXT_shadow_samplers GL_KHR_texture_compression_astc_ldr GL_KHR_debug GL_EXT_occlusion_query_boolean GL_EXT_blend_minmax GL_EXT_discard_framebuffer GL_OES_get_program_binary GL_OES_texture_3D GL_EXT_texture_storage GL_EXT_multisampled_render_to_texture GL_OES_surfaceless_context GL_ARM_mali_program_binary
01-01 00:00:12.835 W/ActivityThread( 2373): ClassLoader.loadClass: The class loader returned by Thread.getContextClassLoader() may fail for processes that host multiple applications. You should explicitly specify a context class loader. For example: Thread.setContextClassLoader(getClass().getClassLoader());
01-01 00:00:12.840 W/libc    ( 2373): pthread_create sched_setscheduler call failed: Operation not permitted
01-01 00:00:12.850 D/audio_hw_primary( 1553): Device:2, period_size:1024
01-01 00:00:12.850 D/audio_hw_primary( 1553): get_input_source_id();  src=0
01-01 00:00:12.850 E/audio_hw_primary( 1553): select_devices() devices 0x2 input src 0 output route media-speaker input route none
01-01 00:00:12.850 E/audio_hw_primary( 1553): unable to find path 'media-speaker'
01-01 00:00:14.040 D/DecodeInterface( 2373): init
01-01 00:00:14.050 I/dalvikvm-heap( 2373): Grow heap (frag case) to 4.360MB for 1382416-byte allocation
01-01 00:00:14.060 I/DecodeThread( 2373): ====  68 ===== 69 ==== 70
01-01 00:00:14.070 D/DecodeInterface( 2373): getTextureID
01-01 00:00:14.070 D/DecodeInterface( 2373): getTextureWidth
01-01 00:00:14.070 D/DecodeInterface( 2373): getTextureHeight
01-01 00:00:14.075 D/DecodeInterface( 2373): getTextureID
01-01 00:00:14.075 D/DecodeInterface( 2373): getTextureWidth
01-01 00:00:14.075 D/DecodeInterface( 2373): getTextureHeight
01-01 00:00:14.075 D/DecodeInterface( 2373): getTextureID
01-01 00:00:14.075 D/DecodeInterface( 2373): getTextureWidth
01-01 00:00:14.075 D/DecodeInterface( 2373): getTextureHeight
01-01 00:00:14.075 I/Unity   ( 2373): play :/system/sdcard/VideoSource/bg2.mp4
01-01 00:00:14.075 I/Unity   ( 2373):  
01-01 00:00:14.075 I/Unity   ( 2373): (Filename: ./artifacts/generated/common/runtime/UnityEngineDebugBindings.gen.cpp Line: 65)
01-01 00:00:14.075 I/Unity   ( 2373): 
01-01 00:00:14.075 D/DecodeInterface( 2373): setLoop
01-01 00:00:14.080 D/DecodeInterface( 2373): play
01-01 00:00:14.085 I/pxtr_util( 2373): =============PRESTOMEDIA MODULE VERSION=============
01-01 00:00:14.085 I/pxtr_util( 2373):              MAJOR_VERSION #: 4
01-01 00:00:14.085 I/pxtr_util( 2373):              MINOR_VERSION #: 4
01-01 00:00:14.085 I/pxtr_util( 2373):              BUILD_NUMBER  #: 8983
01-01 00:00:14.085 I/pxtr_util( 2373):            BUILD_TIME    #: 01/2014/09 11:09:10
01-01 00:00:14.090 I/OMXClient( 2373): Using client-side OMX mux.
01-01 00:00:14.095 D/libexynosv4l2( 1553): try node: /dev/video6
01-01 00:00:14.095 I/libexynosv4l2( 1553): node found for device s5p-mfc-dec: /dev/video6
01-01 00:00:14.095 I/libexynosv4l2( 1553): open video device /dev/video6
01-01 00:00:14.105 D/libexynosv4l2( 1553): try node: /dev/video6
01-01 00:00:14.105 I/libexynosv4l2( 1553): node found for device s5p-mfc-dec: /dev/video6
01-01 00:00:14.105 I/libexynosv4l2( 1553): open video device /dev/video6
01-01 00:00:14.110 E/libexynosv4l2( 1553): failed to ioctl: VIDIOC_S_CTRL (22)
01-01 00:00:14.110 E/EXYNOS_H264_DEC( 1553): Failed to set buffer process type(not supported)
01-01 00:00:14.165 D/DecodeThread( 2373): New format {height=720, what=1869968451, color-format=19, slice-height=720, crop-left=0, width=1280, crop-bottom=719, crop-top=0, mime=video/raw, stride=1280, crop-right=1279}
01-01 00:00:14.270 I/nativewebcam( 2373): deviceType 11, eventType 0
01-01 00:00:14.275 I/Unity   ( 2373): WebCamera Start
01-01 00:00:14.275 I/Unity   ( 2373):  
01-01 00:00:14.275 I/Unity   ( 2373): (Filename: ./artifacts/generated/common/runtime/UnityEngineDebugBindings.gen.cpp Line: 65)
01-01 00:00:14.275 I/Unity   ( 2373): 
01-01 00:00:14.655 E/Unity   ( 2373): xml load error, rebuild it
01-01 00:00:14.655 E/Unity   ( 2373):  
01-01 00:00:14.655 E/Unity   ( 2373): (Filename: ./artifacts/generated/common/runtime/UnityEngineDebugBindings.gen.cpp Line: 65)
01-01 00:00:14.655 E/Unity   ( 2373): 
01-01 00:00:14.935 I/Unity   ( 2373): begin read firmware version
01-01 00:00:14.935 I/Unity   ( 2373):  
01-01 00:00:14.935 I/Unity   ( 2373): (Filename: ./artifacts/generated/common/runtime/UnityEngineDebugBindings.gen.cpp Line: 65)
01-01 00:00:14.935 I/Unity   ( 2373): 
01-01 00:00:14.935 I/nativewebcam( 2373): getFirmwareVersion: kcam 0.1.25.1
01-01 00:00:14.975 I/nativewebcam( 2373): GetNativeTexture idx 0
01-01 00:00:14.975 I/nativewebcam( 2373): GetNativeTexture idx 1
01-01 00:00:14.975 I/nativewebcam( 2373): GetNativeTexture idx 2
01-01 00:00:15.020 I/Unity   ( 2373): current stage is: Stage1; 1
01-01 00:00:15.020 I/Unity   ( 2373):  
01-01 00:00:15.020 I/Unity   ( 2373): (Filename: ./artifacts/generated/common/runtime/UnityEngineDebugBindings.gen.cpp Line: 65)
01-01 00:00:15.020 I/Unity   ( 2373): 
01-01 00:00:15.025 I/Unity   ( 2373): MovieClip start
01-01 00:00:15.025 I/Unity   ( 2373):  
01-01 00:00:15.025 I/Unity   ( 2373): (Filename: ./artifacts/generated/common/runtime/UnityEngineDebugBindings.gen.cpp Line: 65)
01-01 00:00:15.025 I/Unity   ( 2373): 
01-01 00:00:15.035 I/nativewebcam( 2373): getFirmwareVersion: kcam 0.1.25.1
01-01 00:00:15.035 I/Unity   ( 2373): Stage1Control start
01-01 00:00:15.035 I/Unity   ( 2373):  
01-01 00:00:15.035 I/Unity   ( 2373): (Filename: ./artifacts/generated/common/runtime/UnityEngineDebugBindings.gen.cpp Line: 65)
01-01 00:00:15.035 I/Unity   ( 2373): 
01-01 00:00:15.055 D/DecodeInterface( 2373): stop
01-01 00:00:15.095 W/libexynosv4l2( 1553): failed to ioctl: VIDIOC_DQBUF (22 - Invalid argument)
01-01 00:00:15.120 I/Unity   ( 2373): play :/system/sdcard/VideoSource/bg2.mp4
01-01 00:00:15.120 I/Unity   ( 2373):  
01-01 00:00:15.120 I/Unity   ( 2373): (Filename: ./artifacts/generated/common/runtime/UnityEngineDebugBindings.gen.cpp Line: 65)
01-01 00:00:15.120 I/Unity   ( 2373): 
01-01 00:00:15.120 D/DecodeInterface( 2373): setLoop
01-01 00:00:15.120 D/DecodeInterface( 2373): play
01-01 00:00:15.125 I/OMXClient( 2373): Using client-side OMX mux.
01-01 00:00:15.125 D/libexynosv4l2( 1553): try node: /dev/video6
01-01 00:00:15.125 I/libexynosv4l2( 1553): node found for device s5p-mfc-dec: /dev/video6
01-01 00:00:15.125 I/libexynosv4l2( 1553): open video device /dev/video6
01-01 00:00:15.135 D/libexynosv4l2( 1553): try node: /dev/video6
01-01 00:00:15.135 I/libexynosv4l2( 1553): node found for device s5p-mfc-dec: /dev/video6
01-01 00:00:15.135 I/libexynosv4l2( 1553): open video device /dev/video6
01-01 00:00:15.140 E/libexynosv4l2( 1553): failed to ioctl: VIDIOC_S_CTRL (22)
01-01 00:00:15.140 E/EXYNOS_H264_DEC( 1553): Failed to set buffer process type(not supported)
01-01 00:00:15.190 D/DecodeThread( 2373): New format {height=720, what=1869968451, color-format=19, slice-height=720, crop-left=0, width=1280, crop-bottom=719, crop-top=0, mime=video/raw, stride=1280, crop-right=1279}
01-01 00:00:26.115 W/libexynosv4l2( 1553): failed to ioctl: VIDIOC_DQBUF (22 - Invalid argument)
01-01 00:00:26.250 I/ActivityManager( 1983): Waited long enough for: ServiceRecord{419a44d8 u0 android.kcam.update.service/.KCamUpdateService}
01-01 00:00:37.055 W/libexynosv4l2( 1553): failed to ioctl: VIDIOC_DQBUF (22 - Invalid argument)
01-01 00:00:40.895 D/BootReceiver( 2266): usb1be not mounted.use internal section_burnning node
01-01 00:00:40.895 D/BootReceiver( 2266): find section_burnning node ok
01-01 00:00:40.900 D/BootReceiver( 2266): find section_burnning's id:net
01-01 00:00:40.900 D/BootReceiver( 2266): burnning from:net
01-01 00:00:40.900 D/BootReceiver( 2266): find net's file:factory.mpg ok
01-01 00:00:40.930 W/ActivityThread( 2266): ClassLoader.loadClass: The class loader returned by Thread.getContextClassLoader() may fail for processes that host multiple applications. You should explicitly specify a context class loader. For example: Thread.setContextClassLoader(getClass().getClassLoader());
01-01 00:00:41.035 E/ItemsNetWork( 2266): checkFile http://192.168.12.104/factory.mpg fail. 
01-01 00:00:41.045 E/ItemsNetWork( 2266): org.apache.http.conn.HttpHostConnectException: Connection to http://192.168.12.104 refused
01-01 00:00:41.045 E/ItemsNetWork( 2266): 	at org.apache.http.impl.conn.DefaultClientConnectionOperator.openConnection(DefaultClientConnectionOperator.java:183)
01-01 00:00:41.045 E/ItemsNetWork( 2266): 	at org.apache.http.impl.conn.AbstractPoolEntry.open(AbstractPoolEntry.java:164)
01-01 00:00:41.045 E/ItemsNetWork( 2266): 	at org.apache.http.impl.conn.AbstractPooledConnAdapter.open(AbstractPooledConnAdapter.java:119)
01-01 00:00:41.045 E/ItemsNetWork( 2266): 	at org.apache.http.impl.client.DefaultRequestDirector.execute(DefaultRequestDirector.java:360)
01-01 00:00:41.050 E/ItemsNetWork( 2266): 	at org.apache.http.impl.client.AbstractHttpClient.execute(AbstractHttpClient.java:555)
01-01 00:00:41.050 E/ItemsNetWork( 2266): 	at org.apache.http.impl.client.AbstractHttpClient.execute(AbstractHttpClient.java:487)
01-01 00:00:41.050 E/ItemsNetWork( 2266): 	at org.apache.http.impl.client.AbstractHttpClient.execute(AbstractHttpClient.java:465)
01-01 00:00:41.050 E/ItemsNetWork( 2266): 	at com.example.items.ItemsNetWork.checkFile(ItemsNetWork.java:85)
01-01 00:00:41.055 E/ItemsNetWork( 2266): 	at com.example.receiver.BootReceiver$1.run(BootReceiver.java:403)
01-01 00:00:41.055 E/ItemsNetWork( 2266): 	at java.lang.Thread.run(Thread.java:841)
01-01 00:00:41.055 E/ItemsNetWork( 2266): Caused by: java.net.ConnectException: failed to connect to /192.168.12.104 (port 80) after 3000ms: connect failed: ENETUNREACH (Network is unreachable)
01-01 00:00:41.055 E/ItemsNetWork( 2266): 	at libcore.io.IoBridge.connect(IoBridge.java:114)
01-01 00:00:41.055 E/ItemsNetWork( 2266): 	at java.net.PlainSocketImpl.connect(PlainSocketImpl.java:192)
01-01 00:00:41.060 E/ItemsNetWork( 2266): 	at java.net.PlainSocketImpl.connect(PlainSocketImpl.java:459)
01-01 00:00:41.060 E/ItemsNetWork( 2266): 	at java.net.Socket.connect(Socket.java:843)
01-01 00:00:41.060 E/ItemsNetWork( 2266): 	at org.apache.http.conn.scheme.PlainSocketFactory.connectSocket(PlainSocketFactory.java:119)
01-01 00:00:41.065 E/ItemsNetWork( 2266): 	at org.apache.http.impl.conn.DefaultClientConnectionOperator.openConnection(DefaultClientConnectionOperator.java:144)
01-01 00:00:41.065 E/ItemsNetWork( 2266): 	... 9 more
01-01 00:00:41.065 E/ItemsNetWork( 2266): Caused by: libcore.io.ErrnoException: connect failed: ENETUNREACH (Network is unreachable)
01-01 00:00:41.065 E/ItemsNetWork( 2266): 	at libcore.io.Posix.connect(Native Method)
01-01 00:00:41.065 E/ItemsNetWork( 2266): 	at libcore.io.BlockGuardOs.connect(BlockGuardOs.java:85)
01-01 00:00:41.065 E/ItemsNetWork( 2266): 	at libcore.io.IoBridge.connectErrno(IoBridge.java:144)
01-01 00:00:41.065 E/ItemsNetWork( 2266): 	at libcore.io.IoBridge.connect(IoBridge.java:112)
01-01 00:00:41.070 E/ItemsNetWork( 2266): 	... 14 more
01-01 00:00:42.080 E/ItemsNetWork( 2266): checkFile http://192.168.12.104/factory.mpg fail. 
01-01 00:00:42.090 E/ItemsNetWork( 2266): org.apache.http.conn.HttpHostConnectException: Connection to http://192.168.12.104 refused
01-01 00:00:42.095 E/ItemsNetWork( 2266): 	at org.apache.http.impl.conn.DefaultClientConnectionOperator.openConnection(DefaultClientConnectionOperator.java:183)
01-01 00:00:42.095 E/ItemsNetWork( 2266): 	at org.apache.http.impl.conn.AbstractPoolEntry.open(AbstractPoolEntry.java:164)
01-01 00:00:42.095 E/ItemsNetWork( 2266): 	at org.apache.http.impl.conn.AbstractPooledConnAdapter.open(AbstractPooledConnAdapter.java:119)
01-01 00:00:42.100 E/ItemsNetWork( 2266): 	at org.apache.http.impl.client.DefaultRequestDirector.execute(DefaultRequestDirector.java:360)
01-01 00:00:42.100 E/ItemsNetWork( 2266): 	at org.apache.http.impl.client.AbstractHttpClient.execute(AbstractHttpClient.java:555)
01-01 00:00:42.100 E/ItemsNetWork( 2266): 	at org.apache.http.impl.client.AbstractHttpClient.execute(AbstractHttpClient.java:487)
01-01 00:00:42.100 E/ItemsNetWork( 2266): 	at org.apache.http.impl.client.AbstractHttpClient.execute(AbstractHttpClient.java:465)
01-01 00:00:42.105 E/ItemsNetWork( 2266): 	at com.example.items.ItemsNetWork.checkFile(ItemsNetWork.java:85)
01-01 00:00:42.105 E/ItemsNetWork( 2266): 	at com.example.receiver.BootReceiver$1.run(BootReceiver.java:403)
01-01 00:00:42.105 E/ItemsNetWork( 2266): 	at java.lang.Thread.run(Thread.java:841)
01-01 00:00:42.105 E/ItemsNetWork( 2266): Caused by: java.net.ConnectException: failed to connect to /192.168.12.104 (port 80) after 3000ms: connect failed: ENETUNREACH (Network is unreachable)
01-01 00:00:42.110 E/ItemsNetWork( 2266): 	at libcore.io.IoBridge.connect(IoBridge.java:114)
01-01 00:00:42.110 E/ItemsNetWork( 2266): 	at java.net.PlainSocketImpl.connect(PlainSocketImpl.java:192)
01-01 00:00:42.115 E/ItemsNetWork( 2266): 	at java.net.PlainSocketImpl.connect(PlainSocketImpl.java:459)
01-01 00:00:42.115 E/ItemsNetWork( 2266): 	at java.net.Socket.connect(Socket.java:843)
01-01 00:00:42.115 E/ItemsNetWork( 2266): 	at org.apache.http.conn.scheme.PlainSocketFactory.connectSocket(PlainSocketFactory.java:119)
01-01 00:00:42.120 E/ItemsNetWork( 2266): 	at org.apache.http.impl.conn.DefaultClientConnectionOperator.openConnection(DefaultClientConnectionOperator.java:144)
01-01 00:00:42.120 E/ItemsNetWork( 2266): 	... 9 more
01-01 00:00:42.120 E/ItemsNetWork( 2266): Caused by: libcore.io.ErrnoException: connect failed: ENETUNREACH (Network is unreachable)
01-01 00:00:42.125 E/ItemsNetWork( 2266): 	at libcore.io.Posix.connect(Native Method)
01-01 00:00:42.125 E/ItemsNetWork( 2266): 	at libcore.io.BlockGuardOs.connect(BlockGuardOs.java:85)
01-01 00:00:42.125 E/ItemsNetWork( 2266): 	at libcore.io.IoBridge.connectErrno(IoBridge.java:144)
01-01 00:00:42.130 E/ItemsNetWork( 2266): 	at libcore.io.IoBridge.connect(IoBridge.java:112)
01-01 00:00:42.130 E/ItemsNetWork( 2266): 	... 14 more
01-01 00:00:44.135 E/ItemsNetWork( 2266): checkFile http://192.168.12.104/factory.mpg fail. 
01-01 00:00:44.145 E/ItemsNetWork( 2266): org.apache.http.conn.HttpHostConnectException: Connection to http://192.168.12.104 refused
01-01 00:00:44.155 E/ItemsNetWork( 2266): 	at org.apache.http.impl.conn.DefaultClientConnectionOperator.openConnection(DefaultClientConnectionOperator.java:183)
01-01 00:00:44.155 E/ItemsNetWork( 2266): 	at org.apache.http.impl.conn.AbstractPoolEntry.open(AbstractPoolEntry.java:164)
01-01 00:00:44.160 E/ItemsNetWork( 2266): 	at org.apache.http.impl.conn.AbstractPooledConnAdapter.open(AbstractPooledConnAdapter.java:119)
01-01 00:00:44.160 E/ItemsNetWork( 2266): 	at org.apache.http.impl.client.DefaultRequestDirector.execute(DefaultRequestDirector.java:360)
01-01 00:00:44.165 E/ItemsNetWork( 2266): 	at org.apache.http.impl.client.AbstractHttpClient.execute(AbstractHttpClient.java:555)
01-01 00:00:44.165 E/ItemsNetWork( 2266): 	at org.apache.http.impl.client.AbstractHttpClient.execute(AbstractHttpClient.java:487)
01-01 00:00:44.165 E/ItemsNetWork( 2266): 	at org.apache.http.impl.client.AbstractHttpClient.execute(AbstractHttpClient.java:465)
01-01 00:00:44.165 E/ItemsNetWork( 2266): 	at com.example.items.ItemsNetWork.checkFile(ItemsNetWork.java:85)
01-01 00:00:44.170 E/ItemsNetWork( 2266): 	at com.example.receiver.BootReceiver$1.run(BootReceiver.java:403)
01-01 00:00:44.170 E/ItemsNetWork( 2266): 	at java.lang.Thread.run(Thread.java:841)
01-01 00:00:44.170 E/ItemsNetWork( 2266): Caused by: java.net.ConnectException: failed to connect to /192.168.12.104 (port 80) after 3000ms: connect failed: ENETUNREACH (Network is unreachable)
01-01 00:00:44.170 E/ItemsNetWork( 2266): 	at libcore.io.IoBridge.connect(IoBridge.java:114)
01-01 00:00:44.170 E/ItemsNetWork( 2266): 	at java.net.PlainSocketImpl.connect(PlainSocketImpl.java:192)
01-01 00:00:44.170 E/ItemsNetWork( 2266): 	at java.net.PlainSocketImpl.connect(PlainSocketImpl.java:459)
01-01 00:00:44.175 E/ItemsNetWork( 2266): 	at java.net.Socket.connect(Socket.java:843)
01-01 00:00:44.175 E/ItemsNetWork( 2266): 	at org.apache.http.conn.scheme.PlainSocketFactory.connectSocket(PlainSocketFactory.java:119)
01-01 00:00:44.175 E/ItemsNetWork( 2266): 	at org.apache.http.impl.conn.DefaultClientConnectionOperator.openConnection(DefaultClientConnectionOperator.java:144)
01-01 00:00:44.175 E/ItemsNetWork( 2266): 	... 9 more
01-01 00:00:44.175 E/ItemsNetWork( 2266): Caused by: libcore.io.ErrnoException: connect failed: ENETUNREACH (Network is unreachable)
01-01 00:00:44.180 E/ItemsNetWork( 2266): 	at libcore.io.Posix.connect(Native Method)
01-01 00:00:44.185 E/ItemsNetWork( 2266): 	at libcore.io.BlockGuardOs.connect(BlockGuardOs.java:85)
01-01 00:00:44.185 E/ItemsNetWork( 2266): 	at libcore.io.IoBridge.connectErrno(IoBridge.java:144)
01-01 00:00:44.190 E/ItemsNetWork( 2266): 	at libcore.io.IoBridge.connect(IoBridge.java:112)
01-01 00:00:44.195 E/ItemsNetWork( 2266): 	... 14 more
01-01 00:00:47.200 I/AndroidRuntime( 2266): VM exiting with result code 0, cleanup skipped.
01-01 00:00:47.215 I/ActivityManager( 1983): Process com.example.kkfactory (pid 2266) has died.
01-01 00:00:47.990 W/libexynosv4l2( 1553): failed to ioctl: VIDIOC_DQBUF (22 - Invalid argument)
01-01 00:00:58.945 W/libexynosv4l2( 1553): failed to ioctl: VIDIOC_DQBUF (22 - Invalid argument)
01-01 00:01:09.885 W/libexynosv4l2( 1553): failed to ioctl: VIDIOC_DQBUF (22 - Invalid argument)
01-01 00:01:20.825 W/libexynosv4l2( 1553): failed to ioctl: VIDIOC_DQBUF (22 - Invalid argument)
01-01 00:01:31.755 W/libexynosv4l2( 1553): failed to ioctl: VIDIOC_DQBUF (22 - Invalid argument)
01-01 00:01:42.725 W/libexynosv4l2( 1553): failed to ioctl: VIDIOC_DQBUF (22 - Invalid argument)
01-01 00:01:53.665 W/libexynosv4l2( 1553): failed to ioctl: VIDIOC_DQBUF (22 - Invalid argument)
01-01 00:02:04.600 W/libexynosv4l2( 1553): failed to ioctl: VIDIOC_DQBUF (22 - Invalid argument)
01-01 00:02:15.500 W/libexynosv4l2( 1553): failed to ioctl: VIDIOC_DQBUF (22 - Invalid argument)
01-01 00:02:26.430 W/libexynosv4l2( 1553): failed to ioctl: VIDIOC_DQBUF (22 - Invalid argument)
01-01 00:02:37.435 W/libexynosv4l2( 1553): failed to ioctl: VIDIOC_DQBUF (22 - Invalid argument)
01-01 00:02:48.370 W/libexynosv4l2( 1553): failed to ioctl: VIDIOC_DQBUF (22 - Invalid argument)
01-01 00:02:59.295 W/libexynosv4l2( 1553): failed to ioctl: VIDIOC_DQBUF (22 - Invalid argument)
01-01 00:02:59.305 W/libexynosv4l2( 1553): failed to ioctl: VIDIOC_DQBUF (22 - Invalid argument)
01-01 00:03:09.210 D/dalvikvm( 2159): WAIT_FOR_CONCURRENT_GC blocked 2ms
01-01 00:03:10.195 W/libexynosv4l2( 1553): failed to ioctl: VIDIOC_DQBUF (22 - Invalid argument)
01-01 00:03:20.395 D/dalvikvm( 2159): WAIT_FOR_CONCURRENT_GC blocked 5ms
01-01 00:03:21.135 W/libexynosv4l2( 1553): failed to ioctl: VIDIOC_DQBUF (22 - Invalid argument)
01-01 00:03:32.020 W/libexynosv4l2( 1553): failed to ioctl: VIDIOC_DQBUF (22 - Invalid argument)
01-01 00:03:42.965 W/libexynosv4l2( 1553): failed to ioctl: VIDIOC_DQBUF (22 - Invalid argument)
01-01 00:03:53.910 W/libexynosv4l2( 1553): failed to ioctl: VIDIOC_DQBUF (22 - Invalid argument)
